<!doctype html public "-//w3c//dtd html 4.0 transitional//en">
<html><head>
<title>Static Call Graph - [.\output\Farming_app_debug.axf]</title></head>
<body><HR>
<H1>Static Call Graph for image .\output\Farming_app_debug.axf</H1><HR>
<BR><P>#&#060CALLGRAPH&#062# ARM Linker, 5060422: Last Updated: Sun Mar 12 15:43:40 2017
<BR><P>
<H3>Maximum Stack Usage =        412 bytes + Unknown(Functions without stacksize, Cycles, Untraceable Function Pointers)</H3><H3>
Call chain for Maximum Stack Depth:</H3>
cmd_handler_end_upgrade &rArr; MD5Final &rArr; MD5Update &rArr; MD5Transform &rArr; MD5Decode
<P>
<H3>
Functions with no stack information
</H3><UL>
 <LI><a href="#[205]">__user_initial_stackheap</a>
 <LI><a href="#[128]">CPU_SR_Save</a>
 <LI><a href="#[12a]">CPU_SR_Restore</a>
</UL>
</UL>
<P>
<H3>
Mutually Recursive functions
</H3> <LI><a href="#[6]">NMI_Handler</a>&nbsp;&nbsp;&nbsp;&rArr;&nbsp;&nbsp;&nbsp;<a href="#[6]">NMI_Handler</a><BR>
 <LI><a href="#[7]">HardFault_Handler</a>&nbsp;&nbsp;&nbsp;&rArr;&nbsp;&nbsp;&nbsp;<a href="#[7]">HardFault_Handler</a><BR>
 <LI><a href="#[8]">MemManage_Handler</a>&nbsp;&nbsp;&nbsp;&rArr;&nbsp;&nbsp;&nbsp;<a href="#[8]">MemManage_Handler</a><BR>
 <LI><a href="#[9]">BusFault_Handler</a>&nbsp;&nbsp;&nbsp;&rArr;&nbsp;&nbsp;&nbsp;<a href="#[9]">BusFault_Handler</a><BR>
 <LI><a href="#[a]">UsageFault_Handler</a>&nbsp;&nbsp;&nbsp;&rArr;&nbsp;&nbsp;&nbsp;<a href="#[a]">UsageFault_Handler</a><BR>
 <LI><a href="#[b]">SVC_Handler</a>&nbsp;&nbsp;&nbsp;&rArr;&nbsp;&nbsp;&nbsp;<a href="#[b]">SVC_Handler</a><BR>
 <LI><a href="#[c]">DebugMon_Handler</a>&nbsp;&nbsp;&nbsp;&rArr;&nbsp;&nbsp;&nbsp;<a href="#[c]">DebugMon_Handler</a><BR>
 <LI><a href="#[d]">PendSV_Handler</a>&nbsp;&nbsp;&nbsp;&rArr;&nbsp;&nbsp;&nbsp;<a href="#[d]">PendSV_Handler</a><BR>
 <LI><a href="#[e]">SysTick_Handler</a>&nbsp;&nbsp;&nbsp;&rArr;&nbsp;&nbsp;&nbsp;<a href="#[e]">SysTick_Handler</a><BR>
 <LI><a href="#[25]">ADC_IRQHandler</a>&nbsp;&nbsp;&nbsp;&rArr;&nbsp;&nbsp;&nbsp;<a href="#[25]">ADC_IRQHandler</a><BR>
</UL>
<P>
<H3>
Function Pointers
</H3><UL>
 <LI><a href="#[25]">ADC_IRQHandler</a> from startup_lpc17xx.o(.text) referenced from startup_lpc17xx.o(RESET)
 <LI><a href="#[26]">BOD_IRQHandler</a> from startup_lpc17xx.o(.text) referenced from startup_lpc17xx.o(RESET)
 <LI><a href="#[9]">BusFault_Handler</a> from startup_lpc17xx.o(.text) referenced from startup_lpc17xx.o(RESET)
 <LI><a href="#[31]">CANActivity_IRQHandler</a> from startup_lpc17xx.o(.text) referenced from startup_lpc17xx.o(RESET)
 <LI><a href="#[28]">CAN_IRQHandler</a> from can_hw.o(.text) referenced from startup_lpc17xx.o(RESET)
 <LI><a href="#[29]">DMA_IRQHandler</a> from startup_lpc17xx.o(.text) referenced from startup_lpc17xx.o(RESET)
 <LI><a href="#[c]">DebugMon_Handler</a> from startup_lpc17xx.o(.text) referenced from startup_lpc17xx.o(RESET)
 <LI><a href="#[21]">EINT0_IRQHandler</a> from startup_lpc17xx.o(.text) referenced from startup_lpc17xx.o(RESET)
 <LI><a href="#[22]">EINT1_IRQHandler</a> from startup_lpc17xx.o(.text) referenced from startup_lpc17xx.o(RESET)
 <LI><a href="#[23]">EINT2_IRQHandler</a> from startup_lpc17xx.o(.text) referenced from startup_lpc17xx.o(RESET)
 <LI><a href="#[24]">EINT3_IRQHandler</a> from user_interrupt.o(.text) referenced from startup_lpc17xx.o(RESET)
 <LI><a href="#[2b]">ENET_IRQHandler</a> from startup_lpc17xx.o(.text) referenced from startup_lpc17xx.o(RESET)
 <LI><a href="#[7]">HardFault_Handler</a> from startup_lpc17xx.o(.text) referenced from startup_lpc17xx.o(RESET)
 <LI><a href="#[19]">I2C0_IRQHandler</a> from startup_lpc17xx.o(.text) referenced from startup_lpc17xx.o(RESET)
 <LI><a href="#[1a]">I2C1_IRQHandler</a> from startup_lpc17xx.o(.text) referenced from startup_lpc17xx.o(RESET)
 <LI><a href="#[1b]">I2C2_IRQHandler</a> from startup_lpc17xx.o(.text) referenced from startup_lpc17xx.o(RESET)
 <LI><a href="#[2a]">I2S_IRQHandler</a> from startup_lpc17xx.o(.text) referenced from startup_lpc17xx.o(RESET)
 <LI><a href="#[2d]">MCPWM_IRQHandler</a> from startup_lpc17xx.o(.text) referenced from startup_lpc17xx.o(RESET)
 <LI><a href="#[8]">MemManage_Handler</a> from startup_lpc17xx.o(.text) referenced from startup_lpc17xx.o(RESET)
 <LI><a href="#[6]">NMI_Handler</a> from startup_lpc17xx.o(.text) referenced from startup_lpc17xx.o(RESET)
 <LI><a href="#[1f]">PLL0_IRQHandler</a> from startup_lpc17xx.o(.text) referenced from startup_lpc17xx.o(RESET)
 <LI><a href="#[2f]">PLL1_IRQHandler</a> from startup_lpc17xx.o(.text) referenced from startup_lpc17xx.o(RESET)
 <LI><a href="#[18]">PWM1_IRQHandler</a> from startup_lpc17xx.o(.text) referenced from startup_lpc17xx.o(RESET)
 <LI><a href="#[d]">PendSV_Handler</a> from startup_lpc17xx.o(.text) referenced from startup_lpc17xx.o(RESET)
 <LI><a href="#[2e]">QEI_IRQHandler</a> from startup_lpc17xx.o(.text) referenced from startup_lpc17xx.o(RESET)
 <LI><a href="#[2c]">RIT_IRQHandler</a> from startup_lpc17xx.o(.text) referenced from startup_lpc17xx.o(RESET)
 <LI><a href="#[20]">RTC_IRQHandler</a> from startup_lpc17xx.o(.text) referenced from startup_lpc17xx.o(RESET)
 <LI><a href="#[5]">Reset_Handler</a> from startup_lpc17xx.o(.text) referenced from startup_lpc17xx.o(RESET)
 <LI><a href="#[1c]">SPI_IRQHandler</a> from startup_lpc17xx.o(.text) referenced from startup_lpc17xx.o(RESET)
 <LI><a href="#[1d]">SSP0_IRQHandler</a> from startup_lpc17xx.o(.text) referenced from startup_lpc17xx.o(RESET)
 <LI><a href="#[1e]">SSP1_IRQHandler</a> from startup_lpc17xx.o(.text) referenced from startup_lpc17xx.o(RESET)
 <LI><a href="#[b]">SVC_Handler</a> from startup_lpc17xx.o(.text) referenced from startup_lpc17xx.o(RESET)
 <LI><a href="#[e]">SysTick_Handler</a> from startup_lpc17xx.o(.text) referenced from startup_lpc17xx.o(RESET)
 <LI><a href="#[10]">TIMER0_IRQHandler</a> from lpc17xx_timer.o(.text) referenced from startup_lpc17xx.o(RESET)
 <LI><a href="#[11]">TIMER1_IRQHandler</a> from lpc17xx_timer.o(.text) referenced from startup_lpc17xx.o(RESET)
 <LI><a href="#[12]">TIMER2_IRQHandler</a> from lpc17xx_timer.o(.text) referenced from startup_lpc17xx.o(RESET)
 <LI><a href="#[13]">TIMER3_IRQHandler</a> from startup_lpc17xx.o(.text) referenced from startup_lpc17xx.o(RESET)
 <LI><a href="#[14]">UART0_IRQHandler</a> from lpc17xx_uart.o(.text) referenced from startup_lpc17xx.o(RESET)
 <LI><a href="#[15]">UART1_IRQHandler</a> from lpc17xx_uart.o(.text) referenced from startup_lpc17xx.o(RESET)
 <LI><a href="#[16]">UART2_IRQHandler</a> from lpc17xx_uart.o(.text) referenced from startup_lpc17xx.o(RESET)
 <LI><a href="#[17]">UART3_IRQHandler</a> from lpc17xx_uart.o(.text) referenced from startup_lpc17xx.o(RESET)
 <LI><a href="#[30]">USBActivity_IRQHandler</a> from startup_lpc17xx.o(.text) referenced from startup_lpc17xx.o(RESET)
 <LI><a href="#[27]">USB_IRQHandler</a> from startup_lpc17xx.o(.text) referenced from startup_lpc17xx.o(RESET)
 <LI><a href="#[a]">UsageFault_Handler</a> from startup_lpc17xx.o(.text) referenced from startup_lpc17xx.o(RESET)
 <LI><a href="#[f]">WDT_IRQHandler</a> from startup_lpc17xx.o(.text) referenced from startup_lpc17xx.o(RESET)
 <LI><a href="#[54]">__main</a> from __main.o(!!!main) referenced from startup_lpc17xx.o(.text)
 <LI><a href="#[35]">_get_lc_ctype</a> from lc_ctype_c.o(locale$$code) referenced from rt_ctype_table.o(.text)
 <LI><a href="#[34]">_printf_input_char</a> from _printf_char_common.o(.text) referenced from _printf_char_common.o(.text)
 <LI><a href="#[33]">_snputc</a> from _snputc.o(.text) referenced from c89vsnprintf.o(.text)
 <LI><a href="#[36]">cmd_hander_foc_ack</a> from cfg_handler.o(.text) referenced from cfg_handler.o(.constdata)
 <LI><a href="#[41]">cmd_hander_motor_process</a> from cfg_handler.o(.text) referenced from cfg_handler.o(.constdata)
 <LI><a href="#[37]">cmd_hander_rardar_push</a> from cfg_handler.o(.text) referenced from cfg_handler.o(.constdata)
 <LI><a href="#[46]">cmd_handler_Block_ID_ack</a> from cfg_handler.o(.text) referenced from cfg_handler.o(.constdata)
 <LI><a href="#[49]">cmd_handler_data_push_ack</a> from cfg_handler.o(.text) referenced from cfg_handler.o(.constdata)
 <LI><a href="#[3b]">cmd_handler_data_upgrade</a> from cfg_handler.o(.text) referenced from cfg_handler.o(.constdata)
 <LI><a href="#[38]">cmd_handler_device_info</a> from cfg_handler.o(.text) referenced from cfg_handler.o(.constdata)
 <LI><a href="#[4e]">cmd_handler_deviceinfo_request</a> from cfg_handler_a2.o(.text) referenced from cfg_handler_a2.o(.constdata)
 <LI><a href="#[4d]">cmd_handler_deviceinfo_set</a> from cfg_handler_a2.o(.text) referenced from cfg_handler_a2.o(.constdata)
 <LI><a href="#[3c]">cmd_handler_end_upgrade</a> from cfg_handler.o(.text) referenced from cfg_handler.o(.constdata)
 <LI><a href="#[39]">cmd_handler_entry_upgrade</a> from cfg_handler.o(.text) referenced from cfg_handler.o(.constdata)
 <LI><a href="#[4b]">cmd_handler_entry_upgrade_new</a> from cfg_handler_a2.o(.text) referenced 2 times from cfg_handler_a2.o(.constdata)
 <LI><a href="#[4c]">cmd_handler_entry_upgrade_old</a> from cfg_handler_a2.o(.text) referenced from cfg_handler_a2.o(.constdata)
 <LI><a href="#[42]">cmd_handler_flow_cali</a> from cfg_handler.o(.text) referenced from cfg_handler.o(.constdata)
 <LI><a href="#[45]">cmd_handler_flowmeter_K_control</a> from cfg_handler.o(.text) referenced from cfg_handler.o(.constdata)
 <LI><a href="#[40]">cmd_handler_get_fc_statu</a> from cfg_handler.o(.text) referenced from cfg_handler.o(.constdata)
 <LI><a href="#[4a]">cmd_handler_gimbal_ctl</a> from cfg_handler.o(.text) referenced from cfg_handler.o(.constdata)
 <LI><a href="#[48]">cmd_handler_iosd_config_ack</a> from cfg_handler.o(.text) referenced from cfg_handler.o(.constdata)
 <LI><a href="#[47]">cmd_handler_iosd_status_ack</a> from cfg_handler.o(.text) referenced from cfg_handler.o(.constdata)
 <LI><a href="#[43]">cmd_handler_level_switch</a> from cfg_handler.o(.text) referenced from cfg_handler.o(.constdata)
 <LI><a href="#[3d]">cmd_handler_reboot</a> from cfg_handler.o(.text) referenced from cfg_handler.o(.constdata)
 <LI><a href="#[44]">cmd_handler_residual_volume_warning</a> from cfg_handler.o(.text) referenced from cfg_handler.o(.constdata)
 <LI><a href="#[4f]">cmd_handler_scan</a> from cfg_handler_a2.o(.text) referenced from cfg_handler_a2.o(.constdata)
 <LI><a href="#[3f]">cmd_handler_set_version</a> from cfg_handler.o(.text) referenced from cfg_handler.o(.constdata)
 <LI><a href="#[3a]">cmd_handler_start_upgrade</a> from cfg_handler.o(.text) referenced from cfg_handler.o(.constdata)
 <LI><a href="#[3e]">cmd_handler_status_report</a> from cfg_handler.o(.text) referenced from cfg_handler.o(.constdata)
 <LI><a href="#[53]">cmd_handler_upgrade_check</a> from cfg_handler_a2.o(.text) referenced from cfg_handler_a2.o(.constdata)
 <LI><a href="#[51]">cmd_handler_upgrade_data</a> from cfg_handler_a2.o(.text) referenced from cfg_handler_a2.o(.constdata)
 <LI><a href="#[52]">cmd_handler_upgrade_end</a> from cfg_handler_a2.o(.text) referenced from cfg_handler_a2.o(.constdata)
 <LI><a href="#[50]">cmd_handler_upgrade_start</a> from cfg_handler_a2.o(.text) referenced from cfg_handler_a2.o(.constdata)
</UL>
<P>
<H3>
Global Symbols
</H3>
<P><STRONG><a name="[54]"></a>__main</STRONG> (Thumb, 8 bytes, Stack size 0 bytes, __main.o(!!!main))
<BR><BR>[Calls]<UL><LI><a href="#[56]">&gt;&gt;</a>&nbsp;&nbsp;&nbsp;__rt_entry
<LI><a href="#[55]">&gt;&gt;</a>&nbsp;&nbsp;&nbsp;__scatterload
</UL>

<P><STRONG><a name="[55]"></a>__scatterload</STRONG> (Thumb, 0 bytes, Stack size unknown bytes, __scatter.o(!!!scatter))
<BR><BR>[Called By]<UL><LI><a href="#[54]">&gt;&gt;</a>&nbsp;&nbsp;&nbsp;__main
</UL>

<P><STRONG><a name="[57]"></a>__scatterload_rt2</STRONG> (Thumb, 44 bytes, Stack size unknown bytes, __scatter.o(!!!scatter), UNUSED)
<BR><BR>[Calls]<UL><LI><a href="#[56]">&gt;&gt;</a>&nbsp;&nbsp;&nbsp;__rt_entry
</UL>

<P><STRONG><a name="[1db]"></a>__scatterload_rt2_thumb_only</STRONG> (Thumb, 0 bytes, Stack size unknown bytes, __scatter.o(!!!scatter), UNUSED)

<P><STRONG><a name="[1dc]"></a>__scatterload_null</STRONG> (Thumb, 0 bytes, Stack size unknown bytes, __scatter.o(!!!scatter), UNUSED)

<P><STRONG><a name="[1dd]"></a>__decompress</STRONG> (Thumb, 58 bytes, Stack size unknown bytes, __dczerorl.o(!!dczerorl), UNUSED)

<P><STRONG><a name="[1de]"></a>__decompress0</STRONG> (Thumb, 0 bytes, Stack size unknown bytes, __dczerorl.o(!!dczerorl), UNUSED)

<P><STRONG><a name="[1df]"></a>__scatterload_zeroinit</STRONG> (Thumb, 28 bytes, Stack size unknown bytes, __scatter_zi.o(!!handler_zi), UNUSED)

<P><STRONG><a name="[58]"></a>_printf_n</STRONG> (Thumb, 0 bytes, Stack size unknown bytes, _printf_n.o(.ARM.Collect$$_printf_percent$$00000001))
<BR><BR>[Calls]<UL><LI><a href="#[59]">&gt;&gt;</a>&nbsp;&nbsp;&nbsp;_printf_charcount
</UL>

<P><STRONG><a name="[1aa]"></a>_printf_percent</STRONG> (Thumb, 0 bytes, Stack size unknown bytes, _printf_percent.o(.ARM.Collect$$_printf_percent$$00000000))
<BR><BR>[Called By]<UL><LI><a href="#[1a3]">&gt;&gt;</a>&nbsp;&nbsp;&nbsp;__printf
</UL>

<P><STRONG><a name="[5a]"></a>_printf_p</STRONG> (Thumb, 0 bytes, Stack size unknown bytes, _printf_p.o(.ARM.Collect$$_printf_percent$$00000002))
<BR><BR>[Stack]<UL><LI>Max Depth = 64 + Unknown Stack Size
<LI>Call Chain = _printf_p &rArr; _printf_hex_ptr &rArr; _printf_longlong_hex &rArr; _printf_int_common &rArr; _printf_post_padding
</UL>
<BR>[Calls]<UL><LI><a href="#[5b]">&gt;&gt;</a>&nbsp;&nbsp;&nbsp;_printf_hex_ptr
</UL>

<P><STRONG><a name="[5c]"></a>_printf_f</STRONG> (Thumb, 0 bytes, Stack size unknown bytes, _printf_f.o(.ARM.Collect$$_printf_percent$$00000003))
<BR><BR>[Stack]<UL><LI>Max Depth = 320 + Unknown Stack Size
<LI>Call Chain = _printf_f &rArr; _printf_fp_dec &rArr; _printf_fp_dec_real &rArr; _fp_digits &rArr; _btod_etento &rArr; _btod_emul &rArr; _e2e
</UL>
<BR>[Calls]<UL><LI><a href="#[5d]">&gt;&gt;</a>&nbsp;&nbsp;&nbsp;_printf_fp_dec
</UL>

<P><STRONG><a name="[5e]"></a>_printf_e</STRONG> (Thumb, 0 bytes, Stack size unknown bytes, _printf_e.o(.ARM.Collect$$_printf_percent$$00000004))
<BR><BR>[Stack]<UL><LI>Max Depth = 320 + Unknown Stack Size
<LI>Call Chain = _printf_e &rArr; _printf_fp_dec &rArr; _printf_fp_dec_real &rArr; _fp_digits &rArr; _btod_etento &rArr; _btod_emul &rArr; _e2e
</UL>
<BR>[Calls]<UL><LI><a href="#[5d]">&gt;&gt;</a>&nbsp;&nbsp;&nbsp;_printf_fp_dec
</UL>

<P><STRONG><a name="[5f]"></a>_printf_g</STRONG> (Thumb, 0 bytes, Stack size unknown bytes, _printf_g.o(.ARM.Collect$$_printf_percent$$00000005))
<BR><BR>[Stack]<UL><LI>Max Depth = 320 + Unknown Stack Size
<LI>Call Chain = _printf_g &rArr; _printf_fp_dec &rArr; _printf_fp_dec_real &rArr; _fp_digits &rArr; _btod_etento &rArr; _btod_emul &rArr; _e2e
</UL>
<BR>[Calls]<UL><LI><a href="#[5d]">&gt;&gt;</a>&nbsp;&nbsp;&nbsp;_printf_fp_dec
</UL>

<P><STRONG><a name="[1e0]"></a>_printf_a</STRONG> (Thumb, 0 bytes, Stack size unknown bytes, _printf_a.o(.ARM.Collect$$_printf_percent$$00000006))

<P><STRONG><a name="[1e1]"></a>_printf_ll</STRONG> (Thumb, 0 bytes, Stack size unknown bytes, _printf_ll.o(.ARM.Collect$$_printf_percent$$00000007))

<P><STRONG><a name="[60]"></a>_printf_i</STRONG> (Thumb, 0 bytes, Stack size unknown bytes, _printf_i.o(.ARM.Collect$$_printf_percent$$00000008))
<BR><BR>[Stack]<UL><LI>Max Depth = 72 + Unknown Stack Size
<LI>Call Chain = _printf_i &rArr; _printf_int_dec &rArr; _printf_int_common &rArr; _printf_post_padding
</UL>
<BR>[Calls]<UL><LI><a href="#[61]">&gt;&gt;</a>&nbsp;&nbsp;&nbsp;_printf_int_dec
</UL>

<P><STRONG><a name="[62]"></a>_printf_d</STRONG> (Thumb, 0 bytes, Stack size unknown bytes, _printf_d.o(.ARM.Collect$$_printf_percent$$00000009))
<BR><BR>[Stack]<UL><LI>Max Depth = 72 + Unknown Stack Size
<LI>Call Chain = _printf_d &rArr; _printf_int_dec &rArr; _printf_int_common &rArr; _printf_post_padding
</UL>
<BR>[Calls]<UL><LI><a href="#[61]">&gt;&gt;</a>&nbsp;&nbsp;&nbsp;_printf_int_dec
</UL>

<P><STRONG><a name="[63]"></a>_printf_u</STRONG> (Thumb, 0 bytes, Stack size unknown bytes, _printf_u.o(.ARM.Collect$$_printf_percent$$0000000A))
<BR><BR>[Stack]<UL><LI>Max Depth = 72 + Unknown Stack Size
<LI>Call Chain = _printf_u &rArr; _printf_int_dec &rArr; _printf_int_common &rArr; _printf_post_padding
</UL>
<BR>[Calls]<UL><LI><a href="#[61]">&gt;&gt;</a>&nbsp;&nbsp;&nbsp;_printf_int_dec
</UL>

<P><STRONG><a name="[64]"></a>_printf_o</STRONG> (Thumb, 0 bytes, Stack size unknown bytes, _printf_o.o(.ARM.Collect$$_printf_percent$$0000000B))
<BR><BR>[Stack]<UL><LI>Max Depth = 64 + Unknown Stack Size
<LI>Call Chain = _printf_o &rArr; _printf_int_oct &rArr; _printf_longlong_oct &rArr; _printf_int_common &rArr; _printf_post_padding
</UL>
<BR>[Calls]<UL><LI><a href="#[65]">&gt;&gt;</a>&nbsp;&nbsp;&nbsp;_printf_int_oct
</UL>

<P><STRONG><a name="[66]"></a>_printf_x</STRONG> (Thumb, 0 bytes, Stack size unknown bytes, _printf_x.o(.ARM.Collect$$_printf_percent$$0000000C))
<BR><BR>[Stack]<UL><LI>Max Depth = 80 + Unknown Stack Size
<LI>Call Chain = _printf_x &rArr; _printf_int_hex &rArr; _printf_longlong_hex &rArr; _printf_int_common &rArr; _printf_post_padding
</UL>
<BR>[Calls]<UL><LI><a href="#[67]">&gt;&gt;</a>&nbsp;&nbsp;&nbsp;_printf_int_hex
</UL>

<P><STRONG><a name="[68]"></a>_printf_lli</STRONG> (Thumb, 0 bytes, Stack size unknown bytes, _printf_lli.o(.ARM.Collect$$_printf_percent$$0000000D))
<BR><BR>[Stack]<UL><LI>Max Depth = 72 + Unknown Stack Size
<LI>Call Chain = _printf_lli &rArr; _printf_longlong_dec &rArr; _printf_int_common &rArr; _printf_post_padding
</UL>
<BR>[Calls]<UL><LI><a href="#[69]">&gt;&gt;</a>&nbsp;&nbsp;&nbsp;_printf_longlong_dec
</UL>

<P><STRONG><a name="[6a]"></a>_printf_lld</STRONG> (Thumb, 0 bytes, Stack size unknown bytes, _printf_lld.o(.ARM.Collect$$_printf_percent$$0000000E))
<BR><BR>[Stack]<UL><LI>Max Depth = 72 + Unknown Stack Size
<LI>Call Chain = _printf_lld &rArr; _printf_longlong_dec &rArr; _printf_int_common &rArr; _printf_post_padding
</UL>
<BR>[Calls]<UL><LI><a href="#[69]">&gt;&gt;</a>&nbsp;&nbsp;&nbsp;_printf_longlong_dec
</UL>

<P><STRONG><a name="[6b]"></a>_printf_llu</STRONG> (Thumb, 0 bytes, Stack size unknown bytes, _printf_llu.o(.ARM.Collect$$_printf_percent$$0000000F))
<BR><BR>[Stack]<UL><LI>Max Depth = 72 + Unknown Stack Size
<LI>Call Chain = _printf_llu &rArr; _printf_longlong_dec &rArr; _printf_int_common &rArr; _printf_post_padding
</UL>
<BR>[Calls]<UL><LI><a href="#[69]">&gt;&gt;</a>&nbsp;&nbsp;&nbsp;_printf_longlong_dec
</UL>

<P><STRONG><a name="[6c]"></a>_printf_llo</STRONG> (Thumb, 0 bytes, Stack size unknown bytes, _printf_llo.o(.ARM.Collect$$_printf_percent$$00000010))
<BR><BR>[Stack]<UL><LI>Max Depth = 56 + Unknown Stack Size
<LI>Call Chain = _printf_llo &rArr; _printf_ll_oct &rArr; _printf_longlong_oct &rArr; _printf_int_common &rArr; _printf_post_padding
</UL>
<BR>[Calls]<UL><LI><a href="#[6d]">&gt;&gt;</a>&nbsp;&nbsp;&nbsp;_printf_ll_oct
</UL>

<P><STRONG><a name="[6e]"></a>_printf_llx</STRONG> (Thumb, 0 bytes, Stack size unknown bytes, _printf_llx.o(.ARM.Collect$$_printf_percent$$00000011))
<BR><BR>[Stack]<UL><LI>Max Depth = 64 + Unknown Stack Size
<LI>Call Chain = _printf_llx &rArr; _printf_ll_hex &rArr; _printf_longlong_hex &rArr; _printf_int_common &rArr; _printf_post_padding
</UL>
<BR>[Calls]<UL><LI><a href="#[6f]">&gt;&gt;</a>&nbsp;&nbsp;&nbsp;_printf_ll_hex
</UL>

<P><STRONG><a name="[1e2]"></a>_printf_l</STRONG> (Thumb, 0 bytes, Stack size unknown bytes, _printf_l.o(.ARM.Collect$$_printf_percent$$00000012))

<P><STRONG><a name="[70]"></a>_printf_c</STRONG> (Thumb, 0 bytes, Stack size unknown bytes, _printf_c.o(.ARM.Collect$$_printf_percent$$00000013))
<BR><BR>[Stack]<UL><LI>Max Depth = 40 + Unknown Stack Size
<LI>Call Chain = _printf_c &rArr; _printf_char &rArr; _printf_cs_common &rArr; _printf_str &rArr; _printf_post_padding
</UL>
<BR>[Calls]<UL><LI><a href="#[71]">&gt;&gt;</a>&nbsp;&nbsp;&nbsp;_printf_char
</UL>

<P><STRONG><a name="[72]"></a>_printf_s</STRONG> (Thumb, 0 bytes, Stack size unknown bytes, _printf_s.o(.ARM.Collect$$_printf_percent$$00000014))
<BR><BR>[Stack]<UL><LI>Max Depth = 40 + Unknown Stack Size
<LI>Call Chain = _printf_s &rArr; _printf_string &rArr; _printf_cs_common &rArr; _printf_str &rArr; _printf_post_padding
</UL>
<BR>[Calls]<UL><LI><a href="#[73]">&gt;&gt;</a>&nbsp;&nbsp;&nbsp;_printf_string
</UL>

<P><STRONG><a name="[74]"></a>_printf_lc</STRONG> (Thumb, 0 bytes, Stack size unknown bytes, _printf_lc.o(.ARM.Collect$$_printf_percent$$00000015))
<BR><BR>[Stack]<UL><LI>Max Depth = 88 + Unknown Stack Size
<LI>Call Chain = _printf_lc &rArr; _printf_wchar &rArr; _printf_lcs_common &rArr; _printf_wctomb &rArr; _wcrtomb &rArr; __rt_ctype_table
</UL>
<BR>[Calls]<UL><LI><a href="#[75]">&gt;&gt;</a>&nbsp;&nbsp;&nbsp;_printf_wchar
</UL>

<P><STRONG><a name="[76]"></a>_printf_ls</STRONG> (Thumb, 0 bytes, Stack size unknown bytes, _printf_ls.o(.ARM.Collect$$_printf_percent$$00000016))
<BR><BR>[Stack]<UL><LI>Max Depth = 88 + Unknown Stack Size
<LI>Call Chain = _printf_ls &rArr; _printf_wstring &rArr; _printf_lcs_common &rArr; _printf_wctomb &rArr; _wcrtomb &rArr; __rt_ctype_table
</UL>
<BR>[Calls]<UL><LI><a href="#[77]">&gt;&gt;</a>&nbsp;&nbsp;&nbsp;_printf_wstring
</UL>

<P><STRONG><a name="[1e3]"></a>_printf_percent_end</STRONG> (Thumb, 0 bytes, Stack size unknown bytes, _printf_percent_end.o(.ARM.Collect$$_printf_percent$$00000017))

<P><STRONG><a name="[7e]"></a>__rt_lib_init</STRONG> (Thumb, 0 bytes, Stack size unknown bytes, libinit.o(.ARM.Collect$$libinit$$00000000))
<BR><BR>[Called By]<UL><LI><a href="#[7d]">&gt;&gt;</a>&nbsp;&nbsp;&nbsp;__rt_entry_li
</UL>

<P><STRONG><a name="[1e4]"></a>__rt_lib_init_fp_1</STRONG> (Thumb, 0 bytes, Stack size unknown bytes, libinit2.o(.ARM.Collect$$libinit$$00000002))

<P><STRONG><a name="[1e5]"></a>__rt_lib_init_heap_1</STRONG> (Thumb, 0 bytes, Stack size unknown bytes, libinit2.o(.ARM.Collect$$libinit$$0000000A))

<P><STRONG><a name="[78]"></a>__rt_lib_init_lc_common</STRONG> (Thumb, 0 bytes, Stack size unknown bytes, libinit2.o(.ARM.Collect$$libinit$$0000000F))
<BR><BR>[Calls]<UL><LI><a href="#[79]">&gt;&gt;</a>&nbsp;&nbsp;&nbsp;__rt_locale
</UL>

<P><STRONG><a name="[1e6]"></a>__rt_lib_init_preinit_1</STRONG> (Thumb, 0 bytes, Stack size unknown bytes, libinit2.o(.ARM.Collect$$libinit$$00000004))

<P><STRONG><a name="[1e7]"></a>__rt_lib_init_rand_1</STRONG> (Thumb, 0 bytes, Stack size unknown bytes, libinit2.o(.ARM.Collect$$libinit$$0000000E))

<P><STRONG><a name="[1e8]"></a>__rt_lib_init_user_alloc_1</STRONG> (Thumb, 0 bytes, Stack size unknown bytes, libinit2.o(.ARM.Collect$$libinit$$0000000C))

<P><STRONG><a name="[1e9]"></a>__rt_lib_init_lc_collate_1</STRONG> (Thumb, 0 bytes, Stack size unknown bytes, libinit2.o(.ARM.Collect$$libinit$$00000011))

<P><STRONG><a name="[7a]"></a>__rt_lib_init_lc_ctype_2</STRONG> (Thumb, 0 bytes, Stack size unknown bytes, libinit2.o(.ARM.Collect$$libinit$$00000012))
<BR><BR>[Stack]<UL><LI>Max Depth = 8 + Unknown Stack Size
<LI>Call Chain = __rt_lib_init_lc_ctype_2 &rArr; _get_lc_ctype
</UL>
<BR>[Calls]<UL><LI><a href="#[35]">&gt;&gt;</a>&nbsp;&nbsp;&nbsp;_get_lc_ctype
</UL>

<P><STRONG><a name="[1ea]"></a>__rt_lib_init_lc_ctype_1</STRONG> (Thumb, 0 bytes, Stack size unknown bytes, libinit2.o(.ARM.Collect$$libinit$$00000013))

<P><STRONG><a name="[1eb]"></a>__rt_lib_init_lc_monetary_1</STRONG> (Thumb, 0 bytes, Stack size unknown bytes, libinit2.o(.ARM.Collect$$libinit$$00000015))

<P><STRONG><a name="[7b]"></a>__rt_lib_init_lc_numeric_2</STRONG> (Thumb, 0 bytes, Stack size unknown bytes, libinit2.o(.ARM.Collect$$libinit$$00000016))
<BR><BR>[Stack]<UL><LI>Max Depth = 8 + Unknown Stack Size
<LI>Call Chain = __rt_lib_init_lc_numeric_2 &rArr; _get_lc_numeric
</UL>
<BR>[Calls]<UL><LI><a href="#[7c]">&gt;&gt;</a>&nbsp;&nbsp;&nbsp;_get_lc_numeric
</UL>

<P><STRONG><a name="[1ec]"></a>__rt_lib_init_alloca_1</STRONG> (Thumb, 0 bytes, Stack size unknown bytes, libinit2.o(.ARM.Collect$$libinit$$0000002E))

<P><STRONG><a name="[1ed]"></a>__rt_lib_init_argv_1</STRONG> (Thumb, 0 bytes, Stack size unknown bytes, libinit2.o(.ARM.Collect$$libinit$$0000002C))

<P><STRONG><a name="[1ee]"></a>__rt_lib_init_atexit_1</STRONG> (Thumb, 0 bytes, Stack size unknown bytes, libinit2.o(.ARM.Collect$$libinit$$0000001B))

<P><STRONG><a name="[1ef]"></a>__rt_lib_init_clock_1</STRONG> (Thumb, 0 bytes, Stack size unknown bytes, libinit2.o(.ARM.Collect$$libinit$$00000021))

<P><STRONG><a name="[1f0]"></a>__rt_lib_init_cpp_1</STRONG> (Thumb, 0 bytes, Stack size unknown bytes, libinit2.o(.ARM.Collect$$libinit$$00000032))

<P><STRONG><a name="[1f1]"></a>__rt_lib_init_exceptions_1</STRONG> (Thumb, 0 bytes, Stack size unknown bytes, libinit2.o(.ARM.Collect$$libinit$$00000030))

<P><STRONG><a name="[1f2]"></a>__rt_lib_init_fp_trap_1</STRONG> (Thumb, 0 bytes, Stack size unknown bytes, libinit2.o(.ARM.Collect$$libinit$$0000001F))

<P><STRONG><a name="[1f3]"></a>__rt_lib_init_getenv_1</STRONG> (Thumb, 0 bytes, Stack size unknown bytes, libinit2.o(.ARM.Collect$$libinit$$00000023))

<P><STRONG><a name="[1f4]"></a>__rt_lib_init_lc_numeric_1</STRONG> (Thumb, 0 bytes, Stack size unknown bytes, libinit2.o(.ARM.Collect$$libinit$$00000017))

<P><STRONG><a name="[1f5]"></a>__rt_lib_init_lc_time_1</STRONG> (Thumb, 0 bytes, Stack size unknown bytes, libinit2.o(.ARM.Collect$$libinit$$00000019))

<P><STRONG><a name="[1f6]"></a>__rt_lib_init_return</STRONG> (Thumb, 0 bytes, Stack size unknown bytes, libinit2.o(.ARM.Collect$$libinit$$00000033))

<P><STRONG><a name="[1f7]"></a>__rt_lib_init_signal_1</STRONG> (Thumb, 0 bytes, Stack size unknown bytes, libinit2.o(.ARM.Collect$$libinit$$0000001D))

<P><STRONG><a name="[1f8]"></a>__rt_lib_init_stdio_1</STRONG> (Thumb, 0 bytes, Stack size unknown bytes, libinit2.o(.ARM.Collect$$libinit$$00000025))

<P><STRONG><a name="[83]"></a>__rt_lib_shutdown</STRONG> (Thumb, 0 bytes, Stack size unknown bytes, libshutdown.o(.ARM.Collect$$libshutdown$$00000000))
<BR><BR>[Called By]<UL><LI><a href="#[82]">&gt;&gt;</a>&nbsp;&nbsp;&nbsp;__rt_exit_ls
</UL>

<P><STRONG><a name="[1f9]"></a>__rt_lib_shutdown_cpp_1</STRONG> (Thumb, 0 bytes, Stack size unknown bytes, libshutdown2.o(.ARM.Collect$$libshutdown$$00000002))

<P><STRONG><a name="[1fa]"></a>__rt_lib_shutdown_fp_trap_1</STRONG> (Thumb, 0 bytes, Stack size unknown bytes, libshutdown2.o(.ARM.Collect$$libshutdown$$00000007))

<P><STRONG><a name="[1fb]"></a>__rt_lib_shutdown_heap_1</STRONG> (Thumb, 0 bytes, Stack size unknown bytes, libshutdown2.o(.ARM.Collect$$libshutdown$$0000000F))

<P><STRONG><a name="[1fc]"></a>__rt_lib_shutdown_return</STRONG> (Thumb, 0 bytes, Stack size unknown bytes, libshutdown2.o(.ARM.Collect$$libshutdown$$00000010))

<P><STRONG><a name="[1fd]"></a>__rt_lib_shutdown_signal_1</STRONG> (Thumb, 0 bytes, Stack size unknown bytes, libshutdown2.o(.ARM.Collect$$libshutdown$$0000000A))

<P><STRONG><a name="[1fe]"></a>__rt_lib_shutdown_stdio_1</STRONG> (Thumb, 0 bytes, Stack size unknown bytes, libshutdown2.o(.ARM.Collect$$libshutdown$$00000004))

<P><STRONG><a name="[1ff]"></a>__rt_lib_shutdown_user_alloc_1</STRONG> (Thumb, 0 bytes, Stack size unknown bytes, libshutdown2.o(.ARM.Collect$$libshutdown$$0000000C))

<P><STRONG><a name="[56]"></a>__rt_entry</STRONG> (Thumb, 0 bytes, Stack size unknown bytes, __rtentry.o(.ARM.Collect$$rtentry$$00000000))
<BR><BR>[Called By]<UL><LI><a href="#[54]">&gt;&gt;</a>&nbsp;&nbsp;&nbsp;__main
<LI><a href="#[57]">&gt;&gt;</a>&nbsp;&nbsp;&nbsp;__scatterload_rt2
</UL>

<P><STRONG><a name="[200]"></a>__rt_entry_presh_1</STRONG> (Thumb, 0 bytes, Stack size unknown bytes, __rtentry2.o(.ARM.Collect$$rtentry$$00000002))

<P><STRONG><a name="[201]"></a>__rt_entry_sh</STRONG> (Thumb, 0 bytes, Stack size unknown bytes, __rtentry7.o(.ARM.Collect$$rtentry$$00000007))

<P><STRONG><a name="[7d]"></a>__rt_entry_li</STRONG> (Thumb, 0 bytes, Stack size unknown bytes, __rtentry2.o(.ARM.Collect$$rtentry$$0000000A))
<BR><BR>[Calls]<UL><LI><a href="#[7e]">&gt;&gt;</a>&nbsp;&nbsp;&nbsp;__rt_lib_init
</UL>

<P><STRONG><a name="[202]"></a>__rt_entry_postsh_1</STRONG> (Thumb, 0 bytes, Stack size unknown bytes, __rtentry2.o(.ARM.Collect$$rtentry$$00000009))

<P><STRONG><a name="[7f]"></a>__rt_entry_main</STRONG> (Thumb, 0 bytes, Stack size unknown bytes, __rtentry2.o(.ARM.Collect$$rtentry$$0000000D))
<BR><BR>[Stack]<UL><LI>Max Depth = 280 + Unknown Stack Size
<LI>Call Chain = __rt_entry_main &rArr; main &rArr; spray_system_para_recoder &rArr; IOSD_Config_Info_Push &rArr; CAN_sendbytes_View &rArr; CAN_tx_function &rArr; CAN_tx_action_all &rArr; CAN_RING_BUF_RD_BLOCK
</UL>
<BR>[Calls]<UL><LI><a href="#[80]">&gt;&gt;</a>&nbsp;&nbsp;&nbsp;main
<LI><a href="#[81]">&gt;&gt;</a>&nbsp;&nbsp;&nbsp;exit
</UL>

<P><STRONG><a name="[203]"></a>__rt_entry_postli_1</STRONG> (Thumb, 0 bytes, Stack size unknown bytes, __rtentry2.o(.ARM.Collect$$rtentry$$0000000C))

<P><STRONG><a name="[1b6]"></a>__rt_exit</STRONG> (Thumb, 0 bytes, Stack size unknown bytes, rtexit.o(.ARM.Collect$$rtexit$$00000000))
<BR><BR>[Called By]<UL><LI><a href="#[81]">&gt;&gt;</a>&nbsp;&nbsp;&nbsp;exit
</UL>

<P><STRONG><a name="[82]"></a>__rt_exit_ls</STRONG> (Thumb, 0 bytes, Stack size unknown bytes, rtexit2.o(.ARM.Collect$$rtexit$$00000003))
<BR><BR>[Calls]<UL><LI><a href="#[83]">&gt;&gt;</a>&nbsp;&nbsp;&nbsp;__rt_lib_shutdown
</UL>

<P><STRONG><a name="[204]"></a>__rt_exit_prels_1</STRONG> (Thumb, 0 bytes, Stack size unknown bytes, rtexit2.o(.ARM.Collect$$rtexit$$00000002))

<P><STRONG><a name="[84]"></a>__rt_exit_exit</STRONG> (Thumb, 0 bytes, Stack size unknown bytes, rtexit2.o(.ARM.Collect$$rtexit$$00000004))
<BR><BR>[Calls]<UL><LI><a href="#[85]">&gt;&gt;</a>&nbsp;&nbsp;&nbsp;_sys_exit
</UL>

<P><STRONG><a name="[12f]"></a>boot_jump</STRONG> (Thumb, 8 bytes, Stack size 0 bytes, sbl_iap.o(.emb_text), UNUSED)
<BR><BR>[Called By]<UL><LI><a href="#[12e]">&gt;&gt;</a>&nbsp;&nbsp;&nbsp;execute_user_code
</UL>

<P><STRONG><a name="[86]"></a>SystemCoreClockUpdate</STRONG> (Thumb, 408 bytes, Stack size 32 bytes, system_lpc17xx.o(.text))
<BR><BR>[Stack]<UL><LI>Max Depth = 80<LI>Call Chain = SystemCoreClockUpdate &rArr; __aeabi_uldivmod
</UL>
<BR>[Calls]<UL><LI><a href="#[87]">&gt;&gt;</a>&nbsp;&nbsp;&nbsp;__aeabi_uldivmod
</UL>
<BR>[Called By]<UL><LI><a href="#[80]">&gt;&gt;</a>&nbsp;&nbsp;&nbsp;main
</UL>

<P><STRONG><a name="[8a]"></a>SystemInit</STRONG> (Thumb, 546 bytes, Stack size 0 bytes, system_lpc17xx.o(.text))
<BR><BR>[Called By]<UL><LI><a href="#[80]">&gt;&gt;</a>&nbsp;&nbsp;&nbsp;main
</UL>

<P><STRONG><a name="[5]"></a>Reset_Handler</STRONG> (Thumb, 4 bytes, Stack size 0 bytes, startup_lpc17xx.o(.text))
<BR>[Address Reference Count : 1]<UL><LI> startup_lpc17xx.o(RESET)
</UL>
<P><STRONG><a name="[6]"></a>NMI_Handler</STRONG> (Thumb, 2 bytes, Stack size 0 bytes, startup_lpc17xx.o(.text))
<BR><BR>[Calls]<UL><LI><a href="#[6]">&gt;&gt;</a>&nbsp;&nbsp;&nbsp;NMI_Handler
</UL>
<BR>[Called By]<UL><LI><a href="#[6]">&gt;&gt;</a>&nbsp;&nbsp;&nbsp;NMI_Handler
</UL>
<BR>[Address Reference Count : 1]<UL><LI> startup_lpc17xx.o(RESET)
</UL>
<P><STRONG><a name="[7]"></a>HardFault_Handler</STRONG> (Thumb, 2 bytes, Stack size 0 bytes, startup_lpc17xx.o(.text))
<BR><BR>[Calls]<UL><LI><a href="#[7]">&gt;&gt;</a>&nbsp;&nbsp;&nbsp;HardFault_Handler
</UL>
<BR>[Called By]<UL><LI><a href="#[7]">&gt;&gt;</a>&nbsp;&nbsp;&nbsp;HardFault_Handler
</UL>
<BR>[Address Reference Count : 1]<UL><LI> startup_lpc17xx.o(RESET)
</UL>
<P><STRONG><a name="[8]"></a>MemManage_Handler</STRONG> (Thumb, 2 bytes, Stack size 0 bytes, startup_lpc17xx.o(.text))
<BR><BR>[Calls]<UL><LI><a href="#[8]">&gt;&gt;</a>&nbsp;&nbsp;&nbsp;MemManage_Handler
</UL>
<BR>[Called By]<UL><LI><a href="#[8]">&gt;&gt;</a>&nbsp;&nbsp;&nbsp;MemManage_Handler
</UL>
<BR>[Address Reference Count : 1]<UL><LI> startup_lpc17xx.o(RESET)
</UL>
<P><STRONG><a name="[9]"></a>BusFault_Handler</STRONG> (Thumb, 2 bytes, Stack size 0 bytes, startup_lpc17xx.o(.text))
<BR><BR>[Calls]<UL><LI><a href="#[9]">&gt;&gt;</a>&nbsp;&nbsp;&nbsp;BusFault_Handler
</UL>
<BR>[Called By]<UL><LI><a href="#[9]">&gt;&gt;</a>&nbsp;&nbsp;&nbsp;BusFault_Handler
</UL>
<BR>[Address Reference Count : 1]<UL><LI> startup_lpc17xx.o(RESET)
</UL>
<P><STRONG><a name="[a]"></a>UsageFault_Handler</STRONG> (Thumb, 2 bytes, Stack size 0 bytes, startup_lpc17xx.o(.text))
<BR><BR>[Calls]<UL><LI><a href="#[a]">&gt;&gt;</a>&nbsp;&nbsp;&nbsp;UsageFault_Handler
</UL>
<BR>[Called By]<UL><LI><a href="#[a]">&gt;&gt;</a>&nbsp;&nbsp;&nbsp;UsageFault_Handler
</UL>
<BR>[Address Reference Count : 1]<UL><LI> startup_lpc17xx.o(RESET)
</UL>
<P><STRONG><a name="[b]"></a>SVC_Handler</STRONG> (Thumb, 2 bytes, Stack size 0 bytes, startup_lpc17xx.o(.text))
<BR><BR>[Calls]<UL><LI><a href="#[b]">&gt;&gt;</a>&nbsp;&nbsp;&nbsp;SVC_Handler
</UL>
<BR>[Called By]<UL><LI><a href="#[b]">&gt;&gt;</a>&nbsp;&nbsp;&nbsp;SVC_Handler
</UL>
<BR>[Address Reference Count : 1]<UL><LI> startup_lpc17xx.o(RESET)
</UL>
<P><STRONG><a name="[c]"></a>DebugMon_Handler</STRONG> (Thumb, 2 bytes, Stack size 0 bytes, startup_lpc17xx.o(.text))
<BR><BR>[Calls]<UL><LI><a href="#[c]">&gt;&gt;</a>&nbsp;&nbsp;&nbsp;DebugMon_Handler
</UL>
<BR>[Called By]<UL><LI><a href="#[c]">&gt;&gt;</a>&nbsp;&nbsp;&nbsp;DebugMon_Handler
</UL>
<BR>[Address Reference Count : 1]<UL><LI> startup_lpc17xx.o(RESET)
</UL>
<P><STRONG><a name="[d]"></a>PendSV_Handler</STRONG> (Thumb, 2 bytes, Stack size 0 bytes, startup_lpc17xx.o(.text))
<BR><BR>[Calls]<UL><LI><a href="#[d]">&gt;&gt;</a>&nbsp;&nbsp;&nbsp;PendSV_Handler
</UL>
<BR>[Called By]<UL><LI><a href="#[d]">&gt;&gt;</a>&nbsp;&nbsp;&nbsp;PendSV_Handler
</UL>
<BR>[Address Reference Count : 1]<UL><LI> startup_lpc17xx.o(RESET)
</UL>
<P><STRONG><a name="[e]"></a>SysTick_Handler</STRONG> (Thumb, 2 bytes, Stack size 0 bytes, startup_lpc17xx.o(.text))
<BR><BR>[Calls]<UL><LI><a href="#[e]">&gt;&gt;</a>&nbsp;&nbsp;&nbsp;SysTick_Handler
</UL>
<BR>[Called By]<UL><LI><a href="#[e]">&gt;&gt;</a>&nbsp;&nbsp;&nbsp;SysTick_Handler
</UL>
<BR>[Address Reference Count : 1]<UL><LI> startup_lpc17xx.o(RESET)
</UL>
<P><STRONG><a name="[25]"></a>ADC_IRQHandler</STRONG> (Thumb, 0 bytes, Stack size 0 bytes, startup_lpc17xx.o(.text))
<BR><BR>[Calls]<UL><LI><a href="#[25]">&gt;&gt;</a>&nbsp;&nbsp;&nbsp;ADC_IRQHandler
</UL>
<BR>[Called By]<UL><LI><a href="#[25]">&gt;&gt;</a>&nbsp;&nbsp;&nbsp;ADC_IRQHandler
</UL>
<BR>[Address Reference Count : 1]<UL><LI> startup_lpc17xx.o(RESET)
</UL>
<P><STRONG><a name="[26]"></a>BOD_IRQHandler</STRONG> (Thumb, 0 bytes, Stack size 0 bytes, startup_lpc17xx.o(.text))
<BR>[Address Reference Count : 1]<UL><LI> startup_lpc17xx.o(RESET)
</UL>
<P><STRONG><a name="[31]"></a>CANActivity_IRQHandler</STRONG> (Thumb, 0 bytes, Stack size 0 bytes, startup_lpc17xx.o(.text))
<BR>[Address Reference Count : 1]<UL><LI> startup_lpc17xx.o(RESET)
</UL>
<P><STRONG><a name="[29]"></a>DMA_IRQHandler</STRONG> (Thumb, 0 bytes, Stack size 0 bytes, startup_lpc17xx.o(.text))
<BR>[Address Reference Count : 1]<UL><LI> startup_lpc17xx.o(RESET)
</UL>
<P><STRONG><a name="[21]"></a>EINT0_IRQHandler</STRONG> (Thumb, 0 bytes, Stack size 0 bytes, startup_lpc17xx.o(.text))
<BR>[Address Reference Count : 1]<UL><LI> startup_lpc17xx.o(RESET)
</UL>
<P><STRONG><a name="[22]"></a>EINT1_IRQHandler</STRONG> (Thumb, 0 bytes, Stack size 0 bytes, startup_lpc17xx.o(.text))
<BR>[Address Reference Count : 1]<UL><LI> startup_lpc17xx.o(RESET)
</UL>
<P><STRONG><a name="[23]"></a>EINT2_IRQHandler</STRONG> (Thumb, 0 bytes, Stack size 0 bytes, startup_lpc17xx.o(.text))
<BR>[Address Reference Count : 1]<UL><LI> startup_lpc17xx.o(RESET)
</UL>
<P><STRONG><a name="[2b]"></a>ENET_IRQHandler</STRONG> (Thumb, 0 bytes, Stack size 0 bytes, startup_lpc17xx.o(.text))
<BR>[Address Reference Count : 1]<UL><LI> startup_lpc17xx.o(RESET)
</UL>
<P><STRONG><a name="[19]"></a>I2C0_IRQHandler</STRONG> (Thumb, 0 bytes, Stack size 0 bytes, startup_lpc17xx.o(.text))
<BR>[Address Reference Count : 1]<UL><LI> startup_lpc17xx.o(RESET)
</UL>
<P><STRONG><a name="[1a]"></a>I2C1_IRQHandler</STRONG> (Thumb, 0 bytes, Stack size 0 bytes, startup_lpc17xx.o(.text))
<BR>[Address Reference Count : 1]<UL><LI> startup_lpc17xx.o(RESET)
</UL>
<P><STRONG><a name="[1b]"></a>I2C2_IRQHandler</STRONG> (Thumb, 0 bytes, Stack size 0 bytes, startup_lpc17xx.o(.text))
<BR>[Address Reference Count : 1]<UL><LI> startup_lpc17xx.o(RESET)
</UL>
<P><STRONG><a name="[2a]"></a>I2S_IRQHandler</STRONG> (Thumb, 0 bytes, Stack size 0 bytes, startup_lpc17xx.o(.text))
<BR>[Address Reference Count : 1]<UL><LI> startup_lpc17xx.o(RESET)
</UL>
<P><STRONG><a name="[2d]"></a>MCPWM_IRQHandler</STRONG> (Thumb, 0 bytes, Stack size 0 bytes, startup_lpc17xx.o(.text))
<BR>[Address Reference Count : 1]<UL><LI> startup_lpc17xx.o(RESET)
</UL>
<P><STRONG><a name="[1f]"></a>PLL0_IRQHandler</STRONG> (Thumb, 0 bytes, Stack size 0 bytes, startup_lpc17xx.o(.text))
<BR>[Address Reference Count : 1]<UL><LI> startup_lpc17xx.o(RESET)
</UL>
<P><STRONG><a name="[2f]"></a>PLL1_IRQHandler</STRONG> (Thumb, 0 bytes, Stack size 0 bytes, startup_lpc17xx.o(.text))
<BR>[Address Reference Count : 1]<UL><LI> startup_lpc17xx.o(RESET)
</UL>
<P><STRONG><a name="[18]"></a>PWM1_IRQHandler</STRONG> (Thumb, 0 bytes, Stack size 0 bytes, startup_lpc17xx.o(.text))
<BR>[Address Reference Count : 1]<UL><LI> startup_lpc17xx.o(RESET)
</UL>
<P><STRONG><a name="[2e]"></a>QEI_IRQHandler</STRONG> (Thumb, 0 bytes, Stack size 0 bytes, startup_lpc17xx.o(.text))
<BR>[Address Reference Count : 1]<UL><LI> startup_lpc17xx.o(RESET)
</UL>
<P><STRONG><a name="[2c]"></a>RIT_IRQHandler</STRONG> (Thumb, 0 bytes, Stack size 0 bytes, startup_lpc17xx.o(.text))
<BR>[Address Reference Count : 1]<UL><LI> startup_lpc17xx.o(RESET)
</UL>
<P><STRONG><a name="[20]"></a>RTC_IRQHandler</STRONG> (Thumb, 0 bytes, Stack size 0 bytes, startup_lpc17xx.o(.text))
<BR>[Address Reference Count : 1]<UL><LI> startup_lpc17xx.o(RESET)
</UL>
<P><STRONG><a name="[1c]"></a>SPI_IRQHandler</STRONG> (Thumb, 0 bytes, Stack size 0 bytes, startup_lpc17xx.o(.text))
<BR>[Address Reference Count : 1]<UL><LI> startup_lpc17xx.o(RESET)
</UL>
<P><STRONG><a name="[1d]"></a>SSP0_IRQHandler</STRONG> (Thumb, 0 bytes, Stack size 0 bytes, startup_lpc17xx.o(.text))
<BR>[Address Reference Count : 1]<UL><LI> startup_lpc17xx.o(RESET)
</UL>
<P><STRONG><a name="[1e]"></a>SSP1_IRQHandler</STRONG> (Thumb, 0 bytes, Stack size 0 bytes, startup_lpc17xx.o(.text))
<BR>[Address Reference Count : 1]<UL><LI> startup_lpc17xx.o(RESET)
</UL>
<P><STRONG><a name="[13]"></a>TIMER3_IRQHandler</STRONG> (Thumb, 0 bytes, Stack size 0 bytes, startup_lpc17xx.o(.text))
<BR>[Address Reference Count : 1]<UL><LI> startup_lpc17xx.o(RESET)
</UL>
<P><STRONG><a name="[30]"></a>USBActivity_IRQHandler</STRONG> (Thumb, 0 bytes, Stack size 0 bytes, startup_lpc17xx.o(.text))
<BR>[Address Reference Count : 1]<UL><LI> startup_lpc17xx.o(RESET)
</UL>
<P><STRONG><a name="[27]"></a>USB_IRQHandler</STRONG> (Thumb, 0 bytes, Stack size 0 bytes, startup_lpc17xx.o(.text))
<BR>[Address Reference Count : 1]<UL><LI> startup_lpc17xx.o(RESET)
</UL>
<P><STRONG><a name="[f]"></a>WDT_IRQHandler</STRONG> (Thumb, 0 bytes, Stack size 0 bytes, startup_lpc17xx.o(.text))
<BR>[Address Reference Count : 1]<UL><LI> startup_lpc17xx.o(RESET)
</UL>
<P><STRONG><a name="[205]"></a>__user_initial_stackheap</STRONG> (Thumb, 0 bytes, Stack size unknown bytes, startup_lpc17xx.o(.text), UNUSED)

<P><STRONG><a name="[88]"></a>Esc_Ver_Check</STRONG> (Thumb, 10 bytes, Stack size 8 bytes, main.o(.text))
<BR><BR>[Stack]<UL><LI>Max Depth = 208 + Unknown Stack Size
<LI>Call Chain = Esc_Ver_Check &rArr; cmd_handler_foc_ver_request &rArr; uart_printf &rArr; __c89vsnprintf &rArr; _printf_char_common &rArr; __printf
</UL>
<BR>[Calls]<UL><LI><a href="#[89]">&gt;&gt;</a>&nbsp;&nbsp;&nbsp;cmd_handler_foc_ver_request
</UL>
<BR>[Called By]<UL><LI><a href="#[80]">&gt;&gt;</a>&nbsp;&nbsp;&nbsp;main
</UL>

<P><STRONG><a name="[80]"></a>main</STRONG> (Thumb, 406 bytes, Stack size 16 bytes, main.o(.text))
<BR><BR>[Stack]<UL><LI>Max Depth = 280 + Unknown Stack Size
<LI>Call Chain = main &rArr; spray_system_para_recoder &rArr; IOSD_Config_Info_Push &rArr; CAN_sendbytes_View &rArr; CAN_tx_function &rArr; CAN_tx_action_all &rArr; CAN_RING_BUF_RD_BLOCK
</UL>
<BR>[Calls]<UL><LI><a href="#[8e]">&gt;&gt;</a>&nbsp;&nbsp;&nbsp;uart_printf
<LI><a href="#[a0]">&gt;&gt;</a>&nbsp;&nbsp;&nbsp;temperature_sensor_handle
<LI><a href="#[9c]">&gt;&gt;</a>&nbsp;&nbsp;&nbsp;spray_system_press_para_init_check
<LI><a href="#[ad]">&gt;&gt;</a>&nbsp;&nbsp;&nbsp;spray_system_para_recoder
<LI><a href="#[9d]">&gt;&gt;</a>&nbsp;&nbsp;&nbsp;spray_sysem_flow_para_init_check
<LI><a href="#[9e]">&gt;&gt;</a>&nbsp;&nbsp;&nbsp;spray_residual_volume_init_check
<LI><a href="#[ae]">&gt;&gt;</a>&nbsp;&nbsp;&nbsp;spary_sys_status_push
<LI><a href="#[9b]">&gt;&gt;</a>&nbsp;&nbsp;&nbsp;set_foc_throttle_value
<LI><a href="#[95]">&gt;&gt;</a>&nbsp;&nbsp;&nbsp;sensor_adc_init
<LI><a href="#[a6]">&gt;&gt;</a>&nbsp;&nbsp;&nbsp;remaining_capacity_detection
<LI><a href="#[aa]">&gt;&gt;</a>&nbsp;&nbsp;&nbsp;pressure2_calibration_process
<LI><a href="#[a9]">&gt;&gt;</a>&nbsp;&nbsp;&nbsp;pressure1_calibration_process
<LI><a href="#[a1]">&gt;&gt;</a>&nbsp;&nbsp;&nbsp;press_sensor_handle
<LI><a href="#[94]">&gt;&gt;</a>&nbsp;&nbsp;&nbsp;level_sensor_init
<LI><a href="#[a7]">&gt;&gt;</a>&nbsp;&nbsp;&nbsp;level_data_process
<LI><a href="#[a8]">&gt;&gt;</a>&nbsp;&nbsp;&nbsp;get_capacity_flag_1L
<LI><a href="#[ac]">&gt;&gt;</a>&nbsp;&nbsp;&nbsp;flow2_calibration_process
<LI><a href="#[ab]">&gt;&gt;</a>&nbsp;&nbsp;&nbsp;flow1_calibration_process
<LI><a href="#[9a]">&gt;&gt;</a>&nbsp;&nbsp;&nbsp;deviceInfoInit
<LI><a href="#[a4]">&gt;&gt;</a>&nbsp;&nbsp;&nbsp;cmd_hander_foc_request
<LI><a href="#[a3]">&gt;&gt;</a>&nbsp;&nbsp;&nbsp;cfg_unpack_tick_a2
<LI><a href="#[a2]">&gt;&gt;</a>&nbsp;&nbsp;&nbsp;cfg_unpack_tick
<LI><a href="#[99]">&gt;&gt;</a>&nbsp;&nbsp;&nbsp;cfg_unpack_init
<LI><a href="#[af]">&gt;&gt;</a>&nbsp;&nbsp;&nbsp;capacity_by_flow_sensor
<LI><a href="#[96]">&gt;&gt;</a>&nbsp;&nbsp;&nbsp;WDT_Start
<LI><a href="#[97]">&gt;&gt;</a>&nbsp;&nbsp;&nbsp;WDT_ResetCheck
<LI><a href="#[8c]">&gt;&gt;</a>&nbsp;&nbsp;&nbsp;WDT_Init
<LI><a href="#[a5]">&gt;&gt;</a>&nbsp;&nbsp;&nbsp;WDT_Feed
<LI><a href="#[8b]">&gt;&gt;</a>&nbsp;&nbsp;&nbsp;UARTS_Init
<LI><a href="#[92]">&gt;&gt;</a>&nbsp;&nbsp;&nbsp;TIMER2_Init
<LI><a href="#[91]">&gt;&gt;</a>&nbsp;&nbsp;&nbsp;TIMER1_Init
<LI><a href="#[98]">&gt;&gt;</a>&nbsp;&nbsp;&nbsp;TIMER0_Start
<LI><a href="#[90]">&gt;&gt;</a>&nbsp;&nbsp;&nbsp;TIMER0_Init
<LI><a href="#[9f]">&gt;&gt;</a>&nbsp;&nbsp;&nbsp;TIMER0_1Ms_Timeout
<LI><a href="#[93]">&gt;&gt;</a>&nbsp;&nbsp;&nbsp;LedInit
<LI><a href="#[8d]">&gt;&gt;</a>&nbsp;&nbsp;&nbsp;Interrupt_Init
<LI><a href="#[8f]">&gt;&gt;</a>&nbsp;&nbsp;&nbsp;CAN_Init
<LI><a href="#[88]">&gt;&gt;</a>&nbsp;&nbsp;&nbsp;Esc_Ver_Check
<LI><a href="#[8a]">&gt;&gt;</a>&nbsp;&nbsp;&nbsp;SystemInit
<LI><a href="#[86]">&gt;&gt;</a>&nbsp;&nbsp;&nbsp;SystemCoreClockUpdate
</UL>
<BR>[Called By]<UL><LI><a href="#[7f]">&gt;&gt;</a>&nbsp;&nbsp;&nbsp;__rt_entry_main
</UL>

<P><STRONG><a name="[bc]"></a>CalcPowLog</STRONG> (Thumb, 52 bytes, Stack size 8 bytes, aes.o(.text))
<BR><BR>[Stack]<UL><LI>Max Depth = 8<LI>Call Chain = CalcPowLog
</UL>
<BR>[Called By]<UL><LI><a href="#[ca]">&gt;&gt;</a>&nbsp;&nbsp;&nbsp;aesEncryptAt88
<LI><a href="#[c7]">&gt;&gt;</a>&nbsp;&nbsp;&nbsp;aesEncInit
<LI><a href="#[c1]">&gt;&gt;</a>&nbsp;&nbsp;&nbsp;aesDecryptAt88
<LI><a href="#[bb]">&gt;&gt;</a>&nbsp;&nbsp;&nbsp;aesDecInit
</UL>

<P><STRONG><a name="[bd]"></a>CalcSBox</STRONG> (Thumb, 70 bytes, Stack size 16 bytes, aes.o(.text))
<BR><BR>[Stack]<UL><LI>Max Depth = 16<LI>Call Chain = CalcSBox
</UL>
<BR>[Called By]<UL><LI><a href="#[ca]">&gt;&gt;</a>&nbsp;&nbsp;&nbsp;aesEncryptAt88
<LI><a href="#[c7]">&gt;&gt;</a>&nbsp;&nbsp;&nbsp;aesEncInit
<LI><a href="#[c1]">&gt;&gt;</a>&nbsp;&nbsp;&nbsp;aesDecryptAt88
<LI><a href="#[bb]">&gt;&gt;</a>&nbsp;&nbsp;&nbsp;aesDecInit
</UL>

<P><STRONG><a name="[be]"></a>CalcSBoxInv</STRONG> (Thumb, 42 bytes, Stack size 8 bytes, aes.o(.text))
<BR><BR>[Stack]<UL><LI>Max Depth = 8<LI>Call Chain = CalcSBoxInv
</UL>
<BR>[Called By]<UL><LI><a href="#[c1]">&gt;&gt;</a>&nbsp;&nbsp;&nbsp;aesDecryptAt88
<LI><a href="#[bb]">&gt;&gt;</a>&nbsp;&nbsp;&nbsp;aesDecInit
</UL>

<P><STRONG><a name="[b4]"></a>CycleLeft</STRONG> (Thumb, 18 bytes, Stack size 0 bytes, aes.o(.text))
<BR><BR>[Called By]<UL><LI><a href="#[b7]">&gt;&gt;</a>&nbsp;&nbsp;&nbsp;KeyExpansionAt88
<LI><a href="#[b2]">&gt;&gt;</a>&nbsp;&nbsp;&nbsp;KeyExpansion
</UL>

<P><STRONG><a name="[b1]"></a>CalcCols</STRONG> (Thumb, 38 bytes, Stack size 0 bytes, aes.o(.text))
<BR><BR>[Called By]<UL><LI><a href="#[b0]">&gt;&gt;</a>&nbsp;&nbsp;&nbsp;InvMixColumn
</UL>

<P><STRONG><a name="[b0]"></a>InvMixColumn</STRONG> (Thumb, 296 bytes, Stack size 12 bytes, aes.o(.text))
<BR><BR>[Stack]<UL><LI>Max Depth = 12<LI>Call Chain = InvMixColumn
</UL>
<BR>[Calls]<UL><LI><a href="#[b1]">&gt;&gt;</a>&nbsp;&nbsp;&nbsp;CalcCols
</UL>
<BR>[Called By]<UL><LI><a href="#[b8]">&gt;&gt;</a>&nbsp;&nbsp;&nbsp;InvCipher
</UL>

<P><STRONG><a name="[b5]"></a>SubBytes</STRONG> (Thumb, 24 bytes, Stack size 0 bytes, aes.o(.text))
<BR><BR>[Called By]<UL><LI><a href="#[c5]">&gt;&gt;</a>&nbsp;&nbsp;&nbsp;Cipher
<LI><a href="#[b7]">&gt;&gt;</a>&nbsp;&nbsp;&nbsp;KeyExpansionAt88
<LI><a href="#[b2]">&gt;&gt;</a>&nbsp;&nbsp;&nbsp;KeyExpansion
</UL>

<P><STRONG><a name="[ba]"></a>InvSubBytesAndXOR</STRONG> (Thumb, 30 bytes, Stack size 8 bytes, aes.o(.text))
<BR><BR>[Stack]<UL><LI>Max Depth = 8<LI>Call Chain = InvSubBytesAndXOR
</UL>
<BR>[Called By]<UL><LI><a href="#[b8]">&gt;&gt;</a>&nbsp;&nbsp;&nbsp;InvCipher
</UL>

<P><STRONG><a name="[b9]"></a>InvShiftRows</STRONG> (Thumb, 50 bytes, Stack size 0 bytes, aes.o(.text))
<BR><BR>[Called By]<UL><LI><a href="#[b8]">&gt;&gt;</a>&nbsp;&nbsp;&nbsp;InvCipher
</UL>

<P><STRONG><a name="[b6]"></a>XORBytes</STRONG> (Thumb, 26 bytes, Stack size 8 bytes, aes.o(.text))
<BR><BR>[Stack]<UL><LI>Max Depth = 8<LI>Call Chain = XORBytes
</UL>
<BR>[Called By]<UL><LI><a href="#[ca]">&gt;&gt;</a>&nbsp;&nbsp;&nbsp;aesEncryptAt88
<LI><a href="#[c9]">&gt;&gt;</a>&nbsp;&nbsp;&nbsp;aesEncryptBlock
<LI><a href="#[c8]">&gt;&gt;</a>&nbsp;&nbsp;&nbsp;aesEncrypt
<LI><a href="#[c5]">&gt;&gt;</a>&nbsp;&nbsp;&nbsp;Cipher
<LI><a href="#[c1]">&gt;&gt;</a>&nbsp;&nbsp;&nbsp;aesDecryptAt88
<LI><a href="#[c0]">&gt;&gt;</a>&nbsp;&nbsp;&nbsp;aesDecryptBlock
<LI><a href="#[bf]">&gt;&gt;</a>&nbsp;&nbsp;&nbsp;aesDecrypt
<LI><a href="#[b8]">&gt;&gt;</a>&nbsp;&nbsp;&nbsp;InvCipher
<LI><a href="#[b7]">&gt;&gt;</a>&nbsp;&nbsp;&nbsp;KeyExpansionAt88
<LI><a href="#[b2]">&gt;&gt;</a>&nbsp;&nbsp;&nbsp;KeyExpansion
</UL>

<P><STRONG><a name="[b3]"></a>CopyBytes</STRONG> (Thumb, 20 bytes, Stack size 0 bytes, aes.o(.text))
<BR><BR>[Called By]<UL><LI><a href="#[ca]">&gt;&gt;</a>&nbsp;&nbsp;&nbsp;aesEncryptAt88
<LI><a href="#[c9]">&gt;&gt;</a>&nbsp;&nbsp;&nbsp;aesEncryptBlock
<LI><a href="#[c8]">&gt;&gt;</a>&nbsp;&nbsp;&nbsp;aesEncrypt
<LI><a href="#[c4]">&gt;&gt;</a>&nbsp;&nbsp;&nbsp;MixColumn
<LI><a href="#[c1]">&gt;&gt;</a>&nbsp;&nbsp;&nbsp;aesDecryptAt88
<LI><a href="#[c0]">&gt;&gt;</a>&nbsp;&nbsp;&nbsp;aesDecryptBlock
<LI><a href="#[bf]">&gt;&gt;</a>&nbsp;&nbsp;&nbsp;aesDecrypt
<LI><a href="#[b7]">&gt;&gt;</a>&nbsp;&nbsp;&nbsp;KeyExpansionAt88
<LI><a href="#[b2]">&gt;&gt;</a>&nbsp;&nbsp;&nbsp;KeyExpansion
</UL>

<P><STRONG><a name="[b2]"></a>KeyExpansion</STRONG> (Thumb, 168 bytes, Stack size 24 bytes, aes.o(.text))
<BR><BR>[Stack]<UL><LI>Max Depth = 32<LI>Call Chain = KeyExpansion &rArr; XORBytes
</UL>
<BR>[Calls]<UL><LI><a href="#[b3]">&gt;&gt;</a>&nbsp;&nbsp;&nbsp;CopyBytes
<LI><a href="#[b6]">&gt;&gt;</a>&nbsp;&nbsp;&nbsp;XORBytes
<LI><a href="#[b5]">&gt;&gt;</a>&nbsp;&nbsp;&nbsp;SubBytes
<LI><a href="#[b4]">&gt;&gt;</a>&nbsp;&nbsp;&nbsp;CycleLeft
</UL>
<BR>[Called By]<UL><LI><a href="#[c7]">&gt;&gt;</a>&nbsp;&nbsp;&nbsp;aesEncInit
<LI><a href="#[bb]">&gt;&gt;</a>&nbsp;&nbsp;&nbsp;aesDecInit
</UL>

<P><STRONG><a name="[b7]"></a>KeyExpansionAt88</STRONG> (Thumb, 168 bytes, Stack size 24 bytes, aes.o(.text), UNUSED)
<BR><BR>[Calls]<UL><LI><a href="#[b3]">&gt;&gt;</a>&nbsp;&nbsp;&nbsp;CopyBytes
<LI><a href="#[b6]">&gt;&gt;</a>&nbsp;&nbsp;&nbsp;XORBytes
<LI><a href="#[b5]">&gt;&gt;</a>&nbsp;&nbsp;&nbsp;SubBytes
<LI><a href="#[b4]">&gt;&gt;</a>&nbsp;&nbsp;&nbsp;CycleLeft
</UL>
<BR>[Called By]<UL><LI><a href="#[ca]">&gt;&gt;</a>&nbsp;&nbsp;&nbsp;aesEncryptAt88
<LI><a href="#[c1]">&gt;&gt;</a>&nbsp;&nbsp;&nbsp;aesDecryptAt88
</UL>

<P><STRONG><a name="[b8]"></a>InvCipher</STRONG> (Thumb, 132 bytes, Stack size 24 bytes, aes.o(.text))
<BR><BR>[Stack]<UL><LI>Max Depth = 36<LI>Call Chain = InvCipher &rArr; InvMixColumn
</UL>
<BR>[Calls]<UL><LI><a href="#[b6]">&gt;&gt;</a>&nbsp;&nbsp;&nbsp;XORBytes
<LI><a href="#[b9]">&gt;&gt;</a>&nbsp;&nbsp;&nbsp;InvShiftRows
<LI><a href="#[ba]">&gt;&gt;</a>&nbsp;&nbsp;&nbsp;InvSubBytesAndXOR
<LI><a href="#[b0]">&gt;&gt;</a>&nbsp;&nbsp;&nbsp;InvMixColumn
</UL>
<BR>[Called By]<UL><LI><a href="#[c1]">&gt;&gt;</a>&nbsp;&nbsp;&nbsp;aesDecryptAt88
<LI><a href="#[c0]">&gt;&gt;</a>&nbsp;&nbsp;&nbsp;aesDecryptBlock
<LI><a href="#[bf]">&gt;&gt;</a>&nbsp;&nbsp;&nbsp;aesDecrypt
</UL>

<P><STRONG><a name="[bb]"></a>aesDecInit</STRONG> (Thumb, 74 bytes, Stack size 4 bytes, aes.o(.text))
<BR><BR>[Stack]<UL><LI>Max Depth = 36<LI>Call Chain = aesDecInit &rArr; KeyExpansion &rArr; XORBytes
</UL>
<BR>[Calls]<UL><LI><a href="#[b2]">&gt;&gt;</a>&nbsp;&nbsp;&nbsp;KeyExpansion
<LI><a href="#[be]">&gt;&gt;</a>&nbsp;&nbsp;&nbsp;CalcSBoxInv
<LI><a href="#[bd]">&gt;&gt;</a>&nbsp;&nbsp;&nbsp;CalcSBox
<LI><a href="#[bc]">&gt;&gt;</a>&nbsp;&nbsp;&nbsp;CalcPowLog
</UL>
<BR>[Called By]<UL><LI><a href="#[3a]">&gt;&gt;</a>&nbsp;&nbsp;&nbsp;cmd_handler_start_upgrade
</UL>

<P><STRONG><a name="[bf]"></a>aesDecrypt</STRONG> (Thumb, 48 bytes, Stack size 12 bytes, aes.o(.text), UNUSED)
<BR><BR>[Calls]<UL><LI><a href="#[b8]">&gt;&gt;</a>&nbsp;&nbsp;&nbsp;InvCipher
<LI><a href="#[b3]">&gt;&gt;</a>&nbsp;&nbsp;&nbsp;CopyBytes
<LI><a href="#[b6]">&gt;&gt;</a>&nbsp;&nbsp;&nbsp;XORBytes
</UL>

<P><STRONG><a name="[c0]"></a>aesDecryptBlock</STRONG> (Thumb, 76 bytes, Stack size 16 bytes, aes.o(.text))
<BR><BR>[Stack]<UL><LI>Max Depth = 52<LI>Call Chain = aesDecryptBlock &rArr; InvCipher &rArr; InvMixColumn
</UL>
<BR>[Calls]<UL><LI><a href="#[b8]">&gt;&gt;</a>&nbsp;&nbsp;&nbsp;InvCipher
<LI><a href="#[b3]">&gt;&gt;</a>&nbsp;&nbsp;&nbsp;CopyBytes
<LI><a href="#[b6]">&gt;&gt;</a>&nbsp;&nbsp;&nbsp;XORBytes
</UL>
<BR>[Called By]<UL><LI><a href="#[3b]">&gt;&gt;</a>&nbsp;&nbsp;&nbsp;cmd_handler_data_upgrade
</UL>

<P><STRONG><a name="[c1]"></a>aesDecryptAt88</STRONG> (Thumb, 122 bytes, Stack size 12 bytes, aes.o(.text), UNUSED)
<BR><BR>[Calls]<UL><LI><a href="#[b8]">&gt;&gt;</a>&nbsp;&nbsp;&nbsp;InvCipher
<LI><a href="#[b7]">&gt;&gt;</a>&nbsp;&nbsp;&nbsp;KeyExpansionAt88
<LI><a href="#[b3]">&gt;&gt;</a>&nbsp;&nbsp;&nbsp;CopyBytes
<LI><a href="#[b6]">&gt;&gt;</a>&nbsp;&nbsp;&nbsp;XORBytes
<LI><a href="#[be]">&gt;&gt;</a>&nbsp;&nbsp;&nbsp;CalcSBoxInv
<LI><a href="#[bd]">&gt;&gt;</a>&nbsp;&nbsp;&nbsp;CalcSBox
<LI><a href="#[bc]">&gt;&gt;</a>&nbsp;&nbsp;&nbsp;CalcPowLog
</UL>

<P><STRONG><a name="[c3]"></a>Multiply</STRONG> (Thumb, 48 bytes, Stack size 8 bytes, aes.o(.text), UNUSED)
<BR><BR>[Called By]<UL><LI><a href="#[c2]">&gt;&gt;</a>&nbsp;&nbsp;&nbsp;DotProduct
</UL>

<P><STRONG><a name="[c2]"></a>DotProduct</STRONG> (Thumb, 38 bytes, Stack size 20 bytes, aes.o(.text), UNUSED)
<BR><BR>[Calls]<UL><LI><a href="#[c3]">&gt;&gt;</a>&nbsp;&nbsp;&nbsp;Multiply
</UL>
<BR>[Called By]<UL><LI><a href="#[c4]">&gt;&gt;</a>&nbsp;&nbsp;&nbsp;MixColumn
</UL>

<P><STRONG><a name="[c4]"></a>MixColumn</STRONG> (Thumb, 70 bytes, Stack size 12 bytes, aes.o(.text), UNUSED)
<BR><BR>[Calls]<UL><LI><a href="#[c2]">&gt;&gt;</a>&nbsp;&nbsp;&nbsp;DotProduct
<LI><a href="#[b3]">&gt;&gt;</a>&nbsp;&nbsp;&nbsp;CopyBytes
</UL>
<BR>[Called By]<UL><LI><a href="#[c5]">&gt;&gt;</a>&nbsp;&nbsp;&nbsp;Cipher
</UL>

<P><STRONG><a name="[c6]"></a>ShiftRows</STRONG> (Thumb, 50 bytes, Stack size 0 bytes, aes.o(.text), UNUSED)
<BR><BR>[Called By]<UL><LI><a href="#[c5]">&gt;&gt;</a>&nbsp;&nbsp;&nbsp;Cipher
</UL>

<P><STRONG><a name="[c5]"></a>Cipher</STRONG> (Thumb, 116 bytes, Stack size 24 bytes, aes.o(.text), UNUSED)
<BR><BR>[Calls]<UL><LI><a href="#[c6]">&gt;&gt;</a>&nbsp;&nbsp;&nbsp;ShiftRows
<LI><a href="#[c4]">&gt;&gt;</a>&nbsp;&nbsp;&nbsp;MixColumn
<LI><a href="#[b6]">&gt;&gt;</a>&nbsp;&nbsp;&nbsp;XORBytes
<LI><a href="#[b5]">&gt;&gt;</a>&nbsp;&nbsp;&nbsp;SubBytes
</UL>
<BR>[Called By]<UL><LI><a href="#[ca]">&gt;&gt;</a>&nbsp;&nbsp;&nbsp;aesEncryptAt88
<LI><a href="#[c9]">&gt;&gt;</a>&nbsp;&nbsp;&nbsp;aesEncryptBlock
<LI><a href="#[c8]">&gt;&gt;</a>&nbsp;&nbsp;&nbsp;aesEncrypt
</UL>

<P><STRONG><a name="[c7]"></a>aesEncInit</STRONG> (Thumb, 56 bytes, Stack size 4 bytes, aes.o(.text), UNUSED)
<BR><BR>[Calls]<UL><LI><a href="#[b2]">&gt;&gt;</a>&nbsp;&nbsp;&nbsp;KeyExpansion
<LI><a href="#[bd]">&gt;&gt;</a>&nbsp;&nbsp;&nbsp;CalcSBox
<LI><a href="#[bc]">&gt;&gt;</a>&nbsp;&nbsp;&nbsp;CalcPowLog
</UL>

<P><STRONG><a name="[c8]"></a>aesEncrypt</STRONG> (Thumb, 38 bytes, Stack size 12 bytes, aes.o(.text), UNUSED)
<BR><BR>[Calls]<UL><LI><a href="#[c5]">&gt;&gt;</a>&nbsp;&nbsp;&nbsp;Cipher
<LI><a href="#[b3]">&gt;&gt;</a>&nbsp;&nbsp;&nbsp;CopyBytes
<LI><a href="#[b6]">&gt;&gt;</a>&nbsp;&nbsp;&nbsp;XORBytes
</UL>

<P><STRONG><a name="[c9]"></a>aesEncryptBlock</STRONG> (Thumb, 66 bytes, Stack size 16 bytes, aes.o(.text), UNUSED)
<BR><BR>[Calls]<UL><LI><a href="#[c5]">&gt;&gt;</a>&nbsp;&nbsp;&nbsp;Cipher
<LI><a href="#[b3]">&gt;&gt;</a>&nbsp;&nbsp;&nbsp;CopyBytes
<LI><a href="#[b6]">&gt;&gt;</a>&nbsp;&nbsp;&nbsp;XORBytes
</UL>

<P><STRONG><a name="[ca]"></a>aesEncryptAt88</STRONG> (Thumb, 104 bytes, Stack size 12 bytes, aes.o(.text), UNUSED)
<BR><BR>[Calls]<UL><LI><a href="#[c5]">&gt;&gt;</a>&nbsp;&nbsp;&nbsp;Cipher
<LI><a href="#[b7]">&gt;&gt;</a>&nbsp;&nbsp;&nbsp;KeyExpansionAt88
<LI><a href="#[b3]">&gt;&gt;</a>&nbsp;&nbsp;&nbsp;CopyBytes
<LI><a href="#[b6]">&gt;&gt;</a>&nbsp;&nbsp;&nbsp;XORBytes
<LI><a href="#[bd]">&gt;&gt;</a>&nbsp;&nbsp;&nbsp;CalcSBox
<LI><a href="#[bc]">&gt;&gt;</a>&nbsp;&nbsp;&nbsp;CalcPowLog
</UL>

<P><STRONG><a name="[cc]"></a>Get_CRC8_Check_Sum</STRONG> (Thumb, 30 bytes, Stack size 12 bytes, mf_crc8.o(.text))
<BR><BR>[Stack]<UL><LI>Max Depth = 12<LI>Call Chain = Get_CRC8_Check_Sum
</UL>
<BR>[Called By]<UL><LI><a href="#[cd]">&gt;&gt;</a>&nbsp;&nbsp;&nbsp;Append_CRC8_Check_Sum
<LI><a href="#[cb]">&gt;&gt;</a>&nbsp;&nbsp;&nbsp;Verify_CRC8_Check_Sum
</UL>

<P><STRONG><a name="[cb]"></a>Verify_CRC8_Check_Sum</STRONG> (Thumb, 46 bytes, Stack size 16 bytes, mf_crc8.o(.text))
<BR><BR>[Stack]<UL><LI>Max Depth = 28<LI>Call Chain = Verify_CRC8_Check_Sum &rArr; Get_CRC8_Check_Sum
</UL>
<BR>[Calls]<UL><LI><a href="#[cc]">&gt;&gt;</a>&nbsp;&nbsp;&nbsp;Get_CRC8_Check_Sum
</UL>
<BR>[Called By]<UL><LI><a href="#[d4]">&gt;&gt;</a>&nbsp;&nbsp;&nbsp;cfg_decoder_upack
</UL>

<P><STRONG><a name="[cd]"></a>Append_CRC8_Check_Sum</STRONG> (Thumb, 36 bytes, Stack size 16 bytes, mf_crc8.o(.text))
<BR><BR>[Stack]<UL><LI>Max Depth = 28<LI>Call Chain = Append_CRC8_Check_Sum &rArr; Get_CRC8_Check_Sum
</UL>
<BR>[Calls]<UL><LI><a href="#[cc]">&gt;&gt;</a>&nbsp;&nbsp;&nbsp;Get_CRC8_Check_Sum
</UL>
<BR>[Called By]<UL><LI><a href="#[116]">&gt;&gt;</a>&nbsp;&nbsp;&nbsp;spray_system_data_Push
<LI><a href="#[115]">&gt;&gt;</a>&nbsp;&nbsp;&nbsp;IOSD_Config_Info_Push
<LI><a href="#[114]">&gt;&gt;</a>&nbsp;&nbsp;&nbsp;IOSD_status_inquire
<LI><a href="#[113]">&gt;&gt;</a>&nbsp;&nbsp;&nbsp;IOSD_Block_ID_Request
<LI><a href="#[de]">&gt;&gt;</a>&nbsp;&nbsp;&nbsp;cmd_headler_send_command_v0
<LI><a href="#[d9]">&gt;&gt;</a>&nbsp;&nbsp;&nbsp;cmd_headler_send_command_v1
<LI><a href="#[d6]">&gt;&gt;</a>&nbsp;&nbsp;&nbsp;PC_LOG
<LI><a href="#[ae]">&gt;&gt;</a>&nbsp;&nbsp;&nbsp;spary_sys_status_push
</UL>

<P><STRONG><a name="[cf]"></a>Get_CRC16_Check_Sum</STRONG> (Thumb, 48 bytes, Stack size 12 bytes, mf_crc16.o(.text))
<BR><BR>[Stack]<UL><LI>Max Depth = 12<LI>Call Chain = Get_CRC16_Check_Sum
</UL>
<BR>[Called By]<UL><LI><a href="#[120]">&gt;&gt;</a>&nbsp;&nbsp;&nbsp;check_sum_calculate
<LI><a href="#[11d]">&gt;&gt;</a>&nbsp;&nbsp;&nbsp;valuate_checksum
<LI><a href="#[d0]">&gt;&gt;</a>&nbsp;&nbsp;&nbsp;Append_CRC16_Check_Sum
<LI><a href="#[ce]">&gt;&gt;</a>&nbsp;&nbsp;&nbsp;Verify_CRC16_Check_Sum
</UL>

<P><STRONG><a name="[ce]"></a>Verify_CRC16_Check_Sum</STRONG> (Thumb, 62 bytes, Stack size 16 bytes, mf_crc16.o(.text))
<BR><BR>[Stack]<UL><LI>Max Depth = 28<LI>Call Chain = Verify_CRC16_Check_Sum &rArr; Get_CRC16_Check_Sum
</UL>
<BR>[Calls]<UL><LI><a href="#[cf]">&gt;&gt;</a>&nbsp;&nbsp;&nbsp;Get_CRC16_Check_Sum
</UL>
<BR>[Called By]<UL><LI><a href="#[d4]">&gt;&gt;</a>&nbsp;&nbsp;&nbsp;cfg_decoder_upack
</UL>

<P><STRONG><a name="[d0]"></a>Append_CRC16_Check_Sum</STRONG> (Thumb, 44 bytes, Stack size 16 bytes, mf_crc16.o(.text))
<BR><BR>[Stack]<UL><LI>Max Depth = 28<LI>Call Chain = Append_CRC16_Check_Sum &rArr; Get_CRC16_Check_Sum
</UL>
<BR>[Calls]<UL><LI><a href="#[cf]">&gt;&gt;</a>&nbsp;&nbsp;&nbsp;Get_CRC16_Check_Sum
</UL>
<BR>[Called By]<UL><LI><a href="#[116]">&gt;&gt;</a>&nbsp;&nbsp;&nbsp;spray_system_data_Push
<LI><a href="#[115]">&gt;&gt;</a>&nbsp;&nbsp;&nbsp;IOSD_Config_Info_Push
<LI><a href="#[114]">&gt;&gt;</a>&nbsp;&nbsp;&nbsp;IOSD_status_inquire
<LI><a href="#[113]">&gt;&gt;</a>&nbsp;&nbsp;&nbsp;IOSD_Block_ID_Request
<LI><a href="#[de]">&gt;&gt;</a>&nbsp;&nbsp;&nbsp;cmd_headler_send_command_v0
<LI><a href="#[d9]">&gt;&gt;</a>&nbsp;&nbsp;&nbsp;cmd_headler_send_command_v1
<LI><a href="#[d6]">&gt;&gt;</a>&nbsp;&nbsp;&nbsp;PC_LOG
<LI><a href="#[ae]">&gt;&gt;</a>&nbsp;&nbsp;&nbsp;spary_sys_status_push
</UL>

<P><STRONG><a name="[99]"></a>cfg_unpack_init</STRONG> (Thumb, 112 bytes, Stack size 8 bytes, cfg_unpack.o(.text))
<BR><BR>[Stack]<UL><LI>Max Depth = 8<LI>Call Chain = cfg_unpack_init
</UL>
<BR>[Calls]<UL><LI><a href="#[d1]">&gt;&gt;</a>&nbsp;&nbsp;&nbsp;cfg_decoder_init
</UL>
<BR>[Called By]<UL><LI><a href="#[80]">&gt;&gt;</a>&nbsp;&nbsp;&nbsp;main
</UL>

<P><STRONG><a name="[a2]"></a>cfg_unpack_tick</STRONG> (Thumb, 522 bytes, Stack size 16 bytes, cfg_unpack.o(.text))
<BR><BR>[Stack]<UL><LI>Max Depth = 176 + Unknown Stack Size
<LI>Call Chain = cfg_unpack_tick &rArr; command_process_v1 &rArr; cmd_headler_send_command_v1 &rArr; CAN_sendbytes_View &rArr; CAN_tx_function &rArr; CAN_tx_action_all &rArr; CAN_RING_BUF_RD_BLOCK
</UL>
<BR>[Calls]<UL><LI><a href="#[d5]">&gt;&gt;</a>&nbsp;&nbsp;&nbsp;command_process_v1
<LI><a href="#[d4]">&gt;&gt;</a>&nbsp;&nbsp;&nbsp;cfg_decoder_upack
<LI><a href="#[d3]">&gt;&gt;</a>&nbsp;&nbsp;&nbsp;CAN_RING_BUF_RD
<LI><a href="#[d2]">&gt;&gt;</a>&nbsp;&nbsp;&nbsp;CAN_RING_BUF_COUNT
</UL>
<BR>[Called By]<UL><LI><a href="#[80]">&gt;&gt;</a>&nbsp;&nbsp;&nbsp;main
</UL>

<P><STRONG><a name="[d6]"></a>PC_LOG</STRONG> (Thumb, 210 bytes, Stack size 40 bytes, cfg_unpack.o(.text), UNUSED)
<BR><BR>[Calls]<UL><LI><a href="#[d8]">&gt;&gt;</a>&nbsp;&nbsp;&nbsp;CAN_sendbytes_View
<LI><a href="#[d0]">&gt;&gt;</a>&nbsp;&nbsp;&nbsp;Append_CRC16_Check_Sum
<LI><a href="#[cd]">&gt;&gt;</a>&nbsp;&nbsp;&nbsp;Append_CRC8_Check_Sum
<LI><a href="#[d7]">&gt;&gt;</a>&nbsp;&nbsp;&nbsp;__c89vsnprintf
</UL>

<P><STRONG><a name="[d9]"></a>cmd_headler_send_command_v1</STRONG> (Thumb, 196 bytes, Stack size 16 bytes, cfg_handler.o(.text))
<BR><BR>[Stack]<UL><LI>Max Depth = 136 + Unknown Stack Size
<LI>Call Chain = cmd_headler_send_command_v1 &rArr; CAN_sendbytes_View &rArr; CAN_tx_function &rArr; CAN_tx_action_all &rArr; CAN_RING_BUF_RD_BLOCK
</UL>
<BR>[Calls]<UL><LI><a href="#[dd]">&gt;&gt;</a>&nbsp;&nbsp;&nbsp;UART3_send_pack
<LI><a href="#[dc]">&gt;&gt;</a>&nbsp;&nbsp;&nbsp;UART2_send_pack
<LI><a href="#[db]">&gt;&gt;</a>&nbsp;&nbsp;&nbsp;UART1_send_pack
<LI><a href="#[da]">&gt;&gt;</a>&nbsp;&nbsp;&nbsp;UART0_send_pack
<LI><a href="#[d8]">&gt;&gt;</a>&nbsp;&nbsp;&nbsp;CAN_sendbytes_View
<LI><a href="#[d0]">&gt;&gt;</a>&nbsp;&nbsp;&nbsp;Append_CRC16_Check_Sum
<LI><a href="#[cd]">&gt;&gt;</a>&nbsp;&nbsp;&nbsp;Append_CRC8_Check_Sum
</UL>
<BR>[Called By]<UL><LI><a href="#[111]">&gt;&gt;</a>&nbsp;&nbsp;&nbsp;cfg_status_report
<LI><a href="#[45]">&gt;&gt;</a>&nbsp;&nbsp;&nbsp;cmd_handler_flowmeter_K_control
<LI><a href="#[44]">&gt;&gt;</a>&nbsp;&nbsp;&nbsp;cmd_handler_residual_volume_warning
<LI><a href="#[42]">&gt;&gt;</a>&nbsp;&nbsp;&nbsp;cmd_handler_flow_cali
<LI><a href="#[3f]">&gt;&gt;</a>&nbsp;&nbsp;&nbsp;cmd_handler_set_version
<LI><a href="#[3e]">&gt;&gt;</a>&nbsp;&nbsp;&nbsp;cmd_handler_status_report
<LI><a href="#[3d]">&gt;&gt;</a>&nbsp;&nbsp;&nbsp;cmd_handler_reboot
<LI><a href="#[3c]">&gt;&gt;</a>&nbsp;&nbsp;&nbsp;cmd_handler_end_upgrade
<LI><a href="#[3b]">&gt;&gt;</a>&nbsp;&nbsp;&nbsp;cmd_handler_data_upgrade
<LI><a href="#[3a]">&gt;&gt;</a>&nbsp;&nbsp;&nbsp;cmd_handler_start_upgrade
<LI><a href="#[39]">&gt;&gt;</a>&nbsp;&nbsp;&nbsp;cmd_handler_entry_upgrade
<LI><a href="#[38]">&gt;&gt;</a>&nbsp;&nbsp;&nbsp;cmd_handler_device_info
<LI><a href="#[d5]">&gt;&gt;</a>&nbsp;&nbsp;&nbsp;command_process_v1
<LI><a href="#[89]">&gt;&gt;</a>&nbsp;&nbsp;&nbsp;cmd_handler_foc_ver_request
</UL>

<P><STRONG><a name="[e1]"></a>cmd_handler_init_header_v1</STRONG> (Thumb, 74 bytes, Stack size 16 bytes, cfg_handler.o(.text))
<BR><BR>[Stack]<UL><LI>Max Depth = 16<LI>Call Chain = cmd_handler_init_header_v1
</UL>
<BR>[Called By]<UL><LI><a href="#[45]">&gt;&gt;</a>&nbsp;&nbsp;&nbsp;cmd_handler_flowmeter_K_control
<LI><a href="#[44]">&gt;&gt;</a>&nbsp;&nbsp;&nbsp;cmd_handler_residual_volume_warning
<LI><a href="#[42]">&gt;&gt;</a>&nbsp;&nbsp;&nbsp;cmd_handler_flow_cali
<LI><a href="#[3f]">&gt;&gt;</a>&nbsp;&nbsp;&nbsp;cmd_handler_set_version
<LI><a href="#[3e]">&gt;&gt;</a>&nbsp;&nbsp;&nbsp;cmd_handler_status_report
<LI><a href="#[3d]">&gt;&gt;</a>&nbsp;&nbsp;&nbsp;cmd_handler_reboot
<LI><a href="#[3c]">&gt;&gt;</a>&nbsp;&nbsp;&nbsp;cmd_handler_end_upgrade
<LI><a href="#[3b]">&gt;&gt;</a>&nbsp;&nbsp;&nbsp;cmd_handler_data_upgrade
<LI><a href="#[3a]">&gt;&gt;</a>&nbsp;&nbsp;&nbsp;cmd_handler_start_upgrade
<LI><a href="#[39]">&gt;&gt;</a>&nbsp;&nbsp;&nbsp;cmd_handler_entry_upgrade
<LI><a href="#[38]">&gt;&gt;</a>&nbsp;&nbsp;&nbsp;cmd_handler_device_info
</UL>

<P><STRONG><a name="[de]"></a>cmd_headler_send_command_v0</STRONG> (Thumb, 142 bytes, Stack size 16 bytes, cfg_handler.o(.text))
<BR><BR>[Stack]<UL><LI>Max Depth = 136 + Unknown Stack Size
<LI>Call Chain = cmd_headler_send_command_v0 &rArr; CAN_sendbytes_View &rArr; CAN_tx_function &rArr; CAN_tx_action_all &rArr; CAN_RING_BUF_RD_BLOCK
</UL>
<BR>[Calls]<UL><LI><a href="#[dd]">&gt;&gt;</a>&nbsp;&nbsp;&nbsp;UART3_send_pack
<LI><a href="#[db]">&gt;&gt;</a>&nbsp;&nbsp;&nbsp;UART1_send_pack
<LI><a href="#[da]">&gt;&gt;</a>&nbsp;&nbsp;&nbsp;UART0_send_pack
<LI><a href="#[d8]">&gt;&gt;</a>&nbsp;&nbsp;&nbsp;CAN_sendbytes_View
<LI><a href="#[d0]">&gt;&gt;</a>&nbsp;&nbsp;&nbsp;Append_CRC16_Check_Sum
<LI><a href="#[cd]">&gt;&gt;</a>&nbsp;&nbsp;&nbsp;Append_CRC8_Check_Sum
</UL>
<BR>[Called By]<UL><LI><a href="#[a4]">&gt;&gt;</a>&nbsp;&nbsp;&nbsp;cmd_hander_foc_request
</UL>

<P><STRONG><a name="[38]"></a>cmd_handler_device_info</STRONG> (Thumb, 196 bytes, Stack size 24 bytes, cfg_handler.o(.text))
<BR><BR>[Stack]<UL><LI>Max Depth = 184 + Unknown Stack Size
<LI>Call Chain = cmd_handler_device_info &rArr; uart_printf &rArr; __c89vsnprintf &rArr; _printf_char_common &rArr; __printf
</UL>
<BR>[Calls]<UL><LI><a href="#[e0]">&gt;&gt;</a>&nbsp;&nbsp;&nbsp;sbl_get_loader_version
<LI><a href="#[df]">&gt;&gt;</a>&nbsp;&nbsp;&nbsp;hardware_id_read_flash
<LI><a href="#[e1]">&gt;&gt;</a>&nbsp;&nbsp;&nbsp;cmd_handler_init_header_v1
<LI><a href="#[d9]">&gt;&gt;</a>&nbsp;&nbsp;&nbsp;cmd_headler_send_command_v1
<LI><a href="#[8e]">&gt;&gt;</a>&nbsp;&nbsp;&nbsp;uart_printf
</UL>
<BR>[Address Reference Count : 1]<UL><LI> cfg_handler.o(.constdata)
</UL>
<P><STRONG><a name="[39]"></a>cmd_handler_entry_upgrade</STRONG> (Thumb, 122 bytes, Stack size 32 bytes, cfg_handler.o(.text))
<BR><BR>[Stack]<UL><LI>Max Depth = 192 + Unknown Stack Size
<LI>Call Chain = cmd_handler_entry_upgrade &rArr; uart_printf &rArr; __c89vsnprintf &rArr; _printf_char_common &rArr; __printf
</UL>
<BR>[Calls]<UL><LI><a href="#[e2]">&gt;&gt;</a>&nbsp;&nbsp;&nbsp;erase_programming_done_flag
<LI><a href="#[e1]">&gt;&gt;</a>&nbsp;&nbsp;&nbsp;cmd_handler_init_header_v1
<LI><a href="#[d9]">&gt;&gt;</a>&nbsp;&nbsp;&nbsp;cmd_headler_send_command_v1
<LI><a href="#[8e]">&gt;&gt;</a>&nbsp;&nbsp;&nbsp;uart_printf
<LI><a href="#[a5]">&gt;&gt;</a>&nbsp;&nbsp;&nbsp;WDT_Feed
</UL>
<BR>[Address Reference Count : 1]<UL><LI> cfg_handler.o(.constdata)
</UL>
<P><STRONG><a name="[3a]"></a>cmd_handler_start_upgrade</STRONG> (Thumb, 146 bytes, Stack size 32 bytes, cfg_handler.o(.text))
<BR><BR>[Stack]<UL><LI>Max Depth = 168 + Unknown Stack Size
<LI>Call Chain = cmd_handler_start_upgrade &rArr; cmd_headler_send_command_v1 &rArr; CAN_sendbytes_View &rArr; CAN_tx_function &rArr; CAN_tx_action_all &rArr; CAN_RING_BUF_RD_BLOCK
</UL>
<BR>[Calls]<UL><LI><a href="#[e3]">&gt;&gt;</a>&nbsp;&nbsp;&nbsp;erase_user_area
<LI><a href="#[e1]">&gt;&gt;</a>&nbsp;&nbsp;&nbsp;cmd_handler_init_header_v1
<LI><a href="#[d9]">&gt;&gt;</a>&nbsp;&nbsp;&nbsp;cmd_headler_send_command_v1
<LI><a href="#[bb]">&gt;&gt;</a>&nbsp;&nbsp;&nbsp;aesDecInit
</UL>
<BR>[Address Reference Count : 1]<UL><LI> cfg_handler.o(.constdata)
</UL>
<P><STRONG><a name="[3b]"></a>cmd_handler_data_upgrade</STRONG> (Thumb, 372 bytes, Stack size 32 bytes, cfg_handler.o(.text))
<BR><BR>[Stack]<UL><LI>Max Depth = 168 + Unknown Stack Size
<LI>Call Chain = cmd_handler_data_upgrade &rArr; cmd_headler_send_command_v1 &rArr; CAN_sendbytes_View &rArr; CAN_tx_function &rArr; CAN_tx_action_all &rArr; CAN_RING_BUF_RD_BLOCK
</UL>
<BR>[Calls]<UL><LI><a href="#[e5]">&gt;&gt;</a>&nbsp;&nbsp;&nbsp;write_flash
<LI><a href="#[e6]">&gt;&gt;</a>&nbsp;&nbsp;&nbsp;compare_data
<LI><a href="#[e1]">&gt;&gt;</a>&nbsp;&nbsp;&nbsp;cmd_handler_init_header_v1
<LI><a href="#[d9]">&gt;&gt;</a>&nbsp;&nbsp;&nbsp;cmd_headler_send_command_v1
<LI><a href="#[c0]">&gt;&gt;</a>&nbsp;&nbsp;&nbsp;aesDecryptBlock
<LI><a href="#[e4]">&gt;&gt;</a>&nbsp;&nbsp;&nbsp;__aeabi_memcpy
</UL>
<BR>[Address Reference Count : 1]<UL><LI> cfg_handler.o(.constdata)
</UL>
<P><STRONG><a name="[3c]"></a>cmd_handler_end_upgrade</STRONG> (Thumb, 148 bytes, Stack size 48 bytes, cfg_handler.o(.text))
<BR><BR>[Stack]<UL><LI>Max Depth = 412 + Unknown Stack Size
<LI>Call Chain = cmd_handler_end_upgrade &rArr; MD5Final &rArr; MD5Update &rArr; MD5Transform &rArr; MD5Decode
</UL>
<BR>[Calls]<UL><LI><a href="#[ea]">&gt;&gt;</a>&nbsp;&nbsp;&nbsp;write_programming_done_flag
<LI><a href="#[e8]">&gt;&gt;</a>&nbsp;&nbsp;&nbsp;MD5Update
<LI><a href="#[e7]">&gt;&gt;</a>&nbsp;&nbsp;&nbsp;MD5Init
<LI><a href="#[e9]">&gt;&gt;</a>&nbsp;&nbsp;&nbsp;MD5Final
<LI><a href="#[e1]">&gt;&gt;</a>&nbsp;&nbsp;&nbsp;cmd_handler_init_header_v1
<LI><a href="#[d9]">&gt;&gt;</a>&nbsp;&nbsp;&nbsp;cmd_headler_send_command_v1
</UL>
<BR>[Address Reference Count : 1]<UL><LI> cfg_handler.o(.constdata)
</UL>
<P><STRONG><a name="[3d]"></a>cmd_handler_reboot</STRONG> (Thumb, 90 bytes, Stack size 24 bytes, cfg_handler.o(.text))
<BR><BR>[Stack]<UL><LI>Max Depth = 160 + Unknown Stack Size
<LI>Call Chain = cmd_handler_reboot &rArr; cmd_headler_send_command_v1 &rArr; CAN_sendbytes_View &rArr; CAN_tx_function &rArr; CAN_tx_action_all &rArr; CAN_RING_BUF_RD_BLOCK
</UL>
<BR>[Calls]<UL><LI><a href="#[eb]">&gt;&gt;</a>&nbsp;&nbsp;&nbsp;WDT_UpdateTimeOut
<LI><a href="#[ec]">&gt;&gt;</a>&nbsp;&nbsp;&nbsp;WDT_Lock
<LI><a href="#[e1]">&gt;&gt;</a>&nbsp;&nbsp;&nbsp;cmd_handler_init_header_v1
<LI><a href="#[d9]">&gt;&gt;</a>&nbsp;&nbsp;&nbsp;cmd_headler_send_command_v1
</UL>
<BR>[Address Reference Count : 1]<UL><LI> cfg_handler.o(.constdata)
</UL>
<P><STRONG><a name="[3e]"></a>cmd_handler_status_report</STRONG> (Thumb, 102 bytes, Stack size 24 bytes, cfg_handler.o(.text))
<BR><BR>[Stack]<UL><LI>Max Depth = 160 + Unknown Stack Size
<LI>Call Chain = cmd_handler_status_report &rArr; cmd_headler_send_command_v1 &rArr; CAN_sendbytes_View &rArr; CAN_tx_function &rArr; CAN_tx_action_all &rArr; CAN_RING_BUF_RD_BLOCK
</UL>
<BR>[Calls]<UL><LI><a href="#[e1]">&gt;&gt;</a>&nbsp;&nbsp;&nbsp;cmd_handler_init_header_v1
<LI><a href="#[d9]">&gt;&gt;</a>&nbsp;&nbsp;&nbsp;cmd_headler_send_command_v1
</UL>
<BR>[Address Reference Count : 1]<UL><LI> cfg_handler.o(.constdata)
</UL>
<P><STRONG><a name="[3f]"></a>cmd_handler_set_version</STRONG> (Thumb, 110 bytes, Stack size 32 bytes, cfg_handler.o(.text))
<BR><BR>[Stack]<UL><LI>Max Depth = 168 + Unknown Stack Size
<LI>Call Chain = cmd_handler_set_version &rArr; cmd_headler_send_command_v1 &rArr; CAN_sendbytes_View &rArr; CAN_tx_function &rArr; CAN_tx_action_all &rArr; CAN_RING_BUF_RD_BLOCK
</UL>
<BR>[Calls]<UL><LI><a href="#[ed]">&gt;&gt;</a>&nbsp;&nbsp;&nbsp;hardware_id_write_flash
<LI><a href="#[df]">&gt;&gt;</a>&nbsp;&nbsp;&nbsp;hardware_id_read_flash
<LI><a href="#[e1]">&gt;&gt;</a>&nbsp;&nbsp;&nbsp;cmd_handler_init_header_v1
<LI><a href="#[d9]">&gt;&gt;</a>&nbsp;&nbsp;&nbsp;cmd_headler_send_command_v1
</UL>
<BR>[Address Reference Count : 1]<UL><LI> cfg_handler.o(.constdata)
</UL>
<P><STRONG><a name="[41]"></a>cmd_hander_motor_process</STRONG> (Thumb, 54 bytes, Stack size 24 bytes, cfg_handler.o(.text))
<BR><BR>[Stack]<UL><LI>Max Depth = 184 + Unknown Stack Size
<LI>Call Chain = cmd_hander_motor_process &rArr; uart_printf &rArr; __c89vsnprintf &rArr; _printf_char_common &rArr; __printf
</UL>
<BR>[Calls]<UL><LI><a href="#[8e]">&gt;&gt;</a>&nbsp;&nbsp;&nbsp;uart_printf
</UL>
<BR>[Address Reference Count : 1]<UL><LI> cfg_handler.o(.constdata)
</UL>
<P><STRONG><a name="[ee]"></a>set_pwm_present</STRONG> (Thumb, 84 bytes, Stack size 40 bytes, cfg_handler.o(.text), UNUSED)
<BR><BR>[Calls]<UL><LI><a href="#[ef]">&gt;&gt;</a>&nbsp;&nbsp;&nbsp;__aeabi_i2f
<LI><a href="#[f3]">&gt;&gt;</a>&nbsp;&nbsp;&nbsp;__aeabi_f2uiz
<LI><a href="#[f0]">&gt;&gt;</a>&nbsp;&nbsp;&nbsp;__aeabi_f2d
<LI><a href="#[f1]">&gt;&gt;</a>&nbsp;&nbsp;&nbsp;__aeabi_dmul
<LI><a href="#[f2]">&gt;&gt;</a>&nbsp;&nbsp;&nbsp;__aeabi_d2f
</UL>

<P><STRONG><a name="[206]"></a>get_pwm_present_value</STRONG> (Thumb, 6 bytes, Stack size 0 bytes, cfg_handler.o(.text), UNUSED)

<P><STRONG><a name="[18e]"></a>set_flow_cali_result</STRONG> (Thumb, 6 bytes, Stack size 0 bytes, cfg_handler.o(.text))
<BR><BR>[Called By]<UL><LI><a href="#[ac]">&gt;&gt;</a>&nbsp;&nbsp;&nbsp;flow2_calibration_process
<LI><a href="#[ab]">&gt;&gt;</a>&nbsp;&nbsp;&nbsp;flow1_calibration_process
</UL>

<P><STRONG><a name="[ae]"></a>spary_sys_status_push</STRONG> (Thumb, 674 bytes, Stack size 72 bytes, cfg_handler.o(.text))
<BR><BR>[Stack]<UL><LI>Max Depth = 192<LI>Call Chain = spary_sys_status_push &rArr; CAN_sendbytes_View &rArr; CAN_tx_function &rArr; CAN_tx_action_all &rArr; CAN_RING_BUF_RD_BLOCK
</UL>
<BR>[Calls]<UL><LI><a href="#[f6]">&gt;&gt;</a>&nbsp;&nbsp;&nbsp;get_pump2_state
<LI><a href="#[f5]">&gt;&gt;</a>&nbsp;&nbsp;&nbsp;get_pump1_state
<LI><a href="#[fc]">&gt;&gt;</a>&nbsp;&nbsp;&nbsp;get_current_capacity_d
<LI><a href="#[fb]">&gt;&gt;</a>&nbsp;&nbsp;&nbsp;get_MedeRunoutFlag
<LI><a href="#[fa]">&gt;&gt;</a>&nbsp;&nbsp;&nbsp;Get_XT90_State
<LI><a href="#[f9]">&gt;&gt;</a>&nbsp;&nbsp;&nbsp;Get_XT100_State
<LI><a href="#[d8]">&gt;&gt;</a>&nbsp;&nbsp;&nbsp;CAN_sendbytes_View
<LI><a href="#[d0]">&gt;&gt;</a>&nbsp;&nbsp;&nbsp;Append_CRC16_Check_Sum
<LI><a href="#[cd]">&gt;&gt;</a>&nbsp;&nbsp;&nbsp;Append_CRC8_Check_Sum
<LI><a href="#[f1]">&gt;&gt;</a>&nbsp;&nbsp;&nbsp;__aeabi_dmul
<LI><a href="#[fd]">&gt;&gt;</a>&nbsp;&nbsp;&nbsp;__aeabi_cdcmple
<LI><a href="#[f7]">&gt;&gt;</a>&nbsp;&nbsp;&nbsp;__aeabi_ui2d
<LI><a href="#[f8]">&gt;&gt;</a>&nbsp;&nbsp;&nbsp;__aeabi_d2uiz
<LI><a href="#[f4]">&gt;&gt;</a>&nbsp;&nbsp;&nbsp;__aeabi_memclr4
</UL>
<BR>[Called By]<UL><LI><a href="#[80]">&gt;&gt;</a>&nbsp;&nbsp;&nbsp;main
</UL>

<P><STRONG><a name="[18c]"></a>SET_FOC1_MUTEX_FLAG</STRONG> (Thumb, 6 bytes, Stack size 0 bytes, cfg_handler.o(.text))
<BR><BR>[Called By]<UL><LI><a href="#[a9]">&gt;&gt;</a>&nbsp;&nbsp;&nbsp;pressure1_calibration_process
<LI><a href="#[ab]">&gt;&gt;</a>&nbsp;&nbsp;&nbsp;flow1_calibration_process
<LI><a href="#[196]">&gt;&gt;</a>&nbsp;&nbsp;&nbsp;pressure1_check_process
</UL>

<P><STRONG><a name="[191]"></a>SET_FOC2_MUTEX_FLAG</STRONG> (Thumb, 6 bytes, Stack size 0 bytes, cfg_handler.o(.text))
<BR><BR>[Called By]<UL><LI><a href="#[aa]">&gt;&gt;</a>&nbsp;&nbsp;&nbsp;pressure2_calibration_process
<LI><a href="#[ac]">&gt;&gt;</a>&nbsp;&nbsp;&nbsp;flow2_calibration_process
<LI><a href="#[195]">&gt;&gt;</a>&nbsp;&nbsp;&nbsp;pressure2_check_process
</UL>

<P><STRONG><a name="[106]"></a>set_residual_volume_warning_mode</STRONG> (Thumb, 6 bytes, Stack size 0 bytes, cfg_handler.o(.text))
<BR><BR>[Called By]<UL><LI><a href="#[44]">&gt;&gt;</a>&nbsp;&nbsp;&nbsp;cmd_handler_residual_volume_warning
<LI><a href="#[9e]">&gt;&gt;</a>&nbsp;&nbsp;&nbsp;spray_residual_volume_init_check
</UL>

<P><STRONG><a name="[102]"></a>Set_Throttle_Value_2</STRONG> (Thumb, 6 bytes, Stack size 0 bytes, cfg_handler.o(.text))
<BR><BR>[Called By]<UL><LI><a href="#[100]">&gt;&gt;</a>&nbsp;&nbsp;&nbsp;Set_Foc_Value_By_Flow_Single_Pump
<LI><a href="#[ff]">&gt;&gt;</a>&nbsp;&nbsp;&nbsp;Set_Foc_Value_By_Flow_Double_Pump
<LI><a href="#[40]">&gt;&gt;</a>&nbsp;&nbsp;&nbsp;cmd_handler_get_fc_statu
<LI><a href="#[9b]">&gt;&gt;</a>&nbsp;&nbsp;&nbsp;set_foc_throttle_value
<LI><a href="#[aa]">&gt;&gt;</a>&nbsp;&nbsp;&nbsp;pressure2_calibration_process
<LI><a href="#[195]">&gt;&gt;</a>&nbsp;&nbsp;&nbsp;pressure2_check_process
<LI><a href="#[18f]">&gt;&gt;</a>&nbsp;&nbsp;&nbsp;Set_FOC2_Value_By_Pressure1
<LI><a href="#[186]">&gt;&gt;</a>&nbsp;&nbsp;&nbsp;Control_The_Frequency_Pulse_2
</UL>

<P><STRONG><a name="[101]"></a>Set_Throttle_Value_1</STRONG> (Thumb, 6 bytes, Stack size 0 bytes, cfg_handler.o(.text))
<BR><BR>[Called By]<UL><LI><a href="#[100]">&gt;&gt;</a>&nbsp;&nbsp;&nbsp;Set_Foc_Value_By_Flow_Single_Pump
<LI><a href="#[ff]">&gt;&gt;</a>&nbsp;&nbsp;&nbsp;Set_Foc_Value_By_Flow_Double_Pump
<LI><a href="#[40]">&gt;&gt;</a>&nbsp;&nbsp;&nbsp;cmd_handler_get_fc_statu
<LI><a href="#[9b]">&gt;&gt;</a>&nbsp;&nbsp;&nbsp;set_foc_throttle_value
<LI><a href="#[a9]">&gt;&gt;</a>&nbsp;&nbsp;&nbsp;pressure1_calibration_process
<LI><a href="#[196]">&gt;&gt;</a>&nbsp;&nbsp;&nbsp;pressure1_check_process
<LI><a href="#[189]">&gt;&gt;</a>&nbsp;&nbsp;&nbsp;Set_FOC1_Value_By_Pressure0
<LI><a href="#[185]">&gt;&gt;</a>&nbsp;&nbsp;&nbsp;Control_The_Frequency_Pulse_1
</UL>

<P><STRONG><a name="[40]"></a>cmd_handler_get_fc_statu</STRONG> (Thumb, 320 bytes, Stack size 24 bytes, cfg_handler.o(.text))
<BR><BR>[Stack]<UL><LI>Max Depth = 312 + Unknown Stack Size
<LI>Call Chain = cmd_handler_get_fc_statu &rArr; Set_Foc_Value_By_Flow_Single_Pump &rArr; uart_printf &rArr; __c89vsnprintf &rArr; _printf_char_common &rArr; __printf
</UL>
<BR>[Calls]<UL><LI><a href="#[fe]">&gt;&gt;</a>&nbsp;&nbsp;&nbsp;set_MedeRunoutFlag
<LI><a href="#[fc]">&gt;&gt;</a>&nbsp;&nbsp;&nbsp;get_current_capacity_d
<LI><a href="#[100]">&gt;&gt;</a>&nbsp;&nbsp;&nbsp;Set_Foc_Value_By_Flow_Single_Pump
<LI><a href="#[ff]">&gt;&gt;</a>&nbsp;&nbsp;&nbsp;Set_Foc_Value_By_Flow_Double_Pump
<LI><a href="#[101]">&gt;&gt;</a>&nbsp;&nbsp;&nbsp;Set_Throttle_Value_1
<LI><a href="#[102]">&gt;&gt;</a>&nbsp;&nbsp;&nbsp;Set_Throttle_Value_2
<LI><a href="#[a8]">&gt;&gt;</a>&nbsp;&nbsp;&nbsp;get_capacity_flag_1L
</UL>
<BR>[Address Reference Count : 1]<UL><LI> cfg_handler.o(.constdata)
</UL>
<P><STRONG><a name="[42]"></a>cmd_handler_flow_cali</STRONG> (Thumb, 148 bytes, Stack size 32 bytes, cfg_handler.o(.text))
<BR><BR>[Stack]<UL><LI>Max Depth = 192 + Unknown Stack Size
<LI>Call Chain = cmd_handler_flow_cali &rArr; uart_printf &rArr; __c89vsnprintf &rArr; _printf_char_common &rArr; __printf
</UL>
<BR>[Calls]<UL><LI><a href="#[104]">&gt;&gt;</a>&nbsp;&nbsp;&nbsp;set_flow_cali_flag
<LI><a href="#[103]">&gt;&gt;</a>&nbsp;&nbsp;&nbsp;set_cali_capaciy
<LI><a href="#[e1]">&gt;&gt;</a>&nbsp;&nbsp;&nbsp;cmd_handler_init_header_v1
<LI><a href="#[d9]">&gt;&gt;</a>&nbsp;&nbsp;&nbsp;cmd_headler_send_command_v1
<LI><a href="#[8e]">&gt;&gt;</a>&nbsp;&nbsp;&nbsp;uart_printf
</UL>
<BR>[Address Reference Count : 1]<UL><LI> cfg_handler.o(.constdata)
</UL>
<P><STRONG><a name="[177]"></a>get_level_status_by_radar</STRONG> (Thumb, 6 bytes, Stack size 0 bytes, cfg_handler.o(.text))
<BR><BR>[Called By]<UL><LI><a href="#[a7]">&gt;&gt;</a>&nbsp;&nbsp;&nbsp;level_data_process
</UL>

<P><STRONG><a name="[43]"></a>cmd_handler_level_switch</STRONG> (Thumb, 86 bytes, Stack size 16 bytes, cfg_handler.o(.text))
<BR><BR>[Stack]<UL><LI>Max Depth = 176 + Unknown Stack Size
<LI>Call Chain = cmd_handler_level_switch &rArr; uart_printf &rArr; __c89vsnprintf &rArr; _printf_char_common &rArr; __printf
</UL>
<BR>[Calls]<UL><LI><a href="#[fe]">&gt;&gt;</a>&nbsp;&nbsp;&nbsp;set_MedeRunoutFlag
<LI><a href="#[8e]">&gt;&gt;</a>&nbsp;&nbsp;&nbsp;uart_printf
</UL>
<BR>[Address Reference Count : 1]<UL><LI> cfg_handler.o(.constdata)
</UL>
<P><STRONG><a name="[44]"></a>cmd_handler_residual_volume_warning</STRONG> (Thumb, 134 bytes, Stack size 32 bytes, cfg_handler.o(.text))
<BR><BR>[Stack]<UL><LI>Max Depth = 168 + Unknown Stack Size
<LI>Call Chain = cmd_handler_residual_volume_warning &rArr; cmd_headler_send_command_v1 &rArr; CAN_sendbytes_View &rArr; CAN_tx_function &rArr; CAN_tx_action_all &rArr; CAN_RING_BUF_RD_BLOCK
</UL>
<BR>[Calls]<UL><LI><a href="#[107]">&gt;&gt;</a>&nbsp;&nbsp;&nbsp;residual_volume_para_write_flash
<LI><a href="#[105]">&gt;&gt;</a>&nbsp;&nbsp;&nbsp;cali_volume_para_read_flash
<LI><a href="#[106]">&gt;&gt;</a>&nbsp;&nbsp;&nbsp;set_residual_volume_warning_mode
<LI><a href="#[e1]">&gt;&gt;</a>&nbsp;&nbsp;&nbsp;cmd_handler_init_header_v1
<LI><a href="#[d9]">&gt;&gt;</a>&nbsp;&nbsp;&nbsp;cmd_headler_send_command_v1
</UL>
<BR>[Address Reference Count : 1]<UL><LI> cfg_handler.o(.constdata)
</UL>
<P><STRONG><a name="[45]"></a>cmd_handler_flowmeter_K_control</STRONG> (Thumb, 288 bytes, Stack size 32 bytes, cfg_handler.o(.text))
<BR><BR>[Stack]<UL><LI>Max Depth = 168 + Unknown Stack Size
<LI>Call Chain = cmd_handler_flowmeter_K_control &rArr; cmd_headler_send_command_v1 &rArr; CAN_sendbytes_View &rArr; CAN_tx_function &rArr; CAN_tx_action_all &rArr; CAN_RING_BUF_RD_BLOCK
</UL>
<BR>[Calls]<UL><LI><a href="#[109]">&gt;&gt;</a>&nbsp;&nbsp;&nbsp;flowmeter_para_write_flash
<LI><a href="#[108]">&gt;&gt;</a>&nbsp;&nbsp;&nbsp;flowmeter_para_read_flash
<LI><a href="#[e1]">&gt;&gt;</a>&nbsp;&nbsp;&nbsp;cmd_handler_init_header_v1
<LI><a href="#[d9]">&gt;&gt;</a>&nbsp;&nbsp;&nbsp;cmd_headler_send_command_v1
</UL>
<BR>[Address Reference Count : 1]<UL><LI> cfg_handler.o(.constdata)
</UL>
<P><STRONG><a name="[4a]"></a>cmd_handler_gimbal_ctl</STRONG> (Thumb, 24 bytes, Stack size 8 bytes, cfg_handler.o(.text))
<BR><BR>[Stack]<UL><LI>Max Depth = 8<LI>Call Chain = cmd_handler_gimbal_ctl
</UL>
<BR>[Address Reference Count : 1]<UL><LI> cfg_handler.o(.constdata)
</UL>
<P><STRONG><a name="[89]"></a>cmd_handler_foc_ver_request</STRONG> (Thumb, 178 bytes, Stack size 40 bytes, cfg_handler.o(.text))
<BR><BR>[Stack]<UL><LI>Max Depth = 200 + Unknown Stack Size
<LI>Call Chain = cmd_handler_foc_ver_request &rArr; uart_printf &rArr; __c89vsnprintf &rArr; _printf_char_common &rArr; __printf
</UL>
<BR>[Calls]<UL><LI><a href="#[d9]">&gt;&gt;</a>&nbsp;&nbsp;&nbsp;cmd_headler_send_command_v1
<LI><a href="#[8e]">&gt;&gt;</a>&nbsp;&nbsp;&nbsp;uart_printf
<LI><a href="#[f4]">&gt;&gt;</a>&nbsp;&nbsp;&nbsp;__aeabi_memclr4
</UL>
<BR>[Called By]<UL><LI><a href="#[88]">&gt;&gt;</a>&nbsp;&nbsp;&nbsp;Esc_Ver_Check
</UL>

<P><STRONG><a name="[10a]"></a>get_pump_map_speed</STRONG> (Thumb, 160 bytes, Stack size 80 bytes, cfg_handler.o(.text))
<BR><BR>[Stack]<UL><LI>Max Depth = 112<LI>Call Chain = get_pump_map_speed &rArr; __aeabi_dmul
</UL>
[...]
<LI><a href="#[ee]">&gt;&gt;</a>&nbsp;&nbsp;&nbsp;set_pwm_present
<LI><a href="#[ac]">&gt;&gt;</a>&nbsp;&nbsp;&nbsp;flow2_calibration_process
<LI><a href="#[ab]">&gt;&gt;</a>&nbsp;&nbsp;&nbsp;flow1_calibration_process
<LI><a href="#[18f]">&gt;&gt;</a>&nbsp;&nbsp;&nbsp;Set_FOC2_Value_By_Pressure1
<LI><a href="#[189]">&gt;&gt;</a>&nbsp;&nbsp;&nbsp;Set_FOC1_Value_By_Pressure0
<LI><a href="#[186]">&gt;&gt;</a>&nbsp;&nbsp;&nbsp;Control_The_Frequency_Pulse_2
<LI><a href="#[185]">&gt;&gt;</a>&nbsp;&nbsp;&nbsp;Control_The_Frequency_Pulse_1
<LI><a href="#[17a]">&gt;&gt;</a>&nbsp;&nbsp;&nbsp;K_Coefficient_Compensation
</UL>

<P><STRONG><a name="[1cc]"></a>_f2d</STRONG> (Thumb, 86 bytes, Stack size 16 bytes, f2d.o(x$fpl$f2d), UNUSED)
<BR><BR>[Calls]<UL><LI><a href="#[1cd]">&gt;&gt;</a>&nbsp;&nbsp;&nbsp;__fpl_fnaninf
<LI><a href="#[1c2]">&gt;&gt;</a>&nbsp;&nbsp;&nbsp;__fpl_dretinf
</UL>

<P><STRONG><a name="[17f]"></a>__aeabi_fadd</STRONG> (Thumb, 0 bytes, Stack size 16 bytes, faddsub_clz.o(x$fpl$fadd))
<BR><BR>[Stack]<UL><LI>Max Depth = 16<LI>Call Chain = __aeabi_fadd
</UL>
<BR>[Called By]<UL><LI><a href="#[100]">&gt;&gt;</a>&nbsp;&nbsp;&nbsp;Set_Foc_Value_By_Flow_Single_Pump
<LI><a href="#[ff]">&gt;&gt;</a>&nbsp;&nbsp;&nbsp;Set_Foc_Value_By_Flow_Double_Pump
<LI><a href="#[af]">&gt;&gt;</a>&nbsp;&nbsp;&nbsp;capacity_by_flow_sensor
<LI><a href="#[18f]">&gt;&gt;</a>&nbsp;&nbsp;&nbsp;Set_FOC2_Value_By_Pressure1
<LI><a href="#[189]">&gt;&gt;</a>&nbsp;&nbsp;&nbsp;Set_FOC1_Value_By_Pressure0
<LI><a href="#[186]">&gt;&gt;</a>&nbsp;&nbsp;&nbsp;Control_The_Frequency_Pulse_2
<LI><a href="#[185]">&gt;&gt;</a>&nbsp;&nbsp;&nbsp;Control_The_Frequency_Pulse_1
</UL>

<P><STRONG><a name="[1ce]"></a>_fadd</STRONG> (Thumb, 196 bytes, Stack size 16 bytes, faddsub_clz.o(x$fpl$fadd), UNUSED)
<BR><BR>[Calls]<UL><LI><a href="#[1be]">&gt;&gt;</a>&nbsp;&nbsp;&nbsp;__fpl_fretinf
<LI><a href="#[1cd]">&gt;&gt;</a>&nbsp;&nbsp;&nbsp;__fpl_fnaninf
<LI><a href="#[1cf]">&gt;&gt;</a>&nbsp;&nbsp;&nbsp;_fsub1
</UL>

<P><STRONG><a name="[1d2]"></a>__fpl_fcmp_Inf</STRONG> (Thumb, 24 bytes, Stack size 0 bytes, fcmpi.o(x$fpl$fcmpinf), UNUSED)
<BR><BR>[Called By]<UL><LI><a href="#[1d4]">&gt;&gt;</a>&nbsp;&nbsp;&nbsp;_fcmple
<LI><a href="#[1d1]">&gt;&gt;</a>&nbsp;&nbsp;&nbsp;_fcmpeq
</UL>

<P><STRONG><a name="[181]"></a>__aeabi_fdiv</STRONG> (Thumb, 0 bytes, Stack size 16 bytes, fdiv.o(x$fpl$fdiv))
<BR><BR>[Stack]<UL><LI>Max Depth = 16<LI>Call Chain = __aeabi_fdiv
</UL>
<BR>[Called By]<UL><LI><a href="#[100]">&gt;&gt;</a>&nbsp;&nbsp;&nbsp;Set_Foc_Value_By_Flow_Single_Pump
<LI><a href="#[ff]">&gt;&gt;</a>&nbsp;&nbsp;&nbsp;Set_Foc_Value_By_Flow_Double_Pump
<LI><a href="#[a0]">&gt;&gt;</a>&nbsp;&nbsp;&nbsp;temperature_sensor_handle
<LI><a href="#[9d]">&gt;&gt;</a>&nbsp;&nbsp;&nbsp;spray_sysem_flow_para_init_check
<LI><a href="#[ac]">&gt;&gt;</a>&nbsp;&nbsp;&nbsp;flow2_calibration_process
<LI><a href="#[ab]">&gt;&gt;</a>&nbsp;&nbsp;&nbsp;flow1_calibration_process
</UL>

<P><STRONG><a name="[1d0]"></a>_fdiv</STRONG> (Thumb, 384 bytes, Stack size 16 bytes, fdiv.o(x$fpl$fdiv), UNUSED)
<BR><BR>[Calls]<UL><LI><a href="#[1be]">&gt;&gt;</a>&nbsp;&nbsp;&nbsp;__fpl_fretinf
<LI><a href="#[1cd]">&gt;&gt;</a>&nbsp;&nbsp;&nbsp;__fpl_fnaninf
</UL>

<P><STRONG><a name="[184]"></a>__aeabi_cfcmpeq</STRONG> (Thumb, 0 bytes, Stack size 16 bytes, feqf.o(x$fpl$feqf))
<BR><BR>[Stack]<UL><LI>Max Depth = 16<LI>Call Chain = __aeabi_cfcmpeq
</UL>
<BR>[Called By]<UL><LI><a href="#[100]">&gt;&gt;</a>&nbsp;&nbsp;&nbsp;Set_Foc_Value_By_Flow_Single_Pump
</UL>

<P><STRONG><a name="[1d1]"></a>_fcmpeq</STRONG> (Thumb, 104 bytes, Stack size 16 bytes, feqf.o(x$fpl$feqf), UNUSED)
<BR><BR>[Calls]<UL><LI><a href="#[1cd]">&gt;&gt;</a>&nbsp;&nbsp;&nbsp;__fpl_fnaninf
<LI><a href="#[1d2]">&gt;&gt;</a>&nbsp;&nbsp;&nbsp;__fpl_fcmp_Inf
</UL>

<P><STRONG><a name="[f3]"></a>__aeabi_f2uiz</STRONG> (Thumb, 0 bytes, Stack size 16 bytes, ffixu.o(x$fpl$ffixu))
<BR><BR>[Stack]<UL><LI>Max Depth = 16<LI>Call Chain = __aeabi_f2uiz
</UL>
<BR>[Called By]<UL><LI><a href="#[fc]">&gt;&gt;</a>&nbsp;&nbsp;&nbsp;get_current_capacity_d
<LI><a href="#[100]">&gt;&gt;</a>&nbsp;&nbsp;&nbsp;Set_Foc_Value_By_Flow_Single_Pump
<LI><a href="#[ff]">&gt;&gt;</a>&nbsp;&nbsp;&nbsp;Set_Foc_Value_By_Flow_Double_Pump
<LI><a href="#[10a]">&gt;&gt;</a>&nbsp;&nbsp;&nbsp;get_pump_map_speed
<LI><a href="#[ee]">&gt;&gt;</a>&nbsp;&nbsp;&nbsp;set_pwm_present
<LI><a href="#[a0]">&gt;&gt;</a>&nbsp;&nbsp;&nbsp;temperature_sensor_handle
<LI><a href="#[a1]">&gt;&gt;</a>&nbsp;&nbsp;&nbsp;press_sensor_handle
<LI><a href="#[18f]">&gt;&gt;</a>&nbsp;&nbsp;&nbsp;Set_FOC2_Value_By_Pressure1
<LI><a href="#[189]">&gt;&gt;</a>&nbsp;&nbsp;&nbsp;Set_FOC1_Value_By_Pressure0
<LI><a href="#[186]">&gt;&gt;</a>&nbsp;&nbsp;&nbsp;Control_The_Frequency_Pulse_2
<LI><a href="#[185]">&gt;&gt;</a>&nbsp;&nbsp;&nbsp;Control_The_Frequency_Pulse_1
</UL>

<P><STRONG><a name="[1d3]"></a>_ffixu</STRONG> (Thumb, 62 bytes, Stack size 16 bytes, ffixu.o(x$fpl$ffixu), UNUSED)
<BR><BR>[Calls]<UL><LI><a href="#[1cd]">&gt;&gt;</a>&nbsp;&nbsp;&nbsp;__fpl_fnaninf
</UL>

<P><STRONG><a name="[ef]"></a>__aeabi_i2f</STRONG> (Thumb, 0 bytes, Stack size 0 bytes, fflt_clz.o(x$fpl$fflt))
<BR><BR>[Called By]<UL><LI><a href="#[100]">&gt;&gt;</a>&nbsp;&nbsp;&nbsp;Set_Foc_Value_By_Flow_Single_Pump
<LI><a href="#[ff]">&gt;&gt;</a>&nbsp;&nbsp;&nbsp;Set_Foc_Value_By_Flow_Double_Pump
<LI><a href="#[10a]">&gt;&gt;</a>&nbsp;&nbsp;&nbsp;get_pump_map_speed
<LI><a href="#[ee]">&gt;&gt;</a>&nbsp;&nbsp;&nbsp;set_pwm_present
<LI><a href="#[186]">&gt;&gt;</a>&nbsp;&nbsp;&nbsp;Control_The_Frequency_Pulse_2
<LI><a href="#[185]">&gt;&gt;</a>&nbsp;&nbsp;&nbsp;Control_The_Frequency_Pulse_1
</UL>

<P><STRONG><a name="[23d]"></a>_fflt</STRONG> (Thumb, 48 bytes, Stack size 0 bytes, fflt_clz.o(x$fpl$fflt), UNUSED)

<P><STRONG><a name="[117]"></a>__aeabi_ui2f</STRONG> (Thumb, 0 bytes, Stack size 0 bytes, fflt_clz.o(x$fpl$ffltu))
<BR><BR>[Called By]<UL><LI><a href="#[100]">&gt;&gt;</a>&nbsp;&nbsp;&nbsp;Set_Foc_Value_By_Flow_Single_Pump
<LI><a href="#[ff]">&gt;&gt;</a>&nbsp;&nbsp;&nbsp;Set_Foc_Value_By_Flow_Double_Pump
<LI><a href="#[116]">&gt;&gt;</a>&nbsp;&nbsp;&nbsp;spray_system_data_Push
<LI><a href="#[a0]">&gt;&gt;</a>&nbsp;&nbsp;&nbsp;temperature_sensor_handle
<LI><a href="#[9d]">&gt;&gt;</a>&nbsp;&nbsp;&nbsp;spray_sysem_flow_para_init_check
<LI><a href="#[a1]">&gt;&gt;</a>&nbsp;&nbsp;&nbsp;press_sensor_handle
<LI><a href="#[ac]">&gt;&gt;</a>&nbsp;&nbsp;&nbsp;flow2_calibration_process
<LI><a href="#[ab]">&gt;&gt;</a>&nbsp;&nbsp;&nbsp;flow1_calibration_process
<LI><a href="#[af]">&gt;&gt;</a>&nbsp;&nbsp;&nbsp;capacity_by_flow_sensor
<LI><a href="#[18f]">&gt;&gt;</a>&nbsp;&nbsp;&nbsp;Set_FOC2_Value_By_Pressure1
<LI><a href="#[189]">&gt;&gt;</a>&nbsp;&nbsp;&nbsp;Set_FOC1_Value_By_Pressure0
<LI><a href="#[186]">&gt;&gt;</a>&nbsp;&nbsp;&nbsp;Control_The_Frequency_Pulse_2
<LI><a href="#[185]">&gt;&gt;</a>&nbsp;&nbsp;&nbsp;Control_The_Frequency_Pulse_1
<LI><a href="#[17a]">&gt;&gt;</a>&nbsp;&nbsp;&nbsp;K_Coefficient_Compensation
</UL>

<P><STRONG><a name="[23e]"></a>_ffltu</STRONG> (Thumb, 38 bytes, Stack size 0 bytes, fflt_clz.o(x$fpl$ffltu), UNUSED)

<P><STRONG><a name="[182]"></a>__aeabi_cfcmple</STRONG> (Thumb, 0 bytes, Stack size 16 bytes, fleqf.o(x$fpl$fleqf))
<BR><BR>[Stack]<UL><LI>Max Depth = 16<LI>Call Chain = __aeabi_cfcmple
</UL>
<BR>[Called By]<UL><LI><a href="#[100]">&gt;&gt;</a>&nbsp;&nbsp;&nbsp;Set_Foc_Value_By_Flow_Single_Pump
<LI><a href="#[ff]">&gt;&gt;</a>&nbsp;&nbsp;&nbsp;Set_Foc_Value_By_Flow_Double_Pump
<LI><a href="#[a0]">&gt;&gt;</a>&nbsp;&nbsp;&nbsp;temperature_sensor_handle
<LI><a href="#[18f]">&gt;&gt;</a>&nbsp;&nbsp;&nbsp;Set_FOC2_Value_By_Pressure1
<LI><a href="#[189]">&gt;&gt;</a>&nbsp;&nbsp;&nbsp;Set_FOC1_Value_By_Pressure0
</UL>

<P><STRONG><a name="[1d4]"></a>_fcmple</STRONG> (Thumb, 104 bytes, Stack size 16 bytes, fleqf.o(x$fpl$fleqf), UNUSED)
<BR><BR>[Calls]<UL><LI><a href="#[1cd]">&gt;&gt;</a>&nbsp;&nbsp;&nbsp;__fpl_fnaninf
<LI><a href="#[1d2]">&gt;&gt;</a>&nbsp;&nbsp;&nbsp;__fpl_fcmp_Inf
</UL>

<P><STRONG><a name="[1d7]"></a>__fpl_fcmple_InfNaN</STRONG> (Thumb, 0 bytes, Stack size unknown bytes, fleqf.o(x$fpl$fleqf), UNUSED)
<BR><BR>[Called By]<UL><LI><a href="#[1d6]">&gt;&gt;</a>&nbsp;&nbsp;&nbsp;_frcmple
</UL>

<P><STRONG><a name="[118]"></a>__aeabi_fmul</STRONG> (Thumb, 0 bytes, Stack size 16 bytes, fmul.o(x$fpl$fmul))
<BR><BR>[Stack]<UL><LI>Max Depth = 16<LI>Call Chain = __aeabi_fmul
</UL>
<BR>[Called By]<UL><LI><a href="#[100]">&gt;&gt;</a>&nbsp;&nbsp;&nbsp;Set_Foc_Value_By_Flow_Single_Pump
<LI><a href="#[ff]">&gt;&gt;</a>&nbsp;&nbsp;&nbsp;Set_Foc_Value_By_Flow_Double_Pump
<LI><a href="#[116]">&gt;&gt;</a>&nbsp;&nbsp;&nbsp;spray_system_data_Push
<LI><a href="#[a0]">&gt;&gt;</a>&nbsp;&nbsp;&nbsp;temperature_sensor_handle
<LI><a href="#[a1]">&gt;&gt;</a>&nbsp;&nbsp;&nbsp;press_sensor_handle
<LI><a href="#[ab]">&gt;&gt;</a>&nbsp;&nbsp;&nbsp;flow1_calibration_process
<LI><a href="#[af]">&gt;&gt;</a>&nbsp;&nbsp;&nbsp;capacity_by_flow_sensor
<LI><a href="#[186]">&gt;&gt;</a>&nbsp;&nbsp;&nbsp;Control_The_Frequency_Pulse_2
<LI><a href="#[185]">&gt;&gt;</a>&nbsp;&nbsp;&nbsp;Control_The_Frequency_Pulse_1
<LI><a href="#[17a]">&gt;&gt;</a>&nbsp;&nbsp;&nbsp;K_Coefficient_Compensation
</UL>

<P><STRONG><a name="[1d5]"></a>_fmul</STRONG> (Thumb, 258 bytes, Stack size 16 bytes, fmul.o(x$fpl$fmul), UNUSED)
<BR><BR>[Calls]<UL><LI><a href="#[1be]">&gt;&gt;</a>&nbsp;&nbsp;&nbsp;__fpl_fretinf
<LI><a href="#[1cd]">&gt;&gt;</a>&nbsp;&nbsp;&nbsp;__fpl_fnaninf
</UL>

<P><STRONG><a name="[1cd]"></a>__fpl_fnaninf</STRONG> (Thumb, 140 bytes, Stack size 8 bytes, fnaninf.o(x$fpl$fnaninf), UNUSED)
<BR><BR>[Called By]<UL><LI><a href="#[1d5]">&gt;&gt;</a>&nbsp;&nbsp;&nbsp;_fmul
<LI><a href="#[1d4]">&gt;&gt;</a>&nbsp;&nbsp;&nbsp;_fcmple
<LI><a href="#[1d3]">&gt;&gt;</a>&nbsp;&nbsp;&nbsp;_ffixu
<LI><a href="#[1d1]">&gt;&gt;</a>&nbsp;&nbsp;&nbsp;_fcmpeq
<LI><a href="#[1d0]">&gt;&gt;</a>&nbsp;&nbsp;&nbsp;_fdiv
<LI><a href="#[1da]">&gt;&gt;</a>&nbsp;&nbsp;&nbsp;_fsub
<LI><a href="#[1ce]">&gt;&gt;</a>&nbsp;&nbsp;&nbsp;_fadd
<LI><a href="#[1cc]">&gt;&gt;</a>&nbsp;&nbsp;&nbsp;_f2d
</UL>

<P><STRONG><a name="[1be]"></a>__fpl_fretinf</STRONG> (Thumb, 10 bytes, Stack size 0 bytes, fretinf.o(x$fpl$fretinf), UNUSED)
<BR><BR>[Called By]<UL><LI><a href="#[1d5]">&gt;&gt;</a>&nbsp;&nbsp;&nbsp;_fmul
<LI><a href="#[1d0]">&gt;&gt;</a>&nbsp;&nbsp;&nbsp;_fdiv
<LI><a href="#[1ce]">&gt;&gt;</a>&nbsp;&nbsp;&nbsp;_fadd
<LI><a href="#[1bd]">&gt;&gt;</a>&nbsp;&nbsp;&nbsp;_d2f
</UL>

<P><STRONG><a name="[17e]"></a>__aeabi_cfrcmple</STRONG> (Thumb, 0 bytes, Stack size 0 bytes, frleqf.o(x$fpl$frleqf))
<BR><BR>[Called By]<UL><LI><a href="#[fc]">&gt;&gt;</a>&nbsp;&nbsp;&nbsp;get_current_capacity_d
<LI><a href="#[100]">&gt;&gt;</a>&nbsp;&nbsp;&nbsp;Set_Foc_Value_By_Flow_Single_Pump
<LI><a href="#[ff]">&gt;&gt;</a>&nbsp;&nbsp;&nbsp;Set_Foc_Value_By_Flow_Double_Pump
<LI><a href="#[a0]">&gt;&gt;</a>&nbsp;&nbsp;&nbsp;temperature_sensor_handle
<LI><a href="#[18f]">&gt;&gt;</a>&nbsp;&nbsp;&nbsp;Set_FOC2_Value_By_Pressure1
<LI><a href="#[189]">&gt;&gt;</a>&nbsp;&nbsp;&nbsp;Set_FOC1_Value_By_Pressure0
</UL>

<P><STRONG><a name="[1d6]"></a>_frcmple</STRONG> (Thumb, 98 bytes, Stack size 0 bytes, frleqf.o(x$fpl$frleqf), UNUSED)
<BR><BR>[Calls]<UL><LI><a href="#[1d7]">&gt;&gt;</a>&nbsp;&nbsp;&nbsp;__fpl_fcmple_InfNaN
</UL>

<P><STRONG><a name="[17d]"></a>__aeabi_frsub</STRONG> (Thumb, 0 bytes, Stack size 0 bytes, faddsub_clz.o(x$fpl$frsb))
<BR><BR>[Called By]<UL><LI><a href="#[100]">&gt;&gt;</a>&nbsp;&nbsp;&nbsp;Set_Foc_Value_By_Flow_Single_Pump
<LI><a href="#[ff]">&gt;&gt;</a>&nbsp;&nbsp;&nbsp;Set_Foc_Value_By_Flow_Double_Pump
<LI><a href="#[17a]">&gt;&gt;</a>&nbsp;&nbsp;&nbsp;K_Coefficient_Compensation
</UL>

<P><STRONG><a name="[1d8]"></a>_frsb</STRONG> (Thumb, 20 bytes, Stack size 0 bytes, faddsub_clz.o(x$fpl$frsb), UNUSED)
<BR><BR>[Calls]<UL><LI><a href="#[1cf]">&gt;&gt;</a>&nbsp;&nbsp;&nbsp;_fsub1
<LI><a href="#[1d9]">&gt;&gt;</a>&nbsp;&nbsp;&nbsp;_fadd1
</UL>

<P><STRONG><a name="[183]"></a>__aeabi_fsub</STRONG> (Thumb, 0 bytes, Stack size 16 bytes, faddsub_clz.o(x$fpl$fsub))
<BR><BR>[Stack]<UL><LI>Max Depth = 16<LI>Call Chain = __aeabi_fsub
</UL>
<BR>[Called By]<UL><LI><a href="#[ff]">&gt;&gt;</a>&nbsp;&nbsp;&nbsp;Set_Foc_Value_By_Flow_Double_Pump
</UL>

<P><STRONG><a name="[1da]"></a>_fsub</STRONG> (Thumb, 234 bytes, Stack size 16 bytes, faddsub_clz.o(x$fpl$fsub), UNUSED)
<BR><BR>[Calls]<UL><LI><a href="#[1cd]">&gt;&gt;</a>&nbsp;&nbsp;&nbsp;__fpl_fnaninf
<LI><a href="#[1d9]">&gt;&gt;</a>&nbsp;&nbsp;&nbsp;_fadd1
</UL>

<P><STRONG><a name="[5d]"></a>_printf_fp_dec</STRONG> (Thumb, 4 bytes, Stack size 0 bytes, printf1.o(x$fpl$printf1))
<BR><BR>[Stack]<UL><LI>Max Depth = 320<LI>Call Chain = _printf_fp_dec &rArr; _printf_fp_dec_real &rArr; _fp_digits &rArr; _btod_etento &rArr; _btod_emul &rArr; _e2e
</UL>
<BR>[Calls]<UL><LI><a href="#[1b0]">&gt;&gt;</a>&nbsp;&nbsp;&nbsp;_printf_fp_dec_real
</UL>
<BR>[Called By]<UL><LI><a href="#[5f]">&gt;&gt;</a>&nbsp;&nbsp;&nbsp;_printf_g
<LI><a href="#[5e]">&gt;&gt;</a>&nbsp;&nbsp;&nbsp;_printf_e
<LI><a href="#[5c]">&gt;&gt;</a>&nbsp;&nbsp;&nbsp;_printf_f
</UL>
<P>
<H3>
Local Symbols
</H3>
<P><STRONG><a name="[132]"></a>read_data32</STRONG> (Thumb, 22 bytes, Stack size 8 bytes, sbl_iap.o(.text))
<BR><BR>[Stack]<UL><LI>Max Depth = 8<LI>Call Chain = read_data32
</UL>
<BR>[Called By]<UL><LI><a href="#[ea]">&gt;&gt;</a>&nbsp;&nbsp;&nbsp;write_programming_done_flag
<LI><a href="#[107]">&gt;&gt;</a>&nbsp;&nbsp;&nbsp;residual_volume_para_write_flash
<LI><a href="#[ed]">&gt;&gt;</a>&nbsp;&nbsp;&nbsp;hardware_id_write_flash
<LI><a href="#[109]">&gt;&gt;</a>&nbsp;&nbsp;&nbsp;flowmeter_para_write_flash
<LI><a href="#[e2]">&gt;&gt;</a>&nbsp;&nbsp;&nbsp;erase_programming_done_flag
<LI><a href="#[13a]">&gt;&gt;</a>&nbsp;&nbsp;&nbsp;cali_flow_para2_write_flash
<LI><a href="#[139]">&gt;&gt;</a>&nbsp;&nbsp;&nbsp;cali_flow_para1_write_flash
<LI><a href="#[138]">&gt;&gt;</a>&nbsp;&nbsp;&nbsp;cali_pressure2_para_write_flash
<LI><a href="#[137]">&gt;&gt;</a>&nbsp;&nbsp;&nbsp;cali_pressure1_para_write_flash
<LI><a href="#[133]">&gt;&gt;</a>&nbsp;&nbsp;&nbsp;write_flash_data_offset
<LI><a href="#[131]">&gt;&gt;</a>&nbsp;&nbsp;&nbsp;write_flash_data
</UL>

<P><STRONG><a name="[143]"></a>UART3_Init</STRONG> (Thumb, 336 bytes, Stack size 56 bytes, lpc17xx_uart.o(.text))
<BR><BR>[Stack]<UL><LI>Max Depth = 56<LI>Call Chain = UART3_Init
</UL>
<BR>[Calls]<UL><LI><a href="#[145]">&gt;&gt;</a>&nbsp;&nbsp;&nbsp;UART3_BufClr
<LI><a href="#[144]">&gt;&gt;</a>&nbsp;&nbsp;&nbsp;NVIC_EnableIRQ
</UL>
<BR>[Called By]<UL><LI><a href="#[8b]">&gt;&gt;</a>&nbsp;&nbsp;&nbsp;UARTS_Init
</UL>

<P><STRONG><a name="[146]"></a>UART2_Init</STRONG> (Thumb, 434 bytes, Stack size 56 bytes, lpc17xx_uart.o(.text))
<BR><BR>[Stack]<UL><LI>Max Depth = 56<LI>Call Chain = UART2_Init
</UL>
<BR>[Calls]<UL><LI><a href="#[147]">&gt;&gt;</a>&nbsp;&nbsp;&nbsp;UART2_BufClr
<LI><a href="#[148]">&gt;&gt;</a>&nbsp;&nbsp;&nbsp;Radar_RS485_RD_Init
<LI><a href="#[144]">&gt;&gt;</a>&nbsp;&nbsp;&nbsp;NVIC_EnableIRQ
</UL>
<BR>[Called By]<UL><LI><a href="#[8b]">&gt;&gt;</a>&nbsp;&nbsp;&nbsp;UARTS_Init
</UL>

<P><STRONG><a name="[149]"></a>UART1_Init</STRONG> (Thumb, 332 bytes, Stack size 56 bytes, lpc17xx_uart.o(.text))
<BR><BR>[Stack]<UL><LI>Max Depth = 56<LI>Call Chain = UART1_Init
</UL>
<BR>[Calls]<UL><LI><a href="#[14a]">&gt;&gt;</a>&nbsp;&nbsp;&nbsp;UART1_BufClr
<LI><a href="#[144]">&gt;&gt;</a>&nbsp;&nbsp;&nbsp;NVIC_EnableIRQ
</UL>
<BR>[Called By]<UL><LI><a href="#[8b]">&gt;&gt;</a>&nbsp;&nbsp;&nbsp;UARTS_Init
</UL>

<P><STRONG><a name="[14b]"></a>UART0_Init</STRONG> (Thumb, 336 bytes, Stack size 56 bytes, lpc17xx_uart.o(.text))
<BR><BR>[Stack]<UL><LI>Max Depth = 56<LI>Call Chain = UART0_Init
</UL>
<BR>[Calls]<UL><LI><a href="#[14c]">&gt;&gt;</a>&nbsp;&nbsp;&nbsp;UART0_BufClr
<LI><a href="#[144]">&gt;&gt;</a>&nbsp;&nbsp;&nbsp;NVIC_EnableIRQ
</UL>
<BR>[Called By]<UL><LI><a href="#[8b]">&gt;&gt;</a>&nbsp;&nbsp;&nbsp;UARTS_Init
</UL>

<P><STRONG><a name="[144]"></a>NVIC_EnableIRQ</STRONG> (Thumb, 22 bytes, Stack size 0 bytes, lpc17xx_uart.o(.text))
<BR><BR>[Called By]<UL><LI><a href="#[14b]">&gt;&gt;</a>&nbsp;&nbsp;&nbsp;UART0_Init
<LI><a href="#[149]">&gt;&gt;</a>&nbsp;&nbsp;&nbsp;UART1_Init
<LI><a href="#[146]">&gt;&gt;</a>&nbsp;&nbsp;&nbsp;UART2_Init
<LI><a href="#[143]">&gt;&gt;</a>&nbsp;&nbsp;&nbsp;UART3_Init
</UL>

<P><STRONG><a name="[152]"></a>NVIC_EnableIRQ</STRONG> (Thumb, 22 bytes, Stack size 0 bytes, lpc17xx_timer.o(.text))
<BR><BR>[Called By]<UL><LI><a href="#[92]">&gt;&gt;</a>&nbsp;&nbsp;&nbsp;TIMER2_Init
<LI><a href="#[91]">&gt;&gt;</a>&nbsp;&nbsp;&nbsp;TIMER1_Init
<LI><a href="#[90]">&gt;&gt;</a>&nbsp;&nbsp;&nbsp;TIMER0_Init
</UL>

<P><STRONG><a name="[167]"></a>CAN_SoftReset</STRONG> (Thumb, 14 bytes, Stack size 0 bytes, can_hw.o(.text))
<BR><BR>[Called By]<UL><LI><a href="#[168]">&gt;&gt;</a>&nbsp;&nbsp;&nbsp;CAN2_ISR
<LI><a href="#[166]">&gt;&gt;</a>&nbsp;&nbsp;&nbsp;CAN1_ISR
</UL>

<P><STRONG><a name="[166]"></a>CAN1_ISR</STRONG> (Thumb, 198 bytes, Stack size 16 bytes, can_hw.o(.text))
<BR><BR>[Stack]<UL><LI>Max Depth = 176 + Unknown Stack Size
<LI>Call Chain = CAN1_ISR &rArr; uart_printf &rArr; __c89vsnprintf &rArr; _printf_char_common &rArr; __printf
</UL>
<BR>[Calls]<UL><LI><a href="#[8e]">&gt;&gt;</a>&nbsp;&nbsp;&nbsp;uart_printf
<LI><a href="#[164]">&gt;&gt;</a>&nbsp;&nbsp;&nbsp;CAN_RxINTRoute
<LI><a href="#[163]">&gt;&gt;</a>&nbsp;&nbsp;&nbsp;CAN_TxINTRoute
<LI><a href="#[167]">&gt;&gt;</a>&nbsp;&nbsp;&nbsp;CAN_SoftReset
</UL>
<BR>[Called By]<UL><LI><a href="#[28]">&gt;&gt;</a>&nbsp;&nbsp;&nbsp;CAN_IRQHandler
</UL>

<P><STRONG><a name="[169]"></a>CAN_CtrlInit</STRONG> (Thumb, 116 bytes, Stack size 0 bytes, can_hw.o(.text))
<BR><BR>[Called By]<UL><LI><a href="#[8f]">&gt;&gt;</a>&nbsp;&nbsp;&nbsp;CAN_Init
</UL>

<P><STRONG><a name="[16d]"></a>CAN_CtrlDeInit</STRONG> (Thumb, 62 bytes, Stack size 0 bytes, can_hw.o(.text), UNUSED)
<BR><BR>[Called By]<UL><LI><a href="#[16c]">&gt;&gt;</a>&nbsp;&nbsp;&nbsp;CAN_DeInit
</UL>

<P><STRONG><a name="[1cb]"></a>_dadd1</STRONG> (Thumb, 0 bytes, Stack size unknown bytes, daddsub_clz.o(x$fpl$dadd), UNUSED)
<BR><BR>[Called By]<UL><LI><a href="#[1ca]">&gt;&gt;</a>&nbsp;&nbsp;&nbsp;_dsub
</UL>

<P><STRONG><a name="[1c1]"></a>_dsub1</STRONG> (Thumb, 0 bytes, Stack size unknown bytes, daddsub_clz.o(x$fpl$dsub), UNUSED)
<BR><BR>[Called By]<UL><LI><a href="#[1c0]">&gt;&gt;</a>&nbsp;&nbsp;&nbsp;_dadd
</UL>

<P><STRONG><a name="[1d9]"></a>_fadd1</STRONG> (Thumb, 0 bytes, Stack size unknown bytes, faddsub_clz.o(x$fpl$fadd), UNUSED)
<BR><BR>[Called By]<UL><LI><a href="#[1da]">&gt;&gt;</a>&nbsp;&nbsp;&nbsp;_fsub
<LI><a href="#[1d8]">&gt;&gt;</a>&nbsp;&nbsp;&nbsp;_frsb
</UL>

<P><STRONG><a name="[1cf]"></a>_fsub1</STRONG> (Thumb, 0 bytes, Stack size unknown bytes, faddsub_clz.o(x$fpl$fsub), UNUSED)
<BR><BR>[Called By]<UL><LI><a href="#[1d8]">&gt;&gt;</a>&nbsp;&nbsp;&nbsp;_frsb
<LI><a href="#[1ce]">&gt;&gt;</a>&nbsp;&nbsp;&nbsp;_fadd
</UL>

<P><STRONG><a name="[34]"></a>_printf_input_char</STRONG> (Thumb, 10 bytes, Stack size 0 bytes, _printf_char_common.o(.text))
<BR>[Address Reference Count : 1]<UL><LI> _printf_char_common.o(.text)
</UL>
<P><STRONG><a name="[1ab]"></a>_fp_digits</STRONG> (Thumb, 428 bytes, Stack size 96 bytes, _printf_fp_dec.o(.text))
<BR><BR>[Stack]<UL><LI>Max Depth = 216<LI>Call Chain = _fp_digits &rArr; _btod_etento &rArr; _btod_emul &rArr; _e2e
</UL>
<BR>[Calls]<UL><LI><a href="#[1af]">&gt;&gt;</a>&nbsp;&nbsp;&nbsp;_btod_emul
<LI><a href="#[1ae]">&gt;&gt;</a>&nbsp;&nbsp;&nbsp;_btod_ediv
<LI><a href="#[1ad]">&gt;&gt;</a>&nbsp;&nbsp;&nbsp;_btod_d2e
<LI><a href="#[1ac]">&gt;&gt;</a>&nbsp;&nbsp;&nbsp;_btod_etento
<LI><a href="#[1a6]">&gt;&gt;</a>&nbsp;&nbsp;&nbsp;_ll_udiv10
</UL>
<BR>[Called By]<UL><LI><a href="#[1b0]">&gt;&gt;</a>&nbsp;&nbsp;&nbsp;_printf_fp_dec_real
</UL>
<P>
<H3>
Undefined Global Symbols
</H3><HR></body></html>
