<html>
<body>
<pre>
<h1>礦ision Build Log</h1>
<h2>Tool Versions:</h2>
IDE-Version: μVision V5.23.0.0
Copyright (C) 2017 ARM Ltd and ARM Germany GmbH. All rights reserved.
License Information: li zhanbin, DJI, LIC=WHY8T-RSGMI-Q0MNJ-URYPS-RB7KY-YMEVQ
 
Tool Versions:
Toolchain:       MDK-ARM Plus  Version: 5.23
Toolchain Path:  C:\Keil_v5\ARM\ARMCC\Bin
C Compiler:      Armcc.exe V5.06 update 4 (build 422)
Assembler:       Armasm.exe V5.06 update 4 (build 422)
Linker/Locator:  ArmLink.exe V5.06 update 4 (build 422)
Library Manager: ArmAr.exe V5.06 update 4 (build 422)
Hex Converter:   FromElf.exe V5.06 update 4 (build 422)
CPU DLL:         SARMCM3.DLL V5.23
Dialog DLL:      DCM.DLL V1.15.0.0
Target DLL:      Segger\JL2CM3.dll V2.99.23.0
Dialog DLL:      TCM.DLL V1.27.0.0
 
<h2>Project:</h2>
C:\Users\zhanbin.li\Desktop\新功能版本--20170308\lpc17xx_loader.uvprojx
Project File Date:  03/08/2017

<h2>Output:</h2>
*** Using Compiler 'V5.06 update 4 (build 422)', folder: 'C:\Keil_v5\ARM\ARMCC\Bin'
Build target 'lpc17xx_can_loader_debug'
compiling MF_CRC8.c...
compiling aes.c...
compiling system_LPC17xx.c...
compiling MF_CRC16.c...
compiling cfg_unpack.c...
compiling main.c...
assembling startup_LPC17xx.s...
compiling core_cm3.c...
compiling cfg_decoder.c...
compiling cfg_handler.c...
compiling bsp.c...
compiling cfg_handler_a2.c...
assembling critical.asm...
compiling MF_MD5.c...
compiling lpc17xx_uart.c...
compiling sbl_iap.c...
compiling lpc17xx_wdt.c...
compiling lpc17xx_timer.c...
compiling can_hw.c...
compiling can_package.c...
compiling lpc17xx_adc.c...
drivers\adc\lpc17xx_adc.c(58): warning:  #61-D: integer operation result is out of range
  	
INSEL3 &= ~(3<<30);      /* ADC0.5 pin select  resaved */
drivers\adc\lpc17xx_adc.c(59): warning:  #61-D: integer operation result is out of range
  	
INSEL3 |=   3<<30;
drivers\adc\lpc17xx_adc.c(59): warning:  #68-D: integer conversion resulted in a change of sign
  	
INSEL3 |=   3<<30;
drivers\adc\lpc17xx_adc.c: 3 warnings, 0 errors
compiling user_led.c...
compiling can_unpack.c...
compiling user_pwm.c...
compiling user_interrupt.c...
compiling can_af.c...
compiling user_sensor.c...
drivers\user_sensor.c(30): warning:  #61-D: integer operation result is out of range
    
PC_GPIO1->FIODIR  &= (~(1<<31));// P1_31 为输入 resaved0
drivers\user_sensor.c: 1 warning, 0 errors
linking...
Program Size: Code=54674 RO-data=3750 RW-data=1032 ZI-data=24776  
After Build - User command #1: fromelf --bin .\output\Farming_app_debug.axf -o .\output\Farming_app_debug.bin
".\output\Farming_app_debug.axf" - 0 Error(s), 4 Warning(s).

<h2>Collection of Component include folders:</h2>
  .\RTE\_lpc17xx_can_loader_debug
  C:\Keil_v5\ARM\PACK\Keil\LPC1700_DFP\2.3.0\Device\Include

<h2>Collection of Component Files used:</h2>
Build Time Elapsed:  00:00:11
</pre>
</body>
</html>
