Component: ARM Compiler 5.06 update 4 (build 422) Tool: armlink [4d35d2]

==============================================================================

Section Cross References

    system_lpc17xx.o(.text) refers to lludivv7m.o(.text) for __aeabi_uldivmod
    system_lpc17xx.o(.text) refers to system_lpc17xx.o(.data) for SystemCoreClock
    startup_lpc17xx.o(STACK) refers (Special) to heapauxi.o(.text) for __use_two_region_memory
    startup_lpc17xx.o(HEAP) refers (Special) to heapauxi.o(.text) for __use_two_region_memory
    startup_lpc17xx.o(RESET) refers (Special) to heapauxi.o(.text) for __use_two_region_memory
    startup_lpc17xx.o(RESET) refers to startup_lpc17xx.o(STACK) for __initial_sp
    startup_lpc17xx.o(RESET) refers to startup_lpc17xx.o(.text) for Reset_Handler
    startup_lpc17xx.o(RESET) refers to lpc17xx_timer.o(.text) for TIMER0_IRQHandler
    startup_lpc17xx.o(RESET) refers to lpc17xx_uart.o(.text) for UART0_IRQHandler
    startup_lpc17xx.o(RESET) refers to user_interrupt.o(.text) for EINT3_IRQHandler
    startup_lpc17xx.o(RESET) refers to can_hw.o(.text) for CAN_IRQHandler
    startup_lpc17xx.o(.text) refers (Special) to heapauxi.o(.text) for __use_two_region_memory
    startup_lpc17xx.o(.text) refers to __main.o(!!!main) for __main
    startup_lpc17xx.o(.text) refers to startup_lpc17xx.o(HEAP) for Heap_Mem
    startup_lpc17xx.o(.text) refers to startup_lpc17xx.o(STACK) for Stack_Mem
    main.o(.text) refers to cfg_handler.o(.text) for cmd_handler_foc_ver_request
    main.o(.text) refers to system_lpc17xx.o(.text) for SystemInit
    main.o(.text) refers to lpc17xx_uart.o(.text) for UARTS_Init
    main.o(.text) refers to lpc17xx_wdt.o(.text) for WDT_Init
    main.o(.text) refers to user_interrupt.o(.text) for Interrupt_Init
    main.o(.text) refers to can_hw.o(.text) for CAN_Init
    main.o(.text) refers to lpc17xx_timer.o(.text) for TIMER0_Init
    main.o(.text) refers to user_led.o(.text) for LedInit
    main.o(.text) refers to user_sensor.o(.text) for level_sensor_init
    main.o(.text) refers to lpc17xx_adc.o(.text) for sensor_adc_init
    main.o(.text) refers to cfg_unpack.o(.text) for cfg_unpack_init
    main.o(.text) refers to cfg_handler_a2.o(.text) for deviceInfoInit
    main.o(.text) refers to cfg_handler.o(.data) for FOC_1_STATUS
    main.o(.text) refers to main.o(.data) for clock
    main.o(.text) refers to user_sensor.o(.data) for current_capacity_total
    main.o(.text) refers to user_interrupt.o(.data) for flow_sensor_value
    main.o(.text) refers to main.o(.conststring) for .conststring
    main.o(.text) refers to cfg_handler.o(.bss) for debug_stFOC_Value_3
    aes.o(.text) refers to aes.o(.data) for logTbl
    aes.o(.text) refers to aes.o(.bss) for block2
    aes.o(.text) refers to aes.o(.constdata) for kTable
    mf_crc8.o(.text) refers to mf_crc8.o(.constdata) for CRC8_TAB
    mf_crc16.o(.text) refers to mf_crc16.o(.constdata) for wCRC_Table
    cfg_unpack.o(.text) refers to cfg_decoder.o(.text) for cfg_decoder_init
    cfg_unpack.o(.text) refers to can_package.o(.text) for CAN_RING_BUF_COUNT
    cfg_unpack.o(.text) refers to cfg_handler.o(.text) for command_process_v1
    cfg_unpack.o(.text) refers to c89vsnprintf.o(.text) for __c89vsnprintf
    cfg_unpack.o(.text) refers to mf_crc8.o(.text) for Append_CRC8_Check_Sum
    cfg_unpack.o(.text) refers to mf_crc16.o(.text) for Append_CRC16_Check_Sum
    cfg_unpack.o(.text) refers to cfg_unpack.o(.bss) for can1_data_buff
    cfg_unpack.o(.text) refers to can_package.o(.bss) for can1RxRingBuf
    cfg_unpack.o(.text) refers to cfg_handler.o(.data) for g_cfg_end_point
    cfg_unpack.o(.text) refers to lpc17xx_uart.o(.bss) for UART0_rx_buf
    cfg_handler.o(.text) refers to mf_crc8.o(.text) for Append_CRC8_Check_Sum
    cfg_handler.o(.text) refers to mf_crc16.o(.text) for Append_CRC16_Check_Sum
    cfg_handler.o(.text) refers to can_package.o(.text) for CAN_sendbytes_View
    cfg_handler.o(.text) refers to lpc17xx_uart.o(.text) for UART0_send_pack
    cfg_handler.o(.text) refers to sbl_iap.o(.text) for hardware_id_read_flash
    cfg_handler.o(.text) refers to lpc17xx_wdt.o(.text) for WDT_Feed
    cfg_handler.o(.text) refers to aes.o(.text) for aesDecInit
    cfg_handler.o(.text) refers to rt_memcpy_v6.o(.text) for __aeabi_memcpy
    cfg_handler.o(.text) refers to cfg_handler.o(.data) for g_cfg_end_point
    cfg_handler.o(.text) refers to can_package.o(.bss) for can1Tx3RingBuf
    cfg_handler.o(.text) refers to main.o(.data) for g_current_tick
    cfg_handler.o(.text) refers to sbl_iap.o(.constdata) for sector_end_map
    cfg_handler.o(.text) refers to cfg_handler.o(.bss) for tmpBuf
    cfg_handler.o(.text) refers to mf_md5.o(.text) for MD5Init
    cfg_handler.o(.text) refers to fflt_clz.o(x$fpl$fflt) for __aeabi_i2f
    cfg_handler.o(.text) refers to f2d.o(x$fpl$f2d) for __aeabi_f2d
    cfg_handler.o(.text) refers to dmul.o(x$fpl$dmul) for __aeabi_dmul
    cfg_handler.o(.text) refers to d2f.o(x$fpl$d2f) for __aeabi_d2f
[...]
    IOSD_Config_Info_Push                    0x0000cc45   Thumb Code   198  cfg_handler.o(.text)
    cmd_handler_iosd_config_ack              0x0000cd0b   Thumb Code    16  cfg_handler.o(.text)
    spray_system_data_Push                   0x0000cd1b   Thumb Code   328  cfg_handler.o(.text)
    cmd_handler_data_push_ack                0x0000ce63   Thumb Code    16  cfg_handler.o(.text)
    spray_system_para_recoder                0x0000ce73   Thumb Code   174  cfg_handler.o(.text)
    cfg_decoder_init                         0x0000cf69   Thumb Code    10  cfg_decoder.o(.text)
    cfg_decoder_upack                        0x0000cf73   Thumb Code   200  cfg_decoder.o(.text)
    get_control_flag                         0x0000d03b   Thumb Code     6  cfg_decoder.o(.text)
    Flow_Sensor_Unpack                       0x0000d041   Thumb Code    94  cfg_decoder.o(.text)
    cfg_get_handler                          0x0000d0a5   Thumb Code    48  cfg_handler_a2.o(.text)
    cfg_cmd_process_v2                       0x0000d0d5   Thumb Code    66  cfg_handler_a2.o(.text)
    valuate_checksum                         0x0000d117   Thumb Code    62  cfg_handler_a2.o(.text)
    cfg_unpack_tick_a2                       0x0000d155   Thumb Code   368  cfg_handler_a2.o(.text)
    update_version                           0x0000d2c5   Thumb Code     2  cfg_handler_a2.o(.text)
    init_cmd_header                          0x0000d2c7   Thumb Code    32  cfg_handler_a2.o(.text)
    deviceInfoInit                           0x0000d2e7   Thumb Code    30  cfg_handler_a2.o(.text)
    check_sum_calculate                      0x0000d305   Thumb Code    52  cfg_handler_a2.o(.text)
    encryp_cmd                               0x0000d339   Thumb Code    54  cfg_handler_a2.o(.text)
    send_cmd                                 0x0000d36f   Thumb Code    90  cfg_handler_a2.o(.text)
    cmd_handler_scan                         0x0000d3c9   Thumb Code    68  cfg_handler_a2.o(.text)
    cmd_handler_entry_upgrade_new            0x0000d40d   Thumb Code   110  cfg_handler_a2.o(.text)
    cmd_handler_entry_upgrade_old            0x0000d47b   Thumb Code     2  cfg_handler_a2.o(.text)
    cmd_handler_deviceinfo_set               0x0000d47d   Thumb Code   366  cfg_handler_a2.o(.text)
    cmd_handler_deviceinfo_check             0x0000d5eb   Thumb Code    96  cfg_handler_a2.o(.text)
    cmd_handler_deviceinfo_request           0x0000d64b   Thumb Code   148  cfg_handler_a2.o(.text)
    cmd_handler_upgrade_start                0x0000d6df   Thumb Code    36  cfg_handler_a2.o(.text)
    cmd_handler_upgrade_data                 0x0000d703   Thumb Code    36  cfg_handler_a2.o(.text)
    cmd_handler_upgrade_end                  0x0000d727   Thumb Code     6  cfg_handler_a2.o(.text)
    cmd_handler_upgrade_check                0x0000d72d   Thumb Code    36  cfg_handler_a2.o(.text)
    MD5Init                                  0x0000d7e9   Thumb Code    26  mf_md5.o(.text)
    MD5Decode                                0x0000d803   Thumb Code    50  mf_md5.o(.text)
    MD5Transform                             0x0000d835   Thumb Code  1886  mf_md5.o(.text)
    MD5Update                                0x0000df93   Thumb Code   150  mf_md5.o(.text)
    MD5Encode                                0x0000e029   Thumb Code   192  mf_md5.o(.text)
    MD5Final                                 0x0000e0e9   Thumb Code    80  mf_md5.o(.text)
    CPU_SR_Save                              0x0000e13d   Thumb Code     0  critical.o(.text)
    CPU_SR_Restore                           0x0000e145   Thumb Code     0  critical.o(.text)
    iap_entry                                0x0000e14d   Thumb Code    16  sbl_iap.o(.text)
    write_data                               0x0000e15d   Thumb Code    54  sbl_iap.o(.text)
    prepare_sector                           0x0000e193   Thumb Code    30  sbl_iap.o(.text)
    erase_sector                             0x0000e1b1   Thumb Code    48  sbl_iap.o(.text)
    find_erase_prepare_sector                0x0000e1e1   Thumb Code    90  sbl_iap.o(.text)
    write_flash                              0x0000e23b   Thumb Code   128  sbl_iap.o(.text)
    erase_user_area                          0x0000e2bb   Thumb Code    40  sbl_iap.o(.text)
    compare_data                             0x0000e2e3   Thumb Code    60  sbl_iap.o(.text)
    execute_user_code                        0x0000e31f   Thumb Code    24  sbl_iap.o(.text)
    user_code_present                        0x0000e337   Thumb Code    36  sbl_iap.o(.text)
    read_flash_data                          0x0000e371   Thumb Code    24  sbl_iap.o(.text)
    write_flash_data                         0x0000e389   Thumb Code    94  sbl_iap.o(.text)
    read_flash_data_offset                   0x0000e3e7   Thumb Code    36  sbl_iap.o(.text)
    write_flash_data_offset                  0x0000e40b   Thumb Code    98  sbl_iap.o(.text)
    check_iap_entry_init                     0x0000e46d   Thumb Code    36  sbl_iap.o(.text)
    check_iap_entry_pin                      0x0000e491   Thumb Code   248  sbl_iap.o(.text)
    erase_user_flash                         0x0000e589   Thumb Code    38  sbl_iap.o(.text)
    write_programming_done_flag              0x0000e5af   Thumb Code    72  sbl_iap.o(.text)
    erase_programming_done_flag              0x0000e5f7   Thumb Code    70  sbl_iap.o(.text)
    hardware_id_read_flash                   0x0000e63d   Thumb Code    20  sbl_iap.o(.text)
    hardware_id_write_flash                  0x0000e651   Thumb Code   132  sbl_iap.o(.text)
    place_aes_key                            0x0000e6d5   Thumb Code    16  sbl_iap.o(.text)
    sbl_get_loader_version                   0x0000e6e5   Thumb Code    28  sbl_iap.o(.text)
    cali_pressure1_para_write_flash          0x0000e701   Thumb Code   138  sbl_iap.o(.text)
    cali_pressure2_para_write_flash          0x0000e78b   Thumb Code   138  sbl_iap.o(.text)
    cali_flow_para1_write_flash              0x0000e815   Thumb Code   138  sbl_iap.o(.text)
    cali_flow_para2_write_flash              0x0000e89f   Thumb Code   138  sbl_iap.o(.text)
    residual_volume_para_write_flash         0x0000e929   Thumb Code   172  sbl_iap.o(.text)
    flowmeter_para_write_flash               0x0000e9d5   Thumb Code   138  sbl_iap.o(.text)
    cali_pressure1_para_read_flash           0x0000ea5f   Thumb Code    22  sbl_iap.o(.text)
    cali_pressure2_para_read_flash           0x0000ea75   Thumb Code    22  sbl_iap.o(.text)
    cali_flow_para1_read_flash               0x0000ea8b   Thumb Code    22  sbl_iap.o(.text)
    cali_flow_para2_read_flash               0x0000eaa1   Thumb Code    22  sbl_iap.o(.text)
    cali_volume_para_read_flash              0x0000eab7   Thumb Code    22  sbl_iap.o(.text)
    flowmeter_para_read_flash                0x0000eacd   Thumb Code    22  sbl_iap.o(.text)
    uart_swtich_init                         0x0000eaed   Thumb Code    44  lpc17xx_uart.o(.text)
    TX_RX1_ON                                0x0000eb19   Thumb Code    24  lpc17xx_uart.o(.text)
    TX_RX2_ON                                0x0000eb31   Thumb Code    24  lpc17xx_uart.o(.text)
    UART3_SendByte                           0x0000eb49   Thumb Code    96  lpc17xx_uart.o(.text)
    UART2_SendByte                           0x0000eba9   Thumb Code   110  lpc17xx_uart.o(.text)
    UART0_SendByte                           0x0000ec17   Thumb Code    96  lpc17xx_uart.o(.text)
    uart_printf                              0x0000ec77   Thumb Code   124  lpc17xx_uart.o(.text)
    UART3_BufClr                             0x0000ecf3   Thumb Code    34  lpc17xx_uart.o(.text)
    Radar_RS485_RD_Init                      0x0000ee65   Thumb Code    14  lpc17xx_uart.o(.text)
    UART2_BufClr                             0x0000ee73   Thumb Code    56  lpc17xx_uart.o(.text)
    UART1_BufClr                             0x0000f05d   Thumb Code    34  lpc17xx_uart.o(.text)
    UART0_BufClr                             0x0000f1cb   Thumb Code    34  lpc17xx_uart.o(.text)
    UARTS_Init                               0x0000f33d   Thumb Code    36  lpc17xx_uart.o(.text)
    UART0_putchar                            0x0000f361   Thumb Code    20  lpc17xx_uart.o(.text)
    UART0_getchar                            0x0000f375   Thumb Code    20  lpc17xx_uart.o(.text)
    UART0_send_pack                          0x0000f389   Thumb Code   228  lpc17xx_uart.o(.text)
    UART0_IRQHandler                         0x0000f46d   Thumb Code   140  lpc17xx_uart.o(.text)
    RS485_RD_Init                            0x0000f4f9   Thumb Code    14  lpc17xx_uart.o(.text)
    UART1_putchar                            0x0000f507   Thumb Code    20  lpc17xx_uart.o(.text)
    UART1_getchar                            0x0000f51b   Thumb Code    20  lpc17xx_uart.o(.text)
    UART1_SendByte                           0x0000f52f   Thumb Code    96  lpc17xx_uart.o(.text)
    UART1_send_pack                          0x0000f58f   Thumb Code   180  lpc17xx_uart.o(.text)
    UART1_ReicieveByte                       0x0000f643   Thumb Code    66  lpc17xx_uart.o(.text)
    UART1_IRQHandler                         0x0000f685   Thumb Code   148  lpc17xx_uart.o(.text)
    UART2_putchar                            0x0000f719   Thumb Code    20  lpc17xx_uart.o(.text)
    UART2_getchar                            0x0000f72d   Thumb Code    20  lpc17xx_uart.o(.text)
    UART2_send_pack                          0x0000f741   Thumb Code     2  lpc17xx_uart.o(.text)
    UART2_ReicieveByte                       0x0000f743   Thumb Code    66  lpc17xx_uart.o(.text)
    UART2_IRQHandler                         0x0000f785   Thumb Code   250  lpc17xx_uart.o(.text)
    UART3_putchar                            0x0000f87f   Thumb Code    20  lpc17xx_uart.o(.text)
    UART3_getchar                            0x0000f893   Thumb Code    20  lpc17xx_uart.o(.text)
    UART3_send_pack                          0x0000f8a7   Thumb Code   166  lpc17xx_uart.o(.text)
    UART3_ReicieveByte                       0x0000f94d   Thumb Code    66  lpc17xx_uart.o(.text)
    UART3_IRQHandler                         0x0000f98f   Thumb Code   140  lpc17xx_uart.o(.text)
    WDT_Init                                 0x0000fa4d   Thumb Code    38  lpc17xx_wdt.o(.text)
    WDT_Feed                                 0x0000fa73   Thumb Code    38  lpc17xx_wdt.o(.text)
    WDT_Start                                0x0000fa99   Thumb Code    32  lpc17xx_wdt.o(.text)
    WDT_UpdateTimeOut                        0x0000fab9   Thumb Code    22  lpc17xx_wdt.o(.text)
    WDT_GetCurrentCount                      0x0000facf   Thumb Code     8  lpc17xx_wdt.o(.text)
    WDT_ResetCheck                           0x0000fad7   Thumb Code    12  lpc17xx_wdt.o(.text)
    WDT_Lock                                 0x0000fae3   Thumb Code     8  lpc17xx_wdt.o(.text)
    WDT_UnLock                               0x0000faeb   Thumb Code     8  lpc17xx_wdt.o(.text)
    TIMER0_IRQHandler                        0x0000faf9   Thumb Code   142  lpc17xx_timer.o(.text)
    TIMER0_Init                              0x0000fb87   Thumb Code    56  lpc17xx_timer.o(.text)
    TIMER0_Start                             0x0000fbbf   Thumb Code    10  lpc17xx_timer.o(.text)
    TIMER0_Stop                              0x0000fbc9   Thumb Code    18  lpc17xx_timer.o(.text)
    TIMER0_Reset                             0x0000fbdb   Thumb Code    18  lpc17xx_timer.o(.text)
    TIMER0_1Ms_Timeout                       0x0000fbed   Thumb Code    20  lpc17xx_timer.o(.text)
    TIMER1_Init                              0x0000fc01   Thumb Code    52  lpc17xx_timer.o(.text)
    TIMER1_Start                             0x0000fc35   Thumb Code     8  lpc17xx_timer.o(.text)
    TIMER1_Stop                              0x0000fc3d   Thumb Code    14  lpc17xx_timer.o(.text)
    TIMER1_IRQHandler                        0x0000fc4b   Thumb Code    14  lpc17xx_timer.o(.text)
    TIMER2_Init                              0x0000fc59   Thumb Code    52  lpc17xx_timer.o(.text)
    TIMER2_Start                             0x0000fc8d   Thumb Code     8  lpc17xx_timer.o(.text)
    TIMER2_Stop                              0x0000fc95   Thumb Code    14  lpc17xx_timer.o(.text)
    TIMER2_IRQHandler                        0x0000fca3   Thumb Code    26  lpc17xx_timer.o(.text)
    ADC_StartCmd                             0x0000fd0d   Thumb Code    18  lpc17xx_adc.o(.text)
    ADC_BurstCmd                             0x0000fd1f   Thumb Code    20  lpc17xx_adc.o(.text)
    ADC_ChannelCmd                           0x0000fd33   Thumb Code    46  lpc17xx_adc.o(.text)
    ADC_IntConfig                            0x0000fd61   Thumb Code    26  lpc17xx_adc.o(.text)
    ADC_Init                                 0x0000fd7b   Thumb Code    94  lpc17xx_adc.o(.text)
    sensor_adc_init                          0x0000fdd9   Thumb Code   272  lpc17xx_adc.o(.text)
    ADC_ChannelGetData                       0x0000fee9   Thumb Code    16  lpc17xx_adc.o(.text)
    press0_sensor_get                        0x0000fef9   Thumb Code    12  lpc17xx_adc.o(.text)
    press1_sensor_get                        0x0000ff05   Thumb Code    12  lpc17xx_adc.o(.text)
    temperature0_sensor_get                  0x0000ff11   Thumb Code    12  lpc17xx_adc.o(.text)
    temperature1_sensor_get                  0x0000ff1d   Thumb Code    12  lpc17xx_adc.o(.text)
    water_level_get                          0x0000ff29   Thumb Code    12  lpc17xx_adc.o(.text)
    ADC0_GetData                             0x0000ff35   Thumb Code    16  lpc17xx_adc.o(.text)
    ADC_DeInit                               0x0000ff45   Thumb Code    20  lpc17xx_adc.o(.text)
    ADC_PowerdownCmd                         0x0000ff59   Thumb Code    20  lpc17xx_adc.o(.text)
    ADC_EdgeStartConfig                      0x0000ff6d   Thumb Code    20  lpc17xx_adc.o(.text)
    ADC_ChannelGetStatus                     0x0000ff81   Thumb Code    36  lpc17xx_adc.o(.text)
    ADC_GlobalGetData                        0x0000ffa5   Thumb Code     6  lpc17xx_adc.o(.text)
    ADC_GlobalGetStatus                      0x0000ffab   Thumb Code    28  lpc17xx_adc.o(.text)
    CAN_TBS_INTRoute                         0x0000fff3   Thumb Code   116  can_hw.o(.text)
    CAN_TxINTRoute                           0x00010067   Thumb Code   158  can_hw.o(.text)
    CAN_RxINTRoute                           0x00010105   Thumb Code   162  can_hw.o(.text)
    CAN_IRQHandler                           0x0001026d   Thumb Code     8  can_hw.o(.text)
    CAN2_ISR                                 0x00010275   Thumb Code   198  can_hw.o(.text)
    CAN_Init                                 0x000103af   Thumb Code   226  can_hw.o(.text)
    CAN_DeInit                               0x000104cf   Thumb Code    10  can_hw.o(.text)
    CAN_TBS1_WRITE                           0x000104d9   Thumb Code    14  can_hw.o(.text)
    CAN_TBS2_WRITE                           0x000104e7   Thumb Code    14  can_hw.o(.text)
    CAN_TBS3_WRITE                           0x000104f5   Thumb Code    14  can_hw.o(.text)
    CAN_tx_action                            0x00010503   Thumb Code   180  can_hw.o(.text)
    CAN_tx_action_all                        0x000105b7   Thumb Code   330  can_hw.o(.text)
    CAN_SetupAFLUT                           0x00010715   Thumb Code  1172  can_af.o(.text)
    CAN_InitAFTable                          0x00010ba9   Thumb Code   164  can_af.o(.text)
    CAN_LoadExplicitEntry                    0x00010c4d   Thumb Code  1050  can_af.o(.text)
    CAN_LoadFullCANEntry                     0x00011067   Thumb Code   798  can_af.o(.text)
    CAN_LoadGroupEntry                       0x00011385   Thumb Code   858  can_af.o(.text)
    CAN_RemoveEntry                          0x000116df   Thumb Code  1348  can_af.o(.text)
    CAN_RING_BUF_Init                        0x00011c29   Thumb Code   286  can_package.o(.text)
    CAN_RING_BUF_RD                          0x00011d47   Thumb Code    20  can_package.o(.text)
    CAN_RING_BUF_WR                          0x00011d5b   Thumb Code    18  can_package.o(.text)
    CAN_RING_BUF_IS_FULL                     0x00011d6d   Thumb Code    28  can_package.o(.text)
    CAN_RING_BUF_IS_EMPTY                    0x00011d89   Thumb Code    26  can_package.o(.text)
    CAN_RING_BUF_COUNT                       0x00011da3   Thumb Code    14  can_package.o(.text)
    CAN_RING_BUF_CLEAR                       0x00011db1   Thumb Code     8  can_package.o(.text)
    CAN_RING_BUF_WR_BLOCK                    0x00011db9   Thumb Code    66  can_package.o(.text)
    CAN_RING_BUF_RD_BLOCK                    0x00011dfb   Thumb Code    64  can_package.o(.text)
    CAN_tx_function                          0x00011e3b   Thumb Code   160  can_package.o(.text)
    CAN_sendbytes_View                       0x00011edb   Thumb Code    54  can_package.o(.text)
    Interrupt_Init                           0x00011f61   Thumb Code    96  user_interrupt.o(.text)
    flow_cali_enble                          0x00011fc1   Thumb Code     8  user_interrupt.o(.text)
    flow_cali_clear                          0x00011fc9   Thumb Code     8  user_interrupt.o(.text)
    get_cali_flow_pulses_total               0x00011fd1   Thumb Code    36  user_interrupt.o(.text)
    get_cali_flow_freq                       0x00011ff5   Thumb Code    36  user_interrupt.o(.text)
    get_cail_flow_time                       0x00012019   Thumb Code    36  user_interrupt.o(.text)
    EINT3_IRQHandler                         0x0001203d   Thumb Code   184  user_interrupt.o(.text)
    LedInit                                  0x00012135   Thumb Code    24  user_led.o(.text)
    get_capacity_flag_1L                     0x00012151   Thumb Code     6  user_sensor.o(.text)
    level_sensor_init                        0x00012157   Thumb Code    14  user_sensor.o(.text)
    level_data_process                       0x00012165   Thumb Code    78  user_sensor.o(.text)
    get_temperature                          0x000121b3   Thumb Code    40  user_sensor.o(.text)
    K_Coefficient_Compensation               0x000121db   Thumb Code   154  user_sensor.o(.text)
    get_current_capacity_d                   0x00012275   Thumb Code    38  user_sensor.o(.text)
    Set_Volume_Each_Pulse                    0x0001229b   Thumb Code     6  user_sensor.o(.text)
    capacity_by_flow_sensor                  0x000122a1   Thumb Code   102  user_sensor.o(.text)
    MedFilter                                0x00012307   Thumb Code    72  user_sensor.o(.text)
    Get_XT100_State                          0x0001234f   Thumb Code     6  user_sensor.o(.text)
    Get_XT90_State                           0x00012355   Thumb Code     6  user_sensor.o(.text)
    temperature_sensor_handle                0x0001235b   Thumb Code   426  user_sensor.o(.text)
    Get_Spary_Limit_Value                    0x00012505   Thumb Code   210  user_sensor.o(.text)
    Set_Foc_Value_By_Flow_Double_Pump        0x000125d7   Thumb Code  1280  user_sensor.o(.text)
    Set_Foc_Value_By_Flow_Single_Pump        0x00012ad7   Thumb Code  1626  user_sensor.o(.text)
    Control_The_Frequency_Pulse_1            0x00013131   Thumb Code   178  user_sensor.o(.text)
    Control_The_Frequency_Pulse_2            0x000131e3   Thumb Code   178  user_sensor.o(.text)
    Set_Spary_Limit_Value                    0x00013295   Thumb Code    36  user_sensor.o(.text)
    spray_system_press_para_init_check       0x000132b9   Thumb Code   422  user_sensor.o(.text)
    set_cali_capaciy                         0x0001345f   Thumb Code    10  user_sensor.o(.text)
    spray_sysem_flow_para_init_check         0x00013469   Thumb Code   176  user_sensor.o(.text)
    spray_residual_volume_init_check         0x00013519   Thumb Code    40  user_sensor.o(.text)
    set_flow_cali_flag                       0x00013541   Thumb Code     6  user_sensor.o(.text)
    get_press_value                          0x00013547   Thumb Code    24  user_sensor.o(.text)
    Set_FOC1_Value_By_Pressure0              0x0001355f   Thumb Code   430  user_sensor.o(.text)
    press0_cali_para_reset                   0x0001370d   Thumb Code    18  user_sensor.o(.text)
    flow1_calibration_process                0x0001371f   Thumb Code  1128  user_sensor.o(.text)
    Flow_Freq_MedFilter                      0x00013b87   Thumb Code    62  user_sensor.o(.text)
    Set_FOC2_Value_By_Pressure1              0x00013bc5   Thumb Code   644  user_sensor.o(.text)
    press1_cali_para_reset                   0x00013e49   Thumb Code    18  user_sensor.o(.text)
    flow2_calibration_process                0x00013e5b   Thumb Code   610  user_sensor.o(.text)
    get_buf_min_value                        0x000140bd   Thumb Code    48  user_sensor.o(.text)
    press_sensor_handle                      0x000140ed   Thumb Code   500  user_sensor.o(.text)
    pressure2_check_process                  0x000142e1   Thumb Code   612  user_sensor.o(.text)
    pressure1_check_process                  0x00014545   Thumb Code   680  user_sensor.o(.text)
    pressure2_calibration_process            0x000147ed   Thumb Code   378  user_sensor.o(.text)
    pressure1_calibration_process            0x00014967   Thumb Code   374  user_sensor.o(.text)
    get_pump1_state                          0x00014add   Thumb Code     6  user_sensor.o(.text)
    get_pump2_state                          0x00014ae3   Thumb Code     6  user_sensor.o(.text)
    set_MedeRunoutFlag                       0x00014ae9   Thumb Code    84  user_sensor.o(.text)
    remaining_capacity_detection             0x00014b3d   Thumb Code   466  user_sensor.o(.text)
    get_MedeRunoutFlag                       0x00014d0f   Thumb Code     6  user_sensor.o(.text)
    __aeabi_uldivmod                         0x00014d35   Thumb Code     0  lludivv7m.o(.text)
    _ll_udiv                                 0x00014d35   Thumb Code   238  lludivv7m.o(.text)
    __c89vsnprintf                           0x00014e25   Thumb Code    48  c89vsnprintf.o(.text)
    __aeabi_memcpy                           0x00014e59   Thumb Code     0  rt_memcpy_v6.o(.text)
    __rt_memcpy                              0x00014e59   Thumb Code   138  rt_memcpy_v6.o(.text)
    _memcpy_lastbytes                        0x00014ebf   Thumb Code     0  rt_memcpy_v6.o(.text)
    __aeabi_memcpy4                          0x00014ee3   Thumb Code     0  rt_memcpy_w.o(.text)
    __aeabi_memcpy8                          0x00014ee3   Thumb Code     0  rt_memcpy_w.o(.text)
    __rt_memcpy_w                            0x00014ee3   Thumb Code   100  rt_memcpy_w.o(.text)
    _memcpy_lastbytes_aligned                0x00014f2b   Thumb Code     0  rt_memcpy_w.o(.text)
    __aeabi_memclr                           0x00014f47   Thumb Code     0  rt_memclr.o(.text)
    __rt_memclr                              0x00014f47   Thumb Code    68  rt_memclr.o(.text)
    _memset                                  0x00014f4b   Thumb Code     0  rt_memclr.o(.text)
    __aeabi_memclr4                          0x00014f8b   Thumb Code     0  rt_memclr_w.o(.text)
    __aeabi_memclr8                          0x00014f8b   Thumb Code     0  rt_memclr_w.o(.text)
    __rt_memclr_w                            0x00014f8b   Thumb Code    78  rt_memclr_w.o(.text)
    _memset_w                                0x00014f8f   Thumb Code     0  rt_memclr_w.o(.text)
    __use_two_region_memory                  0x00014fd9   Thumb Code     2  heapauxi.o(.text)
    __rt_heap_escrow$2region                 0x00014fdb   Thumb Code     2  heapauxi.o(.text)
    __rt_heap_expand$2region                 0x00014fdd   Thumb Code     2  heapauxi.o(.text)
    _printf_pre_padding                      0x00014fdf   Thumb Code    44  _printf_pad.o(.text)
    _printf_post_padding                     0x0001500b   Thumb Code    34  _printf_pad.o(.text)
    _printf_truncate_signed                  0x0001502d   Thumb Code    18  _printf_truncate.o(.text)
    _printf_truncate_unsigned                0x0001503f   Thumb Code    18  _printf_truncate.o(.text)
    _printf_str                              0x00015051   Thumb Code    82  _printf_str.o(.text)
    _printf_int_dec                          0x000150a5   Thumb Code   104  _printf_dec.o(.text)
    _printf_charcount                        0x0001511d   Thumb Code    40  _printf_charcount.o(.text)
    _printf_char_common                      0x0001514f   Thumb Code    32  _printf_char_common.o(.text)
    _sputc                                   0x00015175   Thumb Code    10  _sputc.o(.text)
    _snputc                                  0x0001517f   Thumb Code    16  _snputc.o(.text)
    _printf_wctomb                           0x00015191   Thumb Code   182  _printf_wctomb.o(.text)
    _printf_longlong_dec                     0x0001524d   Thumb Code   108  _printf_longlong_dec.o(.text)
    _printf_longlong_oct                     0x000152c9   Thumb Code    66  _printf_oct_int_ll.o(.text)
    _printf_int_oct                          0x0001530b   Thumb Code    24  _printf_oct_int_ll.o(.text)
    _printf_ll_oct                           0x00015323   Thumb Code    12  _printf_oct_int_ll.o(.text)
    _printf_longlong_hex                     0x00015339   Thumb Code    86  _printf_hex_int_ll_ptr.o(.text)
    _printf_int_hex                          0x0001538f   Thumb Code    28  _printf_hex_int_ll_ptr.o(.text)
    _printf_ll_hex                           0x000153ab   Thumb Code    12  _printf_hex_int_ll_ptr.o(.text)
    _printf_hex_ptr                          0x000153b7   Thumb Code    18  _printf_hex_int_ll_ptr.o(.text)
    __printf                                 0x000153cd   Thumb Code   388  __printf_flags_ss_wp.o(.text)
    _ll_udiv10                               0x00015555   Thumb Code   138  lludiv10.o(.text)
    _printf_int_common                       0x000155df   Thumb Code   178  _printf_intcommon.o(.text)
    __lib_sel_fp_printf                      0x00015691   Thumb Code     2  _printf_fp_dec.o(.text)
    _printf_fp_dec_real                      0x0001583f   Thumb Code   620  _printf_fp_dec.o(.text)
    _printf_cs_common                        0x00015aab   Thumb Code    20  _printf_char.o(.text)
    _printf_char                             0x00015abf   Thumb Code    16  _printf_char.o(.text)
    _printf_string                           0x00015acf   Thumb Code     8  _printf_char.o(.text)
    _printf_lcs_common                       0x00015ad7   Thumb Code    20  _printf_wchar.o(.text)
    _printf_wchar                            0x00015aeb   Thumb Code    16  _printf_wchar.o(.text)
    _printf_wstring                          0x00015afb   Thumb Code     8  _printf_wchar.o(.text)
    _wcrtomb                                 0x00015b03   Thumb Code    64  _wcrtomb.o(.text)
    __rt_ctype_table                         0x00015b45   Thumb Code    16  rt_ctype_table.o(.text)
    __rt_locale                              0x00015b55   Thumb Code     8  rt_locale_intlibspace.o(.text)
    _printf_fp_infnan                        0x00015b5d   Thumb Code   112  _printf_fp_infnan.o(.text)
    _btod_etento                             0x00015bdd   Thumb Code   216  bigflt0.o(.text)
    exit                                     0x00015cb9   Thumb Code    18  exit.o(.text)
    strcmp                                   0x00015ccd   Thumb Code   128  strcmpv7m.o(.text)
    _sys_exit                                0x00015d4d   Thumb Code     8  sys_exit.o(.text)
    __I$use$semihosting                      0x00015d59   Thumb Code     0  use_no_semi.o(.text)
    __use_no_semihosting_swi                 0x00015d59   Thumb Code     2  use_no_semi.o(.text)
    __semihosting_library_function           0x00015d5b   Thumb Code     0  indicate_semi.o(.text)
    _btod_d2e                                0x00015d5b   Thumb Code    62  btod.o(CL$$btod_d2e)
    _d2e_denorm_low                          0x00015d99   Thumb Code    70  btod.o(CL$$btod_d2e_denorm_low)
    _d2e_norm_op1                            0x00015ddf   Thumb Code    96  btod.o(CL$$btod_d2e_norm_op1)
    __btod_div_common                        0x00015e3f   Thumb Code   696  btod.o(CL$$btod_div_common)
    _e2e                                     0x00016177   Thumb Code   198  btod.o(CL$$btod_e2e)
    _btod_ediv                               0x0001623d   Thumb Code    40  btod.o(CL$$btod_ediv)
    _btod_emul                               0x00016265   Thumb Code    40  btod.o(CL$$btod_emul)
    __btod_mult_common                       0x0001628d   Thumb Code   580  btod.o(CL$$btod_mult_common)
    __ARM_fpclassify                         0x000164d1   Thumb Code    40  fpclassify.o(i.__ARM_fpclassify)
    _is_digit                                0x000164f9   Thumb Code    14  __printf_wp.o(i._is_digit)
    _get_lc_numeric                          0x00016509   Thumb Code    44  lc_numeric_c.o(locale$$code)
    _get_lc_ctype                            0x00016535   Thumb Code    44  lc_ctype_c.o(locale$$code)
    __aeabi_d2f                              0x00016561   Thumb Code     0  d2f.o(x$fpl$d2f)
    _d2f                                     0x00016561   Thumb Code    98  d2f.o(x$fpl$d2f)
    __aeabi_dadd                             0x000165c5   Thumb Code     0  daddsub_clz.o(x$fpl$dadd)
    _dadd                                    0x000165c5   Thumb Code   332  daddsub_clz.o(x$fpl$dadd)
    __fpl_dcmp_Inf                           0x00016715   Thumb Code    24  dcmpi.o(x$fpl$dcmpinf)
    __aeabi_ddiv                             0x0001672d   Thumb Code     0  ddiv.o(x$fpl$ddiv)
    _ddiv                                    0x0001672d   Thumb Code   552  ddiv.o(x$fpl$ddiv)
    __aeabi_d2uiz                            0x000169dd   Thumb Code     0  dfixu.o(x$fpl$dfixu)
    _dfixu                                   0x000169dd   Thumb Code    90  dfixu.o(x$fpl$dfixu)
    __aeabi_i2d                              0x00016a37   Thumb Code     0  dflt_clz.o(x$fpl$dflt)
    _dflt                                    0x00016a37   Thumb Code    46  dflt_clz.o(x$fpl$dflt)
    __aeabi_ui2d                             0x00016a65   Thumb Code     0  dflt_clz.o(x$fpl$dfltu)
    _dfltu                                   0x00016a65   Thumb Code    38  dflt_clz.o(x$fpl$dfltu)
    __aeabi_cdcmple                          0x00016a8d   Thumb Code     0  dleqf.o(x$fpl$dleqf)
    _dcmple                                  0x00016a8d   Thumb Code   120  dleqf.o(x$fpl$dleqf)
    __fpl_dcmple_InfNaN                      0x00016aef   Thumb Code     0  dleqf.o(x$fpl$dleqf)
    __aeabi_dmul                             0x00016b05   Thumb Code     0  dmul.o(x$fpl$dmul)
    _dmul                                    0x00016b05   Thumb Code   332  dmul.o(x$fpl$dmul)
    __fpl_dnaninf                            0x00016c59   Thumb Code   156  dnaninf.o(x$fpl$dnaninf)
    __fpl_dretinf                            0x00016cf5   Thumb Code    12  dretinf.o(x$fpl$dretinf)
    __aeabi_cdrcmple                         0x00016d01   Thumb Code     0  drleqf.o(x$fpl$drleqf)
    _drcmple                                 0x00016d01   Thumb Code   108  drleqf.o(x$fpl$drleqf)
    __aeabi_dsub                             0x00016d6d   Thumb Code     0  daddsub_clz.o(x$fpl$dsub)
    _dsub                                    0x00016d6d   Thumb Code   464  daddsub_clz.o(x$fpl$dsub)
    __aeabi_f2d                              0x00016f41   Thumb Code     0  f2d.o(x$fpl$f2d)
    _f2d                                     0x00016f41   Thumb Code    86  f2d.o(x$fpl$f2d)
    __aeabi_fadd                             0x00016f99   Thumb Code     0  faddsub_clz.o(x$fpl$fadd)
    _fadd                                    0x00016f99   Thumb Code   196  faddsub_clz.o(x$fpl$fadd)
    __fpl_fcmp_Inf                           0x0001705d   Thumb Code    24  fcmpi.o(x$fpl$fcmpinf)
    __aeabi_fdiv                             0x00017075   Thumb Code     0  fdiv.o(x$fpl$fdiv)
    _fdiv                                    0x00017075   Thumb Code   384  fdiv.o(x$fpl$fdiv)
    __aeabi_cfcmpeq                          0x000171f9   Thumb Code     0  feqf.o(x$fpl$feqf)
    _fcmpeq                                  0x000171f9   Thumb Code   104  feqf.o(x$fpl$feqf)
    __aeabi_f2uiz                            0x00017261   Thumb Code     0  ffixu.o(x$fpl$ffixu)
    _ffixu                                   0x00017261   Thumb Code    62  ffixu.o(x$fpl$ffixu)
    __aeabi_i2f                              0x000172a1   Thumb Code     0  fflt_clz.o(x$fpl$fflt)
    _fflt                                    0x000172a1   Thumb Code    48  fflt_clz.o(x$fpl$fflt)
    __aeabi_ui2f                             0x000172d1   Thumb Code     0  fflt_clz.o(x$fpl$ffltu)
    _ffltu                                   0x000172d1   Thumb Code    38  fflt_clz.o(x$fpl$ffltu)
    __aeabi_cfcmple                          0x000172f9   Thumb Code     0  fleqf.o(x$fpl$fleqf)
    _fcmple                                  0x000172f9   Thumb Code   104  fleqf.o(x$fpl$fleqf)
    __fpl_fcmple_InfNaN                      0x0001734b   Thumb Code     0  fleqf.o(x$fpl$fleqf)
    __aeabi_fmul                             0x00017361   Thumb Code     0  fmul.o(x$fpl$fmul)
    _fmul                                    0x00017361   Thumb Code   258  fmul.o(x$fpl$fmul)
    __fpl_fnaninf                            0x00017463   Thumb Code   140  fnaninf.o(x$fpl$fnaninf)
    __fpl_fretinf                            0x000174ef   Thumb Code    10  fretinf.o(x$fpl$fretinf)
    __aeabi_cfrcmple                         0x000174f9   Thumb Code     0  frleqf.o(x$fpl$frleqf)
    _frcmple                                 0x000174f9   Thumb Code    98  frleqf.o(x$fpl$frleqf)
    __aeabi_frsub                            0x0001755b   Thumb Code     0  faddsub_clz.o(x$fpl$frsb)
    _frsb                                    0x0001755b   Thumb Code    20  faddsub_clz.o(x$fpl$frsb)
    __aeabi_fsub                             0x00017571   Thumb Code     0  faddsub_clz.o(x$fpl$fsub)
    _fsub                                    0x00017571   Thumb Code   234  faddsub_clz.o(x$fpl$fsub)
    _printf_fp_dec                           0x0001765b   Thumb Code     4  printf1.o(x$fpl$printf1)
    __I$use$fp                               0x0001765e   Number         0  usenofp.o(x$fpl$usenofp)
    kTable                                   0x0001765e   Data          32  aes.o(.constdata)
    kTableAt88                               0x0001767e   Data          32  aes.o(.constdata)
    row                                      0x0001769e   Data           8  aes.o(.constdata)
    CRC8_INIT                                0x000176a6   Data           1  mf_crc8.o(.constdata)
    CRC8_TAB                                 0x000176a7   Data         256  mf_crc8.o(.constdata)
    wCRC_Table                               0x000177a8   Data         512  mf_crc16.o(.constdata)
    cmd_handler_array_v0                     0x000179a8   Data          24  cfg_handler.o(.constdata)
    cmd_handler_array_v1                     0x000179c0   Data         160  cfg_handler.o(.constdata)
    spray_data_name                          0x00017a60   Data          92  cfg_handler.o(.constdata)
    CAN_CRC_PACK_HEADER1                     0x00017abc   Data           1  cfg_handler_a2.o(.constdata)
    CAN_CRC_PACK_HEADER2                     0x00017abd   Data           1  cfg_handler_a2.o(.constdata)
    CAN_CRC_PACK_HEADER3                     0x00017abe   Data           1  cfg_handler_a2.o(.constdata)
    CAN_CRC_PACK_HEADER4                     0x00017abf   Data           1  cfg_handler_a2.o(.constdata)
    CAN_CRC_PACK_STATE_HEADER1               0x00017ac0   Data           1  cfg_handler_a2.o(.constdata)
    CAN_CRC_PACK_STATE_HEADER2               0x00017ac1   Data           1  cfg_handler_a2.o(.constdata)
    CAN_CRC_PACK_STATE_HEADER3               0x00017ac2   Data           1  cfg_handler_a2.o(.constdata)
    CAN_CRC_PACK_STATE_HEADER4               0x00017ac3   Data           1  cfg_handler_a2.o(.constdata)
    CAN_CRC_PACK_STATE_LEN_L                 0x00017ac4   Data           1  cfg_handler_a2.o(.constdata)
    CAN_CRC_PACK_STATE_LEN_H                 0x00017ac5   Data           1  cfg_handler_a2.o(.constdata)
    CAN_CRC_PACK_STATE_DATA                  0x00017ac6   Data           1  cfg_handler_a2.o(.constdata)
    CAN_CRC_PACK_STATE_DATA_SIM              0x00017ac7   Data           1  cfg_handler_a2.o(.constdata)
    CFG_SEND_BUF_MAX_LEN                     0x00017ac8   Data           2  cfg_handler_a2.o(.constdata)
    CFG_UNPACK_BUF_MAX_LEN                   0x00017aca   Data           2  cfg_handler_a2.o(.constdata)
    cmd_handler_array                        0x00017acc   Data          88  cfg_handler_a2.o(.constdata)
    sector_start_map                         0x00017b24   Data         120  sbl_iap.o(.constdata)
    sector_end_map                           0x00017b9c   Data         120  sbl_iap.o(.constdata)
    Region$$Table$$Base                      0x000182ec   Number         0  anon$$obj.o(Region$$Table)
    Region$$Table$$Limit                     0x0001830c   Number         0  anon$$obj.o(Region$$Table)
    __ctype                                  0x00018335   Data           0  lc_ctype_c.o(locale$$data)
    SystemFrequency                          0x10000000   Data           4  system_lpc17xx.o(.data)
    SystemCoreClock                          0x10000004   Data           4  system_lpc17xx.o(.data)
    g_device_status                          0x10000008   Data           4  main.o(.data)
    g_current_tick                           0x1000000c   Data           4  main.o(.data)
    g_PWM_SET                                0x10000010   Data           8  main.o(.data)
    g_stLoaclBodySpeed                       0x10000018   Data           8  main.o(.data)
    clock                                    0x10000020   Data           4  main.o(.data)
    foc_switch_count                         0x10000024   Data           4  main.o(.data)
    liquid_capacity                          0x10000028   Data           2  main.o(.data)
    debug_PWM_present                        0x1000002a   Data           1  main.o(.data)
    start_flag                               0x1000002b   Data           1  main.o(.data)
    powTbl                                   0x1000002c   Data           4  aes.o(.data)
    logTbl                                   0x10000030   Data           4  aes.o(.data)
    sBox                                     0x10000034   Data           4  aes.o(.data)
    sBoxInv                                  0x10000038   Data           4  aes.o(.data)
    expandedKey                              0x1000003c   Data           4  aes.o(.data)
    g_cfg_end_point                          0x10000044   Data           4  cfg_handler.o(.data)
    debug_foc_version                        0x10000054   Data           4  cfg_handler.o(.data)
    RecordKeyPress                           0x10000058   Data           1  cfg_handler.o(.data)
    flow_cali_result                         0x10000059   Data           1  cfg_handler.o(.data)
    Last_Capacity                            0x1000005a   Data           2  cfg_handler.o(.data)
    STOP_SPRAY_FLAG                          0x1000005c   Data           1  cfg_handler.o(.data)
    FOC_1_STATUS                             0x1000005d   Data           2  cfg_handler.o(.data)
    FOC_2_STATUS                             0x1000005f   Data           2  cfg_handler.o(.data)
    debug_idx_7_freq                         0x10000061   Data           1  cfg_handler.o(.data)
    foc1_e                                   0x10000062   Data           1  cfg_handler.o(.data)
    foc1_v                                   0x10000063   Data           1  cfg_handler.o(.data)
    foc2_e                                   0x10000064   Data           1  cfg_handler.o(.data)
    foc2_v                                   0x10000065   Data           1  cfg_handler.o(.data)
    level_status_by_radar                    0x10000066   Data           1  cfg_handler.o(.data)
    FOC1_MUTEX_FLAG                          0x10000067   Data           1  cfg_handler.o(.data)
    FOC2_MUTEX_FLAG                          0x10000068   Data           1  cfg_handler.o(.data)
    residual_volume_warning                  0x10000069   Data           1  cfg_handler.o(.data)
    debug_sys_esc_ctrl                       0x1000006a   Data           8  cfg_handler.o(.data)
    level_init_flag                          0x10000072   Data           1  cfg_handler.o(.data)
    level_init_count                         0x10000073   Data           1  cfg_handler.o(.data)
    debug_control                            0x10000074   Data           1  cfg_handler.o(.data)
    g_u16GimbalCtl                           0x10000076   Data           2  cfg_handler.o(.data)
    g_u32GimbalGettime                       0x10000078   Data           4  cfg_handler.o(.data)
    Throttle_Value_1                         0x1000007c   Data           2  cfg_handler.o(.data)
    Throttle_Value_2                         0x1000007e   Data           2  cfg_handler.o(.data)
    feckbackID                               0x10000080   Data           1  cfg_handler.o(.data)
    debug_throttle_value_1                   0x10000082   Data           2  cfg_handler.o(.data)
    debug_throttle_value_2                   0x10000084   Data           2  cfg_handler.o(.data)
    g_stRadarData                            0x10000086   Data           5  cfg_handler.o(.data)
    u8BatteryUpgradeFlag                     0x1000008b   Data           1  cfg_handler.o(.data)
    p_cmd                                    0x1000008c   Data           4  cfg_handler.o(.data)
    Block_ID                                 0x10000090   Data           2  cfg_handler.o(.data)
    cmd_iosd_status_ack                      0x10000092   Data           2  cfg_handler.o(.data)
    cmd_iosd_ack                             0x10000094   Data           5  cfg_handler.o(.data)
    cmd_iosd_config_ack                      0x10000099   Data           4  cfg_handler.o(.data)
    debug_cmd_iosd_data_push_ack             0x1000009d   Data           4  cfg_handler.o(.data)
    control_flag                             0x100000b3   Data           1  cfg_decoder.o(.data)
    loaderVersion                            0x100000bc   Data           4  cfg_handler_a2.o(.data)
    fwVersion                                0x100000c0   Data           4  cfg_handler_a2.o(.data)
    canDeviceId                              0x100000c4   Data           1  cfg_handler_a2.o(.data)
    canSubDeviceId                           0x100000c5   Data           1  cfg_handler_a2.o(.data)
    PADDING                                  0x100000c6   Data          64  mf_md5.o(.data)
    cclk                                     0x10000108   Data           4  sbl_iap.o(.data)
    flash_address                            0x1000010c   Data           4  sbl_iap.o(.data)
    byte_ctr                                 0x10000110   Data           4  sbl_iap.o(.data)
    smm                                      0x10000118   Data           4  lpc17xx_uart.o(.data)
    idx_7_tick                               0x10000124   Data           4  lpc17xx_timer.o(.data)
    idx_6_tick                               0x10000128   Data           4  lpc17xx_timer.o(.data)
    ADCPClk                                  0x1000012c   Data           4  lpc17xx_adc.o(.data)
    temp                                     0x10000130   Data           4  lpc17xx_adc.o(.data)
    tmp                                      0x10000134   Data           4  lpc17xx_adc.o(.data)
    SFF_GPR_Table                            0x1000013a   Data           8  can_af.o(.data)
    idx_7                                    0x10000150   Data           4  user_interrupt.o(.data)
    idx_6                                    0x10000154   Data           4  user_interrupt.o(.data)
    idx_6_total                              0x10000158   Data           4  user_interrupt.o(.data)
    idx_7_total                              0x1000015c   Data           4  user_interrupt.o(.data)
    flow_sensor_pulses_total                 0x10000160   Data           4  user_interrupt.o(.data)
    idx_7_freq                               0x10000164   Data           2  user_interrupt.o(.data)
    idx_6_freq                               0x10000166   Data           2  user_interrupt.o(.data)
    flow_sensor_value                        0x10000168   Data           2  user_interrupt.o(.data)
    flow_cali_flag                           0x1000016a   Data           1  user_interrupt.o(.data)
    flow_sensor_tick                         0x1000016c   Data           4  user_interrupt.o(.data)
    Debug_Voltage_Press                      0x10000170   Data           2  user_sensor.o(.data)
    pipe_status                              0x10000172   Data           1  user_sensor.o(.data)
    press0_value                             0x10000174   Data           2  user_sensor.o(.data)
    press1_value                             0x10000176   Data           2  user_sensor.o(.data)
    last_press0_value                        0x10000178   Data           2  user_sensor.o(.data)
    last_press1_value                        0x1000017a   Data           2  user_sensor.o(.data)
    press0_value_min                         0x1000017c   Data           2  user_sensor.o(.data)
    press1_value_min                         0x1000017e   Data           2  user_sensor.o(.data)
    Voltage_Press_0                          0x10000180   Data           4  user_sensor.o(.data)
    Voltage_Press_1                          0x10000184   Data           4  user_sensor.o(.data)
    capacity_flag_1L                         0x10000188   Data           1  user_sensor.o(.data)
    level_stauts                             0x10000189   Data           1  user_sensor.o(.data)
    level_count                              0x1000018a   Data           2  user_sensor.o(.data)
    Volume_Each_Pulse                        0x1000018c   Data           4  user_sensor.o(.data)
    user_volume                              0x10000190   Data           4  user_sensor.o(.data)
    flow_compute                             0x10000194   Data           4  user_sensor.o(.data)
    current_capacity_part                    0x10000198   Data           4  user_sensor.o(.data)
    Med_Frequency_Pulse                      0x1000019c   Data           1  user_sensor.o(.data)
    current_capacity_total                   0x1000019e   Data           2  user_sensor.o(.data)
    Cali_Freq                                0x100001a0   Data           4  user_sensor.o(.data)
    debug_watch_k_value                      0x100001a4   Data           4  user_sensor.o(.data)
    Viscosity_Offset_Coeff                   0x100001a8   Data           4  user_sensor.o(.data)
    Viscosity_Offset                         0x100001ac   Data           4  user_sensor.o(.data)
    K_offset                                 0x100001b0   Data           4  user_sensor.o(.data)
    temperature0_value                       0x100001b4   Data           2  user_sensor.o(.data)
    temperature1_value                       0x100001b6   Data           2  user_sensor.o(.data)
    temperature0_voltage                     0x100001b8   Data           4  user_sensor.o(.data)
    temperature1_voltage                     0x100001bc   Data           4  user_sensor.o(.data)
    temperature0_interface_battery           0x100001c0   Data           4  user_sensor.o(.data)
    temperature1_interface_battery           0x100001c4   Data           4  user_sensor.o(.data)
    XT100_battery_temp_state                 0x100001c8   Data           1  user_sensor.o(.data)
    XT90_battery_temp_state                  0x100001c9   Data           1  user_sensor.o(.data)
    control_freq                             0x100001ca   Data           1  user_sensor.o(.data)
    target_capa_debug                        0x100001cc   Data           4  user_sensor.o(.data)
    debug_target_pules                       0x100001d0   Data           1  user_sensor.o(.data)
    flow_cali_enbale_flag                    0x100001d1   Data           1  user_sensor.o(.data)
    user_pulses2                             0x100001d4   Data           4  user_sensor.o(.data)
    user_flow2                               0x100001d8   Data           4  user_sensor.o(.data)
    user_pulses1                             0x100001dc   Data           4  user_sensor.o(.data)
    user_flow1                               0x100001e0   Data           4  user_sensor.o(.data)
    flow1_cali_compled_flag                  0x100001e4   Data           1  user_sensor.o(.data)
    flow2_cali_compled_flag                  0x100001e5   Data           1  user_sensor.o(.data)
    debug_flow1_ss                           0x100001e6   Data           1  user_sensor.o(.data)
    debug_flow2_ss                           0x100001e7   Data           1  user_sensor.o(.data)
    Pressure1_check_completed                0x100001e8   Data           1  user_sensor.o(.data)
    Pressure2_check_completed                0x100001e9   Data           1  user_sensor.o(.data)
    set_count_1                              0x100001ea   Data           2  user_sensor.o(.data)
    run_foc_count_1                          0x100001ec   Data           1  user_sensor.o(.data)
    set_count_2                              0x100001f4   Data           2  user_sensor.o(.data)
    run_foc_count_2                          0x100001f6   Data           1  user_sensor.o(.data)
    FOC1_MAX_SPRAY_Speed                     0x100001fc   Data           2  user_sensor.o(.data)
    FOC1_MIN_SPRAY_Speed                     0x100001fe   Data           2  user_sensor.o(.data)
    FOC2_MAX_SPRAY_Speed                     0x10000200   Data           2  user_sensor.o(.data)
    FOC2_MIN_SPRAY_Speed                     0x10000202   Data           2  user_sensor.o(.data)
    pressure1_check_complted                 0x10000204   Data           1  user_sensor.o(.data)
    pump1_state                              0x10000205   Data           1  user_sensor.o(.data)
    pump2_state                              0x10000206   Data           1  user_sensor.o(.data)
    MedeRunoutFlag                           0x10000207   Data           1  user_sensor.o(.data)
    block1                                   0x10000408   Data         256  aes.o(.bss)
    block2                                   0x10000508   Data         256  aes.o(.bss)
    tempbuf                                  0x10000608   Data         256  aes.o(.bss)
    chainBlock                               0x10000708   Data          16  aes.o(.bss)
    can1_decoder_obj                         0x10000918   Data          16  cfg_unpack.o(.bss)
    can1_decoder_obj2                        0x10000b28   Data          16  cfg_unpack.o(.bss)
    can1_decoder_obj_LED                     0x10000d38   Data          16  cfg_unpack.o(.bss)
    can1_decoder_obj_upgrade                 0x10000f48   Data          16  cfg_unpack.o(.bss)
    uart0_decoder_obj                        0x10001158   Data          16  cfg_unpack.o(.bss)
    uart1_decoder_obj                        0x10001368   Data          16  cfg_unpack.o(.bss)
    uart2_decoder_obj                        0x10001578   Data          16  cfg_unpack.o(.bss)
    uart2_decoder_obj_copy                   0x10001788   Data          16  cfg_unpack.o(.bss)
    uart3_decoder_obj                        0x10001998   Data          16  cfg_unpack.o(.bss)
    debug_stFOC_Value_1                      0x10001c28   Data          20  cfg_handler.o(.bss)
    debug_stFOC_Value_3                      0x10001c3c   Data          20  cfg_handler.o(.bss)
    ledIdBuf                                 0x10001c50   Data          11  cfg_handler_a2.o(.bss)
    send_buf                                 0x10001c5b   Data         256  cfg_handler_a2.o(.bss)
    md5                                      0x10001d5c   Data          88  mf_md5.o(.bss)
    TmpBuf                                   0x10001db4   Data          64  mf_md5.o(.bss)
    param_table                              0x10001df4   Data          20  sbl_iap.o(.bss)
    result_table                             0x10001e08   Data          20  sbl_iap.o(.bss)
    flash_buf                                0x10001e1c   Data         256  sbl_iap.o(.bss)
    UART0_tx_buf                             0x10001f1c   Data          16  lpc17xx_uart.o(.bss)
    UART0_rx_buf                             0x10001f2c   Data          16  lpc17xx_uart.o(.bss)
    tx_buffer0                               0x10001f3c   Data         256  lpc17xx_uart.o(.bss)
    rx_buffer0                               0x1000203c   Data         256  lpc17xx_uart.o(.bss)
    UART1_tx_buf                             0x1000213c   Data          16  lpc17xx_uart.o(.bss)
    UART1_rx_buf                             0x1000214c   Data          16  lpc17xx_uart.o(.bss)
    tx_buffer1                               0x1000215c   Data         256  lpc17xx_uart.o(.bss)
    rx_buffer1                               0x1000225c   Data         256  lpc17xx_uart.o(.bss)
    UART2_tx_buf                             0x1000235c   Data          16  lpc17xx_uart.o(.bss)
    UART2_rx_buf                             0x1000236c   Data          16  lpc17xx_uart.o(.bss)
    UART2_rx_buf_copy                        0x1000237c   Data          16  lpc17xx_uart.o(.bss)
    tx_buffer2                               0x1000238c   Data         512  lpc17xx_uart.o(.bss)
    rx_buffer2                               0x1000258c   Data         512  lpc17xx_uart.o(.bss)
    rx_buffer2_copy                          0x1000278c   Data         512  lpc17xx_uart.o(.bss)
    UART3_tx_buf                             0x1000298c   Data          16  lpc17xx_uart.o(.bss)
    UART3_rx_buf                             0x1000299c   Data          16  lpc17xx_uart.o(.bss)
    tx_buffer3                               0x100029ac   Data         256  lpc17xx_uart.o(.bss)
    rx_buffer3                               0x10002aac   Data         256  lpc17xx_uart.o(.bss)
    msgRxBuf                                 0x10002bac   Data          16  can_hw.o(.bss)
    AFTable                                  0x10002bbc   Data          40  can_af.o(.bss)
    SFF_Table                                0x10002be4   Data          32  can_af.o(.bss)
    can1RxBuf                                0x10002c04   Data         512  can_package.o(.bss)
    can1RxRingBuf                            0x10002e04   Data          28  can_package.o(.bss)
    can1Rx2Buf                               0x10002e20   Data         512  can_package.o(.bss)
    can1Rx2RingBuf                           0x10003020   Data          28  can_package.o(.bss)
    can1RxUpgradeBuf                         0x1000303c   Data         512  can_package.o(.bss)
    can1RxUpgradeRingBuf                     0x1000323c   Data          28  can_package.o(.bss)
    can1RxLEDBuf                             0x10003258   Data         512  can_package.o(.bss)
    can1RxLEDRingBuf                         0x10003458   Data          28  can_package.o(.bss)
    can1TxBuf                                0x10003474   Data         512  can_package.o(.bss)
    can1TxRingBuf                            0x10003674   Data          28  can_package.o(.bss)
    can1Tx2Buf                               0x10003690   Data         512  can_package.o(.bss)
    can1Tx2RingBuf                           0x10003890   Data          28  can_package.o(.bss)
    can1Tx3Buf                               0x100038ac   Data         512  can_package.o(.bss)
    can1Tx3RingBuf                           0x10003aac   Data          28  can_package.o(.bss)
    can1UpgradeAckTxBuf                      0x10003ac8   Data         512  can_package.o(.bss)
    can1UpgradeAckTxRingBuf                  0x10003cc8   Data          28  can_package.o(.bss)
    can1LEDTxBuf                             0x10003ce4   Data         512  can_package.o(.bss)
    can1LEDTxRingBuf                         0x10003ee4   Data          28  can_package.o(.bss)
    ADC_channel0_buf                         0x10003f00   Data         100  user_sensor.o(.bss)
    ADC_channel1_buf                         0x10003f64   Data         100  user_sensor.o(.bss)
    spray_system_flow_cali_para1             0x10003fc8   Data          12  user_sensor.o(.bss)
    spray_system_pressure_cali_para_1        0x10003fd4   Data          10  user_sensor.o(.bss)
    spray_system_pressure_cali_para_2        0x10003fe0   Data          10  user_sensor.o(.bss)
    temp0                                    0x10003fea   Data         102  user_sensor.o(.bss)
    temp1                                    0x10004050   Data         102  user_sensor.o(.bss)
    flow_temp                                0x100040b6   Data          81  user_sensor.o(.bss)
    __libspace_start                         0x10004108   Data          96  libspace.o(.bss)
    __temporary_stack_top$libspace           0x10004168   Data           0  libspace.o(.bss)
    cfg_unpack_buf                           0x10004368   Data         512  cfg_handler_a2.o(USB_RAM)
    Image$$ARM_LIB_HEAP$$ZI$$Base            0x10006000   Number         0  anon$$obj.o ABSOLUTE
    Image$$ARM_LIB_HEAP$$ZI$$Limit           0x10006300   Number         0  anon$$obj.o ABSOLUTE
    Image$$ARM_LIB_STACK$$ZI$$Limit          0x10007f60   Number         0  anon$$obj.o ABSOLUTE



==============================================================================

Memory Map of the image

  Image Entry point : 0x0000a0cd

  Load Region LR_IROM1 (Base: 0x0000a000, Size: 0x0000e840, Max: 0x00036000, ABSOLUTE, COMPRESSED[0x0000e478])

    Execution Region ER_IROM1 (Base: 0x0000a000, Size: 0x0000e438, Max: 0x00036000, ABSOLUTE)

    Base Addr    Size         Type   Attr      Idx    E Section Name        Object

    0x0000a000   0x000000cc   Data   RO           45    RESET               startup_lpc17xx.o
    0x0000a0cc   0x00000008   Code   RO         1208  * !!!main             c_w.l(__main.o)
    0x0000a0d4   0x00000034   Code   RO         1613    !!!scatter          c_w.l(__scatter.o)
    0x0000a108   0x0000003a   Code   RO         1611    !!dczerorl          c_w.l(__dczerorl.o)
    0x0000a142   0x00000002   PAD
    0x0000a144   0x0000001c   Code   RO         1615    !!handler_zi        c_w.l(__scatter_zi.o)
    0x0000a160   0x00000000   Code   RO         1356    .ARM.Collect$$_printf_percent$$00000000  c_w.l(_printf_percent.o)
    0x0000a160   0x00000006   Code   RO         1345    .ARM.Collect$$_printf_percent$$00000001  c_w.l(_printf_n.o)
    0x0000a166   0x00000006   Code   RO         1347    .ARM.Collect$$_printf_percent$$00000002  c_w.l(_printf_p.o)
    0x0000a16c   0x00000006   Code   RO         1352    .ARM.Collect$$_printf_percent$$00000003  c_w.l(_printf_f.o)
    0x0000a172   0x00000006   Code   RO         1353    .ARM.Collect$$_printf_percent$$00000004  c_w.l(_printf_e.o)
    0x0000a178   0x00000006   Code   RO         1354    .ARM.Collect$$_printf_percent$$00000005  c_w.l(_printf_g.o)
    0x0000a17e   0x00000006   Code   RO         1355    .ARM.Collect$$_printf_percent$$00000006  c_w.l(_printf_a.o)
    0x0000a184   0x0000000a   Code   RO         1360    .ARM.Collect$$_printf_percent$$00000007  c_w.l(_printf_ll.o)
    0x0000a18e   0x00000006   Code   RO         1349    .ARM.Collect$$_printf_percent$$00000008  c_w.l(_printf_i.o)
    0x0000a194   0x00000006   Code   RO         1350    .ARM.Collect$$_printf_percent$$00000009  c_w.l(_printf_d.o)
    0x0000a19a   0x00000006   Code   RO         1351    .ARM.Collect$$_printf_percent$$0000000A  c_w.l(_printf_u.o)
    0x0000a1a0   0x00000006   Code   RO         1348    .ARM.Collect$$_printf_percent$$0000000B  c_w.l(_printf_o.o)
    0x0000a1a6   0x00000006   Code   RO         1346    .ARM.Collect$$_printf_percent$$0000000C  c_w.l(_printf_x.o)
    0x0000a1ac   0x00000006   Code   RO         1357    .ARM.Collect$$_printf_percent$$0000000D  c_w.l(_printf_lli.o)
    0x0000a1b2   0x00000006   Code   RO         1358    .ARM.Collect$$_printf_percent$$0000000E  c_w.l(_printf_lld.o)
    0x0000a1b8   0x00000006   Code   RO         1359    .ARM.Collect$$_printf_percent$$0000000F  c_w.l(_printf_llu.o)
    0x0000a1be   0x00000006   Code   RO         1364    .ARM.Collect$$_printf_percent$$00000010  c_w.l(_printf_llo.o)
    0x0000a1c4   0x00000006   Code   RO         1365    .ARM.Collect$$_printf_percent$$00000011  c_w.l(_printf_llx.o)
    0x0000a1ca   0x0000000a   Code   RO         1361    .ARM.Collect$$_printf_percent$$00000012  c_w.l(_printf_l.o)
    0x0000a1d4   0x00000006   Code   RO         1343    .ARM.Collect$$_printf_percent$$00000013  c_w.l(_printf_c.o)
    0x0000a1da   0x00000006   Code   RO         1344    .ARM.Collect$$_printf_percent$$00000014  c_w.l(_printf_s.o)
    0x0000a1e0   0x00000006   Code   RO         1362    .ARM.Collect$$_printf_percent$$00000015  c_w.l(_printf_lc.o)
    0x0000a1e6   0x00000006   Code   RO         1363    .ARM.Collect$$_printf_percent$$00000016  c_w.l(_printf_ls.o)
    0x0000a1ec   0x00000004   Code   RO         1415    .ARM.Collect$$_printf_percent$$00000017  c_w.l(_printf_percent_end.o)
    0x0000a1f0   0x00000002   Code   RO         1468    .ARM.Collect$$libinit$$00000000  c_w.l(libinit.o)
    0x0000a1f2   0x00000000   Code   RO         1490    .ARM.Collect$$libinit$$00000002  c_w.l(libinit2.o)
    0x0000a1f2   0x00000000   Code   RO         1492    .ARM.Collect$$libinit$$00000004  c_w.l(libinit2.o)
    0x0000a1f2   0x00000000   Code   RO         1495    .ARM.Collect$$libinit$$0000000A  c_w.l(libinit2.o)
    0x0000a1f2   0x00000000   Code   RO         1497    .ARM.Collect$$libinit$$0000000C  c_w.l(libinit2.o)
    0x0000a1f2   0x00000000   Code   RO         1499    .ARM.Collect$$libinit$$0000000E  c_w.l(libinit2.o)
    0x0000a1f2   0x00000006   Code   RO         1500    .ARM.Collect$$libinit$$0000000F  c_w.l(libinit2.o)
    0x0000a1f8   0x00000000   Code   RO         1502    .ARM.Collect$$libinit$$00000011  c_w.l(libinit2.o)
    0x0000a1f8   0x0000000c   Code   RO         1503    .ARM.Collect$$libinit$$00000012  c_w.l(libinit2.o)
    0x0000a204   0x00000000   Code   RO         1504    .ARM.Collect$$libinit$$00000013  c_w.l(libinit2.o)
    0x0000a204   0x00000000   Code   RO         1506    .ARM.Collect$$libinit$$00000015  c_w.l(libinit2.o)
    0x0000a204   0x0000000a   Code   RO         1507    .ARM.Collect$$libinit$$00000016  c_w.l(libinit2.o)
    0x0000a20e   0x00000000   Code   RO         1508    .ARM.Collect$$libinit$$00000017  c_w.l(libinit2.o)
    0x0000a20e   0x00000000   Code   RO         1510    .ARM.Collect$$libinit$$00000019  c_w.l(libinit2.o)
    0x0000a20e   0x00000000   Code   RO         1512    .ARM.Collect$$libinit$$0000001B  c_w.l(libinit2.o)
    0x0000a20e   0x00000000   Code   RO         1514    .ARM.Collect$$libinit$$0000001D  c_w.l(libinit2.o)
    0x0000a20e   0x00000000   Code   RO         1516    .ARM.Collect$$libinit$$0000001F  c_w.l(libinit2.o)
    0x0000a20e   0x00000000   Code   RO         1518    .ARM.Collect$$libinit$$00000021  c_w.l(libinit2.o)
    0x0000a20e   0x00000000   Code   RO         1520    .ARM.Collect$$libinit$$00000023  c_w.l(libinit2.o)
    0x0000a20e   0x00000000   Code   RO         1522    .ARM.Collect$$libinit$$00000025  c_w.l(libinit2.o)
    0x0000a20e   0x00000000   Code   RO         1526    .ARM.Collect$$libinit$$0000002C  c_w.l(libinit2.o)
    0x0000a20e   0x00000000   Code   RO         1528    .ARM.Collect$$libinit$$0000002E  c_w.l(libinit2.o)
    0x0000a20e   0x00000000   Code   RO         1530    .ARM.Collect$$libinit$$00000030  c_w.l(libinit2.o)
    0x0000a20e   0x00000000   Code   RO         1532    .ARM.Collect$$libinit$$00000032  c_w.l(libinit2.o)
    0x0000a20e   0x00000002   Code   RO         1533    .ARM.Collect$$libinit$$00000033  c_w.l(libinit2.o)
    0x0000a210   0x00000002   Code   RO         1568    .ARM.Collect$$libshutdown$$00000000  c_w.l(libshutdown.o)
    0x0000a212   0x00000000   Code   RO         1594    .ARM.Collect$$libshutdown$$00000002  c_w.l(libshutdown2.o)
    0x0000a212   0x00000000   Code   RO         1596    .ARM.Collect$$libshutdown$$00000004  c_w.l(libshutdown2.o)
    0x0000a212   0x00000000   Code   RO         1599    .ARM.Collect$$libshutdown$$00000007  c_w.l(libshutdown2.o)
    0x0000a212   0x00000000   Code   RO         1602    .ARM.Collect$$libshutdown$$0000000A  c_w.l(libshutdown2.o)
    0x0000a212   0x00000000   Code   RO         1604    .ARM.Collect$$libshutdown$$0000000C  c_w.l(libshutdown2.o)
    0x0000a212   0x00000000   Code   RO         1607    .ARM.Collect$$libshutdown$$0000000F  c_w.l(libshutdown2.o)
    0x0000a212   0x00000002   Code   RO         1608    .ARM.Collect$$libshutdown$$00000010  c_w.l(libshutdown2.o)
    0x0000a214   0x00000000   Code   RO         1268    .ARM.Collect$$rtentry$$00000000  c_w.l(__rtentry.o)
    0x0000a214   0x00000000   Code   RO         1382    .ARM.Collect$$rtentry$$00000002  c_w.l(__rtentry2.o)
    0x0000a214   0x00000004   Code   RO         1396    .ARM.Collect$$rtentry$$00000007  c_w.l(__rtentry7.o)
    0x0000a218   0x00000000   Code   RO         1384    .ARM.Collect$$rtentry$$00000009  c_w.l(__rtentry2.o)
    0x0000a218   0x00000004   Code   RO         1385    .ARM.Collect$$rtentry$$0000000A  c_w.l(__rtentry2.o)
    0x0000a21c   0x00000000   Code   RO         1387    .ARM.Collect$$rtentry$$0000000C  c_w.l(__rtentry2.o)
    0x0000a21c   0x00000008   Code   RO         1388    .ARM.Collect$$rtentry$$0000000D  c_w.l(__rtentry2.o)
    0x0000a224   0x00000004   Code   RO         1397    .ARM.Collect$$rtentry$$00002718  c_w.l(__rtentry7.o)
    0x0000a228   0x00000002   Code   RO         1476    .ARM.Collect$$rtexit$$00000000  c_w.l(rtexit.o)
    0x0000a22a   0x00000000   Code   RO         1541    .ARM.Collect$$rtexit$$00000002  c_w.l(rtexit2.o)
    0x0000a22a   0x00000004   Code   RO         1542    .ARM.Collect$$rtexit$$00000003  c_w.l(rtexit2.o)
    0x0000a22e   0x00000006   Code   RO         1543    .ARM.Collect$$rtexit$$00000004  c_w.l(rtexit2.o)
    0x0000a234   0x00000008   Code   RO          561    .emb_text           sbl_iap.o
    0x0000a23c   0x000003dc   Code   RO           19    .text               system_lpc17xx.o
    0x0000a618   0x00000034   Code   RO           46    .text               startup_lpc17xx.o
    0x0000a64c   0x00000228   Code   RO           50    .text               main.o
    0x0000a874   0x00000820   Code   RO          181    .text               aes.o
    0x0000b094   0x00000074   Code   RO          198    .text               mf_crc8.o
    0x0000b108   0x000000a0   Code   RO          213    .text               mf_crc16.o
    0x0000b1a8   0x000003c0   Code   RO          234    .text               cfg_unpack.o
    0x0000b568   0x00001a00   Code   RO          346    .text               cfg_handler.o
    0x0000cf68   0x0000013c   Code   RO          386    .text               cfg_decoder.o
    0x0000d0a4   0x00000744   Code   RO          449    .text               cfg_handler_a2.o
    0x0000d7e8   0x00000954   Code   RO          473    .text               mf_md5.o
    0x0000e13c   0x0000000e   Code   RO          540    .text               critical.o
    0x0000e14a   0x00000002   PAD
    0x0000e14c   0x000009a0   Code   RO          562    .text               sbl_iap.o
    0x0000eaec   0x00000f60   Code   RO          644    .text               lpc17xx_uart.o
    0x0000fa4c   0x000000ac   Code   RO          708    .text               lpc17xx_wdt.o
    0x0000faf8   0x00000214   Code   RO          767    .text               lpc17xx_timer.o
    0x0000fd0c   0x000002d8   Code   RO          800    .text               lpc17xx_adc.o
    0x0000ffe4   0x00000730   Code   RO          861    .text               can_hw.o
    0x00010714   0x00001514   Code   RO          941    .text               can_af.o
    0x00011c28   0x00000338   Code   RO          961    .text               can_package.o
    0x00011f60   0x000001d4   Code   RO         1013    .text               user_interrupt.o
    0x00012134   0x0000001c   Code   RO         1084    .text               user_led.o
    0x00012150   0x00002be4   Code   RO         1121    .text               user_sensor.o
    0x00014d34   0x000000ee   Code   RO         1194    .text               c_w.l(lludivv7m.o)
    0x00014e22   0x00000002   PAD
    0x00014e24   0x00000034   Code   RO         1196    .text               c_w.l(c89vsnprintf.o)
    0x00014e58   0x0000008a   Code   RO         1198    .text               c_w.l(rt_memcpy_v6.o)
    0x00014ee2   0x00000064   Code   RO         1200    .text               c_w.l(rt_memcpy_w.o)
    0x00014f46   0x00000044   Code   RO         1202    .text               c_w.l(rt_memclr.o)
    0x00014f8a   0x0000004e   Code   RO         1204    .text               c_w.l(rt_memclr_w.o)
    0x00014fd8   0x00000006   Code   RO         1206    .text               c_w.l(heapauxi.o)
    0x00014fde   0x0000004e   Code   RO         1275    .text               c_w.l(_printf_pad.o)
    0x0001502c   0x00000024   Code   RO         1277    .text               c_w.l(_printf_truncate.o)
    0x00015050   0x00000052   Code   RO         1279    .text               c_w.l(_printf_str.o)
    0x000150a2   0x00000002   PAD
    0x000150a4   0x00000078   Code   RO         1281    .text               c_w.l(_printf_dec.o)
    0x0001511c   0x00000028   Code   RO         1283    .text               c_w.l(_printf_charcount.o)
    0x00015144   0x00000030   Code   RO         1285    .text               c_w.l(_printf_char_common.o)
    0x00015174   0x0000000a   Code   RO         1287    .text               c_w.l(_sputc.o)
    0x0001517e   0x00000010   Code   RO         1289    .text               c_w.l(_snputc.o)
    0x0001518e   0x00000002   PAD
    0x00015190   0x000000bc   Code   RO         1291    .text               c_w.l(_printf_wctomb.o)
    0x0001524c   0x0000007c   Code   RO         1294    .text               c_w.l(_printf_longlong_dec.o)
    0x000152c8   0x00000070   Code   RO         1300    .text               c_w.l(_printf_oct_int_ll.o)
    0x00015338   0x00000094   Code   RO         1320    .text               c_w.l(_printf_hex_int_ll_ptr.o)
    0x000153cc   0x00000188   Code   RO         1340    .text               c_w.l(__printf_flags_ss_wp.o)
    0x00015554   0x0000008a   Code   RO         1403    .text               c_w.l(lludiv10.o)
    0x000155de   0x000000b2   Code   RO         1405    .text               c_w.l(_printf_intcommon.o)
    0x00015690   0x0000041a   Code   RO         1407    .text               c_w.l(_printf_fp_dec.o)
    0x00015aaa   0x0000002c   Code   RO         1411    .text               c_w.l(_printf_char.o)
    0x00015ad6   0x0000002c   Code   RO         1413    .text               c_w.l(_printf_wchar.o)
    0x00015b02   0x00000040   Code   RO         1416    .text               c_w.l(_wcrtomb.o)
    0x00015b42   0x00000002   PAD
    0x00015b44   0x00000010   Code   RO         1420    .text               c_w.l(rt_ctype_table.o)
    0x00015b54   0x00000008   Code   RO         1425    .text               c_w.l(rt_locale_intlibspace.o)
    0x00015b5c   0x00000080   Code   RO         1427    .text               c_w.l(_printf_fp_infnan.o)
    0x00015bdc   0x000000dc   Code   RO         1429    .text               c_w.l(bigflt0.o)
    0x00015cb8   0x00000012   Code   RO         1457    .text               c_w.l(exit.o)
    0x00015cca   0x00000002   PAD
    0x00015ccc   0x00000080   Code   RO         1487    .text               c_w.l(strcmpv7m.o)
    0x00015d4c   0x0000000c   Code   RO         1538    .text               c_w.l(sys_exit.o)
    0x00015d58   0x00000002   Code   RO         1557    .text               c_w.l(use_no_semi.o)
    0x00015d5a   0x00000000   Code   RO         1559    .text               c_w.l(indicate_semi.o)
    0x00015d5a   0x0000003e   Code   RO         1432    CL$$btod_d2e        c_w.l(btod.o)
    0x00015d98   0x00000046   Code   RO         1434    CL$$btod_d2e_denorm_low  c_w.l(btod.o)
    0x00015dde   0x00000060   Code   RO         1433    CL$$btod_d2e_norm_op1  c_w.l(btod.o)
    0x00015e3e   0x00000338   Code   RO         1442    CL$$btod_div_common  c_w.l(btod.o)
    0x00016176   0x000000c6   Code   RO         1439    CL$$btod_e2e        c_w.l(btod.o)
    0x0001623c   0x00000028   Code   RO         1436    CL$$btod_ediv       c_w.l(btod.o)
    0x00016264   0x00000028   Code   RO         1435    CL$$btod_emul       c_w.l(btod.o)
    0x0001628c   0x00000244   Code   RO         1441    CL$$btod_mult_common  c_w.l(btod.o)
    0x000164d0   0x00000028   Code   RO         1471    i.__ARM_fpclassify  m_ws.l(fpclassify.o)
    0x000164f8   0x0000000e   Code   RO         1333    i._is_digit         c_w.l(__printf_wp.o)
    0x00016506   0x00000002   PAD
    0x00016508   0x0000002c   Code   RO         1455    locale$$code        c_w.l(lc_numeric_c.o)
    0x00016534   0x0000002c   Code   RO         1481    locale$$code        c_w.l(lc_ctype_c.o)
    0x00016560   0x00000062   Code   RO         1210    x$fpl$d2f           fz_ws.l(d2f.o)
    0x000165c2   0x00000002   PAD
    0x000165c4   0x00000150   Code   RO         1212    x$fpl$dadd          fz_ws.l(daddsub_clz.o)
    0x00016714   0x00000018   Code   RO         1366    x$fpl$dcmpinf       fz_ws.l(dcmpi.o)
    0x0001672c   0x000002b0   Code   RO         1219    x$fpl$ddiv          fz_ws.l(ddiv.o)
    0x000169dc   0x0000005a   Code   RO         1222    x$fpl$dfixu         fz_ws.l(dfixu.o)
    0x00016a36   0x0000002e   Code   RO         1227    x$fpl$dflt          fz_ws.l(dflt_clz.o)
    0x00016a64   0x00000026   Code   RO         1226    x$fpl$dfltu         fz_ws.l(dflt_clz.o)
    0x00016a8a   0x00000002   PAD
    0x00016a8c   0x00000078   Code   RO         1232    x$fpl$dleqf         fz_ws.l(dleqf.o)
    0x00016b04   0x00000154   Code   RO         1234    x$fpl$dmul          fz_ws.l(dmul.o)
    0x00016c58   0x0000009c   Code   RO         1368    x$fpl$dnaninf       fz_ws.l(dnaninf.o)
    0x00016cf4   0x0000000c   Code   RO         1370    x$fpl$dretinf       fz_ws.l(dretinf.o)
    0x00016d00   0x0000006c   Code   RO         1236    x$fpl$drleqf        fz_ws.l(drleqf.o)
    0x00016d6c   0x000001d4   Code   RO         1214    x$fpl$dsub          fz_ws.l(daddsub_clz.o)
    0x00016f40   0x00000056   Code   RO         1238    x$fpl$f2d           fz_ws.l(f2d.o)
    0x00016f96   0x00000002   PAD
    0x00016f98   0x000000c4   Code   RO         1240    x$fpl$fadd          fz_ws.l(faddsub_clz.o)
    0x0001705c   0x00000018   Code   RO         1372    x$fpl$fcmpinf       fz_ws.l(fcmpi.o)
    0x00017074   0x00000184   Code   RO         1247    x$fpl$fdiv          fz_ws.l(fdiv.o)
    0x000171f8   0x00000068   Code   RO         1250    x$fpl$feqf          fz_ws.l(feqf.o)
    0x00017260   0x0000003e   Code   RO         1252    x$fpl$ffixu         fz_ws.l(ffixu.o)
    0x0001729e   0x00000002   PAD
    0x000172a0   0x00000030   Code   RO         1257    x$fpl$fflt          fz_ws.l(fflt_clz.o)
    0x000172d0   0x00000026   Code   RO         1256    x$fpl$ffltu         fz_ws.l(fflt_clz.o)
    0x000172f6   0x00000002   PAD
    0x000172f8   0x00000068   Code   RO         1262    x$fpl$fleqf         fz_ws.l(fleqf.o)
    0x00017360   0x00000102   Code   RO         1264    x$fpl$fmul          fz_ws.l(fmul.o)
    0x00017462   0x0000008c   Code   RO         1374    x$fpl$fnaninf       fz_ws.l(fnaninf.o)
    0x000174ee   0x0000000a   Code   RO         1376    x$fpl$fretinf       fz_ws.l(fretinf.o)
    0x000174f8   0x00000062   Code   RO         1266    x$fpl$frleqf        fz_ws.l(frleqf.o)
    0x0001755a   0x00000014   Code   RO         1241    x$fpl$frsb          fz_ws.l(faddsub_clz.o)
    0x0001756e   0x00000002   PAD
    0x00017570   0x000000ea   Code   RO         1242    x$fpl$fsub          fz_ws.l(faddsub_clz.o)
    0x0001765a   0x00000004   Code   RO         1378    x$fpl$printf1       fz_ws.l(printf1.o)
    0x0001765e   0x00000000   Code   RO         1380    x$fpl$usenofp       fz_ws.l(usenofp.o)
    0x0001765e   0x00000048   Data   RO          183    .constdata          aes.o
    0x000176a6   0x00000101   Data   RO          199    .constdata          mf_crc8.o
    0x000177a7   0x00000001   PAD
    0x000177a8   0x00000200   Data   RO          214    .constdata          mf_crc16.o
    0x000179a8   0x00000114   Data   RO          348    .constdata          cfg_handler.o
    0x00017abc   0x00000068   Data   RO          451    .constdata          cfg_handler_a2.o
    0x00017b24   0x000000f0   Data   RO          566    .constdata          sbl_iap.o
    0x00017c14   0x00000008   Data   RO         1292    .constdata          c_w.l(_printf_wctomb.o)
    0x00017c1c   0x00000028   Data   RO         1321    .constdata          c_w.l(_printf_hex_int_ll_ptr.o)
    0x00017c44   0x00000011   Data   RO         1341    .constdata          c_w.l(__printf_flags_ss_wp.o)
    0x00017c55   0x00000003   PAD
    0x00017c58   0x00000094   Data   RO         1430    .constdata          c_w.l(bigflt0.o)
    0x00017cec   0x00000062   Data   RO           51    .conststring        main.o
    0x00017d4e   0x00000002   PAD
    0x00017d50   0x00000599   Data   RO         1123    .conststring        user_sensor.o
    0x000182e9   0x00000003   PAD
    0x000182ec   0x00000020   Data   RO         1609    Region$$Table       anon$$obj.o
    0x0001830c   0x0000001c   Data   RO         1454    locale$$data        c_w.l(lc_numeric_c.o)
    0x00018328   0x00000110   Data   RO         1480    locale$$data        c_w.l(lc_ctype_c.o)


    Execution Region ER_IRAM1 (Base: 0x10000000, Size: 0x00004568, Max: 0x00006000, ABSOLUTE, COMPRESSED[0x00000040])

    Base Addr    Size         Type   Attr      Idx    E Section Name        Object

    0x10000000   0x00000008   Data   RW           20    .data               system_lpc17xx.o
    0x10000008   0x00000024   Data   RW           52    .data               main.o
    0x1000002c   0x00000014   Data   RW          184    .data               aes.o
    0x10000040   0x00000073   Data   RW          349    .data               cfg_handler.o
    0x100000b3   0x00000001   Data   RW          387    .data               cfg_decoder.o
    0x100000b4   0x00000012   Data   RW          452    .data               cfg_handler_a2.o
    0x100000c6   0x00000040   Data   RW          475    .data               mf_md5.o
    0x10000106   0x00000002   PAD
    0x10000108   0x0000000c   Data   RW          567    .data               sbl_iap.o
    0x10000114   0x00000008   Data   RW          646    .data               lpc17xx_uart.o
    0x1000011c   0x00000001   Data   RW          709    .data               lpc17xx_wdt.o
    0x1000011d   0x00000003   PAD
    0x10000120   0x0000000c   Data   RW          768    .data               lpc17xx_timer.o
    0x1000012c   0x0000000c   Data   RW          801    .data               lpc17xx_adc.o
    0x10000138   0x00000002   Data   RW          863    .data               can_hw.o
    0x1000013a   0x00000013   Data   RW          943    .data               can_af.o
    0x1000014d   0x00000003   PAD
    0x10000150   0x00000020   Data   RW         1014    .data               user_interrupt.o
    0x10000170   0x00000114   Data   RW         1124    .data               user_sensor.o
    0x10000284   0x00000004   PAD
    0x10000288   0x00000100   Data   RW          568    ETHERNET_RAM        sbl_iap.o
    0x10000388   0x00000080   Data   RW          647    ETHERNET_RAM        lpc17xx_uart.o
    0x10000408   0x00000310   Zero   RW          182    .bss                aes.o
    0x10000718   0x00001310   Zero   RW          235    .bss                cfg_unpack.o
    0x10001a28   0x00000228   Zero   RW          347    .bss                cfg_handler.o
    0x10001c50   0x0000010b   Zero   RW          450    .bss                cfg_handler_a2.o
    0x10001d5b   0x00000001   PAD
    0x10001d5c   0x00000098   Zero   RW          474    .bss                mf_md5.o
    0x10001df4   0x00000128   Zero   RW          565    .bss                sbl_iap.o
    0x10001f1c   0x00000c90   Zero   RW          645    .bss                lpc17xx_uart.o
    0x10002bac   0x00000010   Zero   RW          862    .bss                can_hw.o
    0x10002bbc   0x00000048   Zero   RW          942    .bss                can_af.o
    0x10002c04   0x000012fc   Zero   RW          962    .bss                can_package.o
    0x10003f00   0x00000207   Zero   RW         1122    .bss                user_sensor.o
    0x10004107   0x00000001   PAD
    0x10004108   0x00000060   Zero   RW         1474    .bss                c_w.l(libspace.o)
    0x10004168   0x00000000   Zero   RW           44    HEAP                startup_lpc17xx.o
    0x10004168   0x00000200   Zero   RW           43    STACK               startup_lpc17xx.o
    0x10004368   0x00000200   Zero   RW          453    USB_RAM             cfg_handler_a2.o


    Execution Region ARM_LIB_HEAP (Base: 0x10006000, Size: 0x00000300, Max: 0x00000300, ABSOLUTE)

    Base Addr    Size         Type   Attr      Idx    E Section Name        Object

    0x10006000   0x00000300   Zero   RW            1    ARM_LIB_HEAP.bss    anon$$obj.o


    Execution Region ARM_LIB_STACK (Base: 0x10006300, Size: 0x00001c60, Max: 0x00001c60, ABSOLUTE)

    Base Addr    Size         Type   Attr      Idx    E Section Name        Object

    0x10006300   0x00001c60   Zero   RW            2    ARM_LIB_STACK.bss   anon$$obj.o



  Load Region LR$$.ARM.__AT_0x10007F70 (Base: 0x10007f70, Size: 0x00000000, Max: 0x00000004, ABSOLUTE)

    Execution Region ER$$.ARM.__AT_0x10007F70 (Base: 0x10007f70, Size: 0x00000004, Max: 0x00000004, ABSOLUTE, UNINIT)

    Base Addr    Size         Type   Attr      Idx    E Section Name        Object

    0x10007f70   0x00000004   Zero   RW          563    .ARM.__AT_0x10007F70  sbl_iap.o



  Load Region LR$$.ARM.__AT_0x10007F74 (Base: 0x10007f74, Size: 0x00000000, Max: 0x00000004, ABSOLUTE)

    Execution Region ER$$.ARM.__AT_0x10007F74 (Base: 0x10007f74, Size: 0x00000004, Max: 0x00000004, ABSOLUTE, UNINIT)

    Base Addr    Size         Type   Attr      Idx    E Section Name        Object

    0x10007f74   0x00000004   Zero   RW          564    .ARM.__AT_0x10007F74  sbl_iap.o


==============================================================================

Image component sizes


      Code (inc. data)   RO Data    RW Data    ZI Data      Debug   Object Name

      2080         70         72         20        784       7854   aes.o
      5396        206          0         19         72       7781   can_af.o
      1840        206          0          2         16      10453   can_hw.o
       824         80          0          0       4860       4954   can_package.o
       316         18          0          1          0       2636   cfg_decoder.o
      6656        574        276        115        552      27974   cfg_handler.o
      1860        270        104         18        779      13222   cfg_handler_a2.o
       960        116          0          0       4880      13395   cfg_unpack.o
         0          0          0          0          0       4540   core_cm3.o
        14          0          0          0          0        240   critical.o
       728         30          0         12          0       9534   lpc17xx_adc.o
       532         58          0         12          0      24530   lpc17xx_timer.o
      3936        210          0        136       3216      18717   lpc17xx_uart.o
       172          6          0          1          0       1683   lpc17xx_wdt.o
       552        136         98         36          0      27972   main.o
       160          6        512          0          0       1917   mf_crc16.o
       116          4        257          0          0       1862   mf_crc8.o
      2388        270          0         64        152       4267   mf_md5.o
      2472        106        240        268        304      13407   sbl_iap.o
        52         18        204          0        512        776   startup_lpc17xx.o
       988         34          0          8          0       1161   system_lpc17xx.o
       468         64          0         32          0      24222   user_interrupt.o
        28          4          0          0          0        398   user_led.o
     11236       1676       1433        276        519      28822   user_sensor.o

    ----------------------------------------------------------------------
     43776       4162       3234       1032      24680     252317   Object Totals
         0          0         32          0       8032          0   (incl. Generated)
         2          0          6         12          2          0   (incl. Padding)

    ----------------------------------------------------------------------

      Code (inc. data)   RO Data    RW Data    ZI Data      Debug   Library Member Name

        58          0          0          0          0          0   __dczerorl.o
         8          0          0          0          0         68   __main.o
       392          4         17          0          0         92   __printf_flags_ss_wp.o
        14          0          0          0          0         68   __printf_wp.o
         0          0          0          0          0          0   __rtentry.o
        12          0          0          0          0          0   __rtentry2.o
         8          4          0          0          0          0   __rtentry7.o
        52          8          0          0          0          0   __scatter.o
        28          0          0          0          0          0   __scatter_zi.o
         6          0          0          0          0          0   _printf_a.o
         6          0          0          0          0          0   _printf_c.o
        44          0          0          0          0        108   _printf_char.o
        48          6          0          0          0         96   _printf_char_common.o
        40          0          0          0          0         68   _printf_charcount.o
         6          0          0          0          0          0   _printf_d.o
       120         16          0          0          0         92   _printf_dec.o
         6          0          0          0          0          0   _printf_e.o
         6          0          0          0          0          0   _printf_f.o
      1050          0          0          0          0        216   _printf_fp_dec.o
       128         16          0          0          0         84   _printf_fp_infnan.o
         6          0          0          0          0          0   _printf_g.o
       148          4         40          0          0        160   _printf_hex_int_ll_ptr.o
         6          0          0          0          0          0   _printf_i.o
       178          0          0          0          0         88   _printf_intcommon.o
        10          0          0          0          0          0   _printf_l.o
         6          0          0          0          0          0   _printf_lc.o
        10          0          0          0          0          0   _printf_ll.o
         6          0          0          0          0          0   _printf_lld.o
         6          0          0          0          0          0   _printf_lli.o
         6          0          0          0          0          0   _printf_llo.o
         6          0          0          0          0          0   _printf_llu.o
         6          0          0          0          0          0   _printf_llx.o
       124         16          0          0          0         92   _printf_longlong_dec.o
         6          0          0          0          0          0   _printf_ls.o
         6          0          0          0          0          0   _printf_n.o
         6          0          0          0          0          0   _printf_o.o
       112         10          0          0          0        124   _printf_oct_int_ll.o
         6          0          0          0          0          0   _printf_p.o
        78          0          0          0          0        108   _printf_pad.o
         0          0          0          0          0          0   _printf_percent.o
         4          0          0          0          0          0   _printf_percent_end.o
         6          0          0          0          0          0   _printf_s.o
        82          0          0          0          0         80   _printf_str.o
        36          0          0          0          0         84   _printf_truncate.o
         6          0          0          0          0          0   _printf_u.o
        44          0          0          0          0        108   _printf_wchar.o
       188          6          8          0          0         92   _printf_wctomb.o
         6          0          0          0          0          0   _printf_x.o
        16          0          0          0          0         68   _snputc.o
        10          0          0          0          0         68   _sputc.o
        64          0          0          0          0         92   _wcrtomb.o
       220          4        148          0          0         96   bigflt0.o
      1910        128          0          0          0        672   btod.o
        52          4          0          0          0         80   c89vsnprintf.o
        18          0          0          0          0         80   exit.o
         6          0          0          0          0        152   heapauxi.o
         0          0          0          0          0          0   indicate_semi.o
        44         10        272          0          0         76   lc_ctype_c.o
        44         10         28          0          0         76   lc_numeric_c.o
         2          0          0          0          0          0   libinit.o
        30          0          0          0          0          0   libinit2.o
         2          0          0          0          0          0   libshutdown.o
         2          0          0          0          0          0   libshutdown2.o
         0          0          0          0         96          0   libspace.o
       138          0          0          0          0         80   lludiv10.o
       238          0          0          0          0        100   lludivv7m.o
        16          4          0          0          0         76   rt_ctype_table.o
         8          4          0          0          0         68   rt_locale_intlibspace.o
        68          0          0          0          0         68   rt_memclr.o
        78          0          0          0          0         80   rt_memclr_w.o
       138          0          0          0          0         68   rt_memcpy_v6.o
       100          0          0          0          0         80   rt_memcpy_w.o
         2          0          0          0          0          0   rtexit.o
        10          0          0          0          0          0   rtexit2.o
       128          0          0          0          0         68   strcmpv7m.o
        12          4          0          0          0         68   sys_exit.o
         2          0          0          0          0         68   use_no_semi.o
        98          4          0          0          0         92   d2f.o
       804         16          0          0          0        272   daddsub_clz.o
        24          0          0          0          0         68   dcmpi.o
       688        140          0          0          0        208   ddiv.o
        90          4          0          0          0         92   dfixu.o
        84          0          0          0          0        136   dflt_clz.o
       120          4          0          0          0         92   dleqf.o
       340         12          0          0          0        104   dmul.o
       156          4          0          0          0         92   dnaninf.o
        12          0          0          0          0         68   dretinf.o
       108          0          0          0          0         80   drleqf.o
        86          4          0          0          0         84   f2d.o
       450          8          0          0          0        236   faddsub_clz.o
        24          0          0          0          0         68   fcmpi.o
       388         76          0          0          0         96   fdiv.o
       104          4          0          0          0         84   feqf.o
        62          4          0          0          0         84   ffixu.o
        86          0          0          0          0        136   fflt_clz.o
       104          4          0          0          0         84   fleqf.o
       258          4          0          0          0         84   fmul.o
       140          4          0          0          0         84   fnaninf.o
        10          0          0          0          0         68   fretinf.o
        98          0          0          0          0         68   frleqf.o
         4          0          0          0          0         68   printf1.o
         0          0          0          0          0          0   usenofp.o
        40          0          0          0          0         68   fpclassify.o

    ----------------------------------------------------------------------
     10898        550        516          0         96       6728   Library Totals
        26          0          3          0          0          0   (incl. Padding)

    ----------------------------------------------------------------------

      Code (inc. data)   RO Data    RW Data    ZI Data      Debug   Library Name

      6494        258        513          0         96       4112   c_w.l
      4338        292          0          0          0       2548   fz_ws.l
        40          0          0          0          0         68   m_ws.l

    ----------------------------------------------------------------------
     10898        550        516          0         96       6728   Library Totals

    ----------------------------------------------------------------------

==============================================================================


      Code (inc. data)   RO Data    RW Data    ZI Data      Debug   

     54674       4712       3750       1032      24776     253009   Grand Totals
     54674       4712       3750         64      24776     253009   ELF Image Totals (compressed)
     54674       4712       3750         64          0          0   ROM Totals

==============================================================================

    Total RO  Size (Code + RO Data)                58424 (  57.05kB)
    Total RW  Size (RW Data + ZI Data)             25808 (  25.20kB)
    Total ROM Size (Code + RO Data + RW Data)      58488 (  57.12kB)

==============================================================================

