ARM Linker, 5.03 [Build 76] [MDK-ARM Standard]

==============================================================================

Section Cross References

    system_lpc17xx.o(.text) refers to system_lpc17xx.o(.data) for .data
    startup_lpc17xx.o(RESET) refers to startup_lpc17xx.o(.text) for Reset_Handler
    startup_lpc17xx.o(RESET) refers to lpc17xx_timer.o(.text) for TIMER0_IRQHandler
    startup_lpc17xx.o(RESET) refers to lpc17xx_uart.o(.text) for UART0_IRQHandler
    startup_lpc17xx.o(RESET) refers to usbhw.o(.text) for USB_IRQHandler
    startup_lpc17xx.o(.text) refers to __main.o(!!!main) for __main
    main.o(.text) refers to system_lpc17xx.o(.text) for SystemInit
    main.o(.text) refers to lpc17xx_wdt.o(.text) for WDT_Init
    main.o(.text) refers to lpc17xx_uart.o(.text) for UARTS_Init
    main.o(.text) refers to usb_composite_app.o(.text) for USB_Init_CDC
    main.o(.text) refers to lpc17xx_timer.o(.text) for TIMER0_Init
    main.o(.text) refers to cfg_unpack.o(.text) for cfg_unpack_tick
    main.o(.text) refers to cfg_handler.o(.text) for cfg_status_report
    main.o(.text) refers to sbl_iap.o(.text) for check_iap_entry_init
    aes.o(.text) refers to aes.o(.data) for .data
    aes.o(.text) refers to aes.o(.bss) for .bss
    aes.o(.text) refers to aes.o(.constdata) for .constdata
    mf_crc8.o(.text) refers to mf_crc8.o(.constdata) for .constdata
    mf_crc16.o(.text) refers to mf_crc16.o(.constdata) for .constdata
    cfg_unpack.o(.text) refers to vcom_app.o(.text) for OutBufAvailBytes
    cfg_unpack.o(.text) refers to mf_crc8.o(.text) for Verify_CRC8_Check_Sum
    cfg_unpack.o(.text) refers to mf_crc16.o(.text) for Verify_CRC16_Check_Sum
    cfg_unpack.o(.text) refers to cfg_handler.o(.text) for get_command_version
    cfg_unpack.o(.text) refers to lpc17xx_uart.o(.text) for uart_printf
    cfg_unpack.o(.text) refers to cfg_unpack.o(.bss) for .bss
    cfg_unpack.o(.text) refers to cfg_unpack.o(.data) for .data
    cfg_handler.o(.text) refers to mf_crc8.o(.text) for Append_CRC8_Check_Sum
    cfg_handler.o(.text) refers to mf_crc16.o(.text) for Append_CRC16_Check_Sum
    cfg_handler.o(.text) refers to vcom_app.o(.text) for VCOM_sendpackage
    cfg_handler.o(.text) refers to aes.o(.text) for aesDecInit
    cfg_handler.o(.text) refers to sbl_iap.o(.text) for erase_user_area
    cfg_handler.o(.text) refers to rt_memcpy_v6.o(.text) for __aeabi_memcpy
    cfg_handler.o(.text) refers to mf_md5.o(.text) for MD5Init
    cfg_handler.o(.text) refers to lpc17xx_wdt.o(.text) for WDT_UpdateTimeOut
    cfg_handler.o(.text) refers to lpc17xx_uart.o(.text) for uart_printf
    cfg_handler.o(.text) refers to rt_memclr_w.o(.text) for __aeabi_memclr4
    cfg_handler.o(.text) refers to sbl_iap.o(.constdata) for sector_end_map
    cfg_handler.o(.text) refers to cfg_handler.o(.data) for .data
    cfg_handler.o(.text) refers to cfg_handler.o(.bss) for .bss
    cfg_handler.o(.text) refers to mf_md5.o(.bss) for md5
    cfg_handler.o(.text) refers to main.o(.data) for g_device_status
    cfg_handler.o(.text) refers to cfg_handler.o(.constdata) for .constdata
    cfg_handler.o(.constdata) refers to cfg_handler.o(.text) for cmd_handler_device_info
    mf_md5.o(.text) refers to rt_memcpy_v6.o(.text) for __aeabi_memcpy
    mf_md5.o(.text) refers to mf_md5.o(.bss) for .bss
    mf_md5.o(.text) refers to mf_md5.o(.data) for .data
    sbl_iap.o(.text) refers to critical.o(.text) for CPU_SR_Save
    sbl_iap.o(.text) refers to sbl_iap.o(.emb_text) for boot_jump
    sbl_iap.o(.text) refers to rt_memcpy_v6.o(.text) for __aeabi_memcpy
    sbl_iap.o(.text) refers to sbl_iap.o(.bss) for .bss
    sbl_iap.o(.text) refers to sbl_iap.o(.constdata) for .constdata
    sbl_iap.o(.text) refers to sbl_iap.o(.data) for .data
    sbl_iap.o(.text) refers to sbl_iap.o(ETHERNET_RAM) for ETHERNET_RAM
    lpc17xx_uart.o(.text) refers to critical.o(.text) for CPU_SR_Save
    lpc17xx_uart.o(.text) refers to c89vsnprintf.o(.text) for __c89vsnprintf
    lpc17xx_uart.o(.text) refers to lpc17xx_uart.o(.bss) for .bss
    lpc17xx_uart.o(.text) refers to lpc17xx_uart.o(.data) for .data
    lpc17xx_uart.o(.text) refers to lpc17xx_uart.o(ETHERNET_RAM) for ETHERNET_RAM
    lpc17xx_wdt.o(.text) refers to critical.o(.text) for CPU_SR_Save
    lpc17xx_wdt.o(.text) refers to lpc17xx_wdt.o(.data) for .data
    lpc17xx_timer.o(.text) refers to lpc17xx_timer.o(.data) for .data
    cdcuser.o(.text) refers to usbhw.o(.text) for USB_WriteEP
    cdcuser.o(.text) refers to vcom_buf.o(.bss) for CDC_OutBuf
    cdcuser.o(.text) refers to vcom_buf.o(.bss) for CDC_InBuf
    cdcuser.o(.text) refers to cdcuser.o(.data) for .data
    cdcuser.o(.text) refers to usbcore.o(.bss) for EP0Buf
    cdcuser.o(.text) refers to cdcuser.o(.bss) for .bss
    usb_composite_app.o(.text) refers to cdcuser.o(.text) for CDC_Init
    usb_composite_app.o(.text) refers to usbhw.o(.text) for USB_Init
    usb_composite_app.o(.text) refers to rt_memcpy_v6.o(.text) for __aeabi_memcpy
[...]
    _fp_digits                               0x00003d25   Thumb Code   426  _printf_fp_dec.o(.text)
    .text                                    0x00004142   Section        0  _printf_char.o(.text)
    .text                                    0x0000416e   Section        0  _printf_wchar.o(.text)
    .text                                    0x0000419a   Section        0  _wcrtomb.o(.text)
    .text                                    0x000041dc   Section       16  rt_ctype_table.o(.text)
    .text                                    0x000041ec   Section        0  _printf_fp_infnan.o(.text)
    .text                                    0x0000426c   Section        0  bigflt0.o(.text)
    .text                                    0x00004350   Section      128  strcmpv7m.o(.text)
    CL$$btod_d2e                             0x000043d0   Section       62  btod.o(CL$$btod_d2e)
    CL$$btod_d2e_denorm_low                  0x0000440e   Section       70  btod.o(CL$$btod_d2e_denorm_low)
    CL$$btod_d2e_norm_op1                    0x00004454   Section       96  btod.o(CL$$btod_d2e_norm_op1)
    CL$$btod_div_common                      0x000044b4   Section      824  btod.o(CL$$btod_div_common)
    CL$$btod_e2e                             0x000047ec   Section      198  btod.o(CL$$btod_e2e)
    CL$$btod_ediv                            0x000048b2   Section       40  btod.o(CL$$btod_ediv)
    CL$$btod_emul                            0x000048da   Section       40  btod.o(CL$$btod_emul)
    CL$$btod_mult_common                     0x00004902   Section      580  btod.o(CL$$btod_mult_common)
    i.USB_ReqGetDescriptor                   0x00004b48   Section        0  usbcore.o(i.USB_ReqGetDescriptor)
    i.USB_ReqGetStatus                       0x00004bd0   Section        0  usbcore.o(i.USB_ReqGetStatus)
    i.USB_ReqSetClrFeature                   0x00004c4c   Section        0  usbcore.o(i.USB_ReqSetClrFeature)
    i.USB_ReqSetConfiguration                0x00004d0c   Section        0  usbcore.o(i.USB_ReqSetConfiguration)
    i.USB_ReqSetInterface                    0x00004e74   Section        0  usbcore.o(i.USB_ReqSetInterface)
    i.__ARM_fpclassify                       0x00004f80   Section        0  fpclassify.o(i.__ARM_fpclassify)
    i._is_digit                              0x00004fa8   Section        0  __printf_wp.o(i._is_digit)
    locale$$code                             0x00004fb8   Section       44  lc_numeric_c.o(locale$$code)
    locale$$code                             0x00004fe4   Section       44  lc_ctype_c.o(locale$$code)
    .constdata                               0x00005010   Section       72  aes.o(.constdata)
    .constdata                               0x00005058   Section      256  mf_crc8.o(.constdata)
    .constdata                               0x00005158   Section      512  mf_crc16.o(.constdata)
    .constdata                               0x00005358   Section       72  cfg_handler.o(.constdata)
    .constdata                               0x000053a0   Section      240  sbl_iap.o(.constdata)
    .constdata                               0x00005490   Section       18  usbdesc.o(.constdata)
    .constdata                               0x000054a2   Section       33  usbdesc.o(.constdata)
    .constdata                               0x000054c3   Section      140  usbdesc.o(.constdata)
    .constdata                               0x00005550   Section       64  usbuser.o(.constdata)
    .constdata                               0x00005590   Section     1118  mscuser.o(.constdata)
    .constdata                               0x000059f0   Section        8  _printf_wctomb.o(.constdata)
    initial_mbstate                          0x000059f0   Data           8  _printf_wctomb.o(.constdata)
    .constdata                               0x000059f8   Section       40  _printf_hex_int_ll_ptr.o(.constdata)
    uc_hextab                                0x000059f8   Data          20  _printf_hex_int_ll_ptr.o(.constdata)
    lc_hextab                                0x00005a0c   Data          20  _printf_hex_int_ll_ptr.o(.constdata)
    .constdata                               0x00005a20   Section       17  __printf_flags_ss_wp.o(.constdata)
    maptable                                 0x00005a20   Data          17  __printf_flags_ss_wp.o(.constdata)
    .constdata                               0x00005a34   Section      148  bigflt0.o(.constdata)
    tenpwrs_x                                0x00005a34   Data          60  bigflt0.o(.constdata)
    tenpwrs_i                                0x00005a70   Data          64  bigflt0.o(.constdata)
    locale$$data                             0x00005ae8   Section       28  lc_numeric_c.o(locale$$data)
    __lcnum_c_name                           0x00005aec   Data           2  lc_numeric_c.o(locale$$data)
    __lcnum_c_start                          0x00005af4   Data           0  lc_numeric_c.o(locale$$data)
    __lcnum_c_point                          0x00005b00   Data           0  lc_numeric_c.o(locale$$data)
    __lcnum_c_thousands                      0x00005b02   Data           0  lc_numeric_c.o(locale$$data)
    __lcnum_c_grouping                       0x00005b03   Data           0  lc_numeric_c.o(locale$$data)
    locale$$data                             0x00005b04   Section      272  lc_ctype_c.o(locale$$data)
    __lcnum_c_end                            0x00005b04   Data           0  lc_numeric_c.o(locale$$data)
    __lcctype_c_name                         0x00005b08   Data           2  lc_ctype_c.o(locale$$data)
    __lcctype_c_start                        0x00005b10   Data           0  lc_ctype_c.o(locale$$data)
    __lcctype_c_end                          0x00005c14   Data           0  lc_ctype_c.o(locale$$data)
    .data                                    0x10000000   Section        4  system_lpc17xx.o(.data)
    .data                                    0x10000004   Section        4  main.o(.data)
    .data                                    0x10000008   Section       20  aes.o(.data)
    .data                                    0x1000001c   Section        6  cfg_unpack.o(.data)
    cfg_unpack_step                          0x1000001c   Data           1  cfg_unpack.o(.data)
    cfg_unpack_idx                           0x1000001e   Data           2  cfg_unpack.o(.data)
    cfg_unpack_len                           0x10000020   Data           2  cfg_unpack.o(.data)
    .data                                    0x10000024   Section       12  cfg_handler.o(.data)
    cfg_package_index_front                  0x10000024   Data           4  cfg_handler.o(.data)
    cfg_write_offset                         0x10000028   Data           4  cfg_handler.o(.data)
    cfg_file_size                            0x1000002c   Data           4  cfg_handler.o(.data)
    .data                                    0x10000030   Section       64  mf_md5.o(.data)
    .data                                    0x10000070   Section       12  sbl_iap.o(.data)
    .data                                    0x1000007c   Section        4  lpc17xx_uart.o(.data)
    printf_lock                              0x1000007c   Data           4  lpc17xx_uart.o(.data)
    .data                                    0x10000080   Section        1  lpc17xx_wdt.o(.data)
    wdt_locked                               0x10000080   Data           1  lpc17xx_wdt.o(.data)
    .data                                    0x10000081   Section        1  lpc17xx_timer.o(.data)
    timer0_10ms_timeout_flag                 0x10000081   Data           1  lpc17xx_timer.o(.data)
    .data                                    0x10000084   Section       27  cdcuser.o(.data)
    .data                                    0x1000009f   Section        1  usb_composite_app.o(.data)
    .data                                    0x100000a0   Section       40  usbcore.o(.data)
    .data                                    0x100000c8   Section       18  usbdesc.o(.data)
    .data                                    0x100000da   Section       76  usbdesc.o(.data)
    .data                                    0x10000128   Section        4  usbuser.o(.data)
    .data                                    0x1000012c   Section       29  mscuser.o(.data)
    ETHERNET_RAM                             0x10000150   Section      256  sbl_iap.o(ETHERNET_RAM)
    WriteBuf                                 0x10000150   Data         256  sbl_iap.o(ETHERNET_RAM)
    ETHERNET_RAM                             0x10000250   Section      128  lpc17xx_uart.o(ETHERNET_RAM)
    uart_buf_printf                          0x10000250   Data         128  lpc17xx_uart.o(ETHERNET_RAM)
    .bss                                     0x100002d0   Section      784  aes.o(.bss)
    .bss                                     0x100005e0   Section      512  cfg_unpack.o(.bss)
    cfg_unpack_buf                           0x100005e0   Data         512  cfg_unpack.o(.bss)
    .bss                                     0x100007e0   Section      512  cfg_handler.o(.bss)
    tmpBuf                                   0x100007e0   Data         512  cfg_handler.o(.bss)
    .bss                                     0x100009e0   Section       88  mf_md5.o(.bss)
    .bss                                     0x10000a38   Section       64  mf_md5.o(.bss)
    .bss                                     0x10000a78   Section      296  sbl_iap.o(.bss)
    .bss                                     0x10000ba0   Section      544  lpc17xx_uart.o(.bss)
    .bss                                     0x10000dc0   Section      138  cdcuser.o(.bss)
    .bss                                     0x10000e4a   Section       64  usbcore.o(.bss)
    .bss                                     0x10000e90   Section      128  vcom_app.o(.bss)
    vcom_buf_printf                          0x10000e90   Data         128  vcom_app.o(.bss)
    .bss                                     0x10000f10   Section      520  vcom_buf.o(.bss)
    .bss                                     0x10001118   Section      520  vcom_buf.o(.bss)
    .bss                                     0x10001320   Section      108  mscuser.o(.bss)
    .bss                                     0x1000138c   Section       96  libspace.o(.bss)

    Global Symbols

    Symbol Name                              Value     Ov Type        Size  Object(Section)

    BuildAttributes$$THM_ISAv4$P$D$K$B$S$PE$A:L22UL41UL21$X:L11$S22US41US21$IEEE1$IW$USESV6$~STKCKD$USESV7$~SHL$OTIME$ROPI$IEEEJ$EBA8$UX$STANDARDLIB$REQ8$EABIv2 0x00000000   Number         0  anon$$obj.o ABSOLUTE
    __ARM_use_no_argv                        0x00000000   Number         0  main.o ABSOLUTE
    __Vectors                                0x00000000   Data           4  startup_lpc17xx.o(RESET)
    _printf_flags                            0x00000000   Number         0  printf_stubs.o ABSOLUTE
    _printf_return_value                     0x00000000   Number         0  printf_stubs.o ABSOLUTE
    _printf_sizespec                         0x00000000   Number         0  printf_stubs.o ABSOLUTE
    _printf_widthprec                        0x00000000   Number         0  printf_stubs.o ABSOLUTE
    Image$$ZI$$Limit                          - Undefined Weak Reference
    __ARM_exceptions_init                     - Undefined Weak Reference
    __alloca_initialize                       - Undefined Weak Reference
    __cpp_initialize__aeabi_                  - Undefined Weak Reference
    __cxa_finalize                            - Undefined Weak Reference
    __sigvec_lookup                           - Undefined Weak Reference
    _atexit_init                              - Undefined Weak Reference
    _call_atexit_fns                          - Undefined Weak Reference
    _clock_init                               - Undefined Weak Reference
    _fp_trap_init                             - Undefined Weak Reference
    _fp_trap_shutdown                         - Undefined Weak Reference
    _get_lc_collate                           - Undefined Weak Reference
    _get_lc_monetary                          - Undefined Weak Reference
    _get_lc_time                              - Undefined Weak Reference
    _getenv_init                              - Undefined Weak Reference
    _handle_redirection                       - Undefined Weak Reference
    _init_alloc                               - Undefined Weak Reference
    _init_user_alloc                          - Undefined Weak Reference
    _initio                                   - Undefined Weak Reference
    _printf_fp_hex                            - Undefined Weak Reference
    _printf_mbtowc                            - Undefined Weak Reference
    _printf_wc                                - Undefined Weak Reference
    _rand_init                                - Undefined Weak Reference
    _signal_finish                            - Undefined Weak Reference
    _signal_init                              - Undefined Weak Reference
    _terminate_alloc                          - Undefined Weak Reference
    _terminate_user_alloc                     - Undefined Weak Reference
    _terminateio                              - Undefined Weak Reference
    __main                                   0x000000cd   Thumb Code     8  __main.o(!!!main)
    __scatterload                            0x000000d5   Thumb Code     0  __scatter.o(!!!scatter)
    __scatterload_rt2                        0x000000d5   Thumb Code    44  __scatter.o(!!!scatter)
    __scatterload_rt2_thumb_only             0x000000d5   Thumb Code     0  __scatter.o(!!!scatter)
    __scatterload_null                       0x000000e3   Thumb Code     0  __scatter.o(!!!scatter)
    __decompress                             0x00000109   Thumb Code    90  __dczerorl2.o(!!dczerorl2)
    __decompress1                            0x00000109   Thumb Code     0  __dczerorl2.o(!!dczerorl2)
    __scatterload_zeroinit                   0x00000165   Thumb Code    28  __scatter_zi.o(!!handler_zi)
    _printf_n                                0x00000181   Thumb Code     0  _printf_n.o(.ARM.Collect$$_printf_percent$$00000001)
    _printf_percent                          0x00000181   Thumb Code     0  _printf_percent.o(.ARM.Collect$$_printf_percent$$00000000)
    _printf_p                                0x00000187   Thumb Code     0  _printf_p.o(.ARM.Collect$$_printf_percent$$00000002)
    _printf_f                                0x0000018d   Thumb Code     0  _printf_f.o(.ARM.Collect$$_printf_percent$$00000003)
    _printf_e                                0x00000193   Thumb Code     0  _printf_e.o(.ARM.Collect$$_printf_percent$$00000004)
    _printf_g                                0x00000199   Thumb Code     0  _printf_g.o(.ARM.Collect$$_printf_percent$$00000005)
    _printf_a                                0x0000019f   Thumb Code     0  _printf_a.o(.ARM.Collect$$_printf_percent$$00000006)
    _printf_ll                               0x000001a5   Thumb Code     0  _printf_ll.o(.ARM.Collect$$_printf_percent$$00000007)
    _printf_i                                0x000001af   Thumb Code     0  _printf_i.o(.ARM.Collect$$_printf_percent$$00000008)
    _printf_d                                0x000001b5   Thumb Code     0  _printf_d.o(.ARM.Collect$$_printf_percent$$00000009)
    _printf_u                                0x000001bb   Thumb Code     0  _printf_u.o(.ARM.Collect$$_printf_percent$$0000000A)
    _printf_o                                0x000001c1   Thumb Code     0  _printf_o.o(.ARM.Collect$$_printf_percent$$0000000B)
    _printf_x                                0x000001c7   Thumb Code     0  _printf_x.o(.ARM.Collect$$_printf_percent$$0000000C)
    _printf_lli                              0x000001cd   Thumb Code     0  _printf_lli.o(.ARM.Collect$$_printf_percent$$0000000D)
    _printf_lld                              0x000001d3   Thumb Code     0  _printf_lld.o(.ARM.Collect$$_printf_percent$$0000000E)
    _printf_llu                              0x000001d9   Thumb Code     0  _printf_llu.o(.ARM.Collect$$_printf_percent$$0000000F)
    _printf_llo                              0x000001df   Thumb Code     0  _printf_llo.o(.ARM.Collect$$_printf_percent$$00000010)
    _printf_llx                              0x000001e5   Thumb Code     0  _printf_llx.o(.ARM.Collect$$_printf_percent$$00000011)
    _printf_l                                0x000001eb   Thumb Code     0  _printf_l.o(.ARM.Collect$$_printf_percent$$00000012)
    _printf_c                                0x000001f5   Thumb Code     0  _printf_c.o(.ARM.Collect$$_printf_percent$$00000013)
    _printf_s                                0x000001fb   Thumb Code     0  _printf_s.o(.ARM.Collect$$_printf_percent$$00000014)
    _printf_lc                               0x00000201   Thumb Code     0  _printf_lc.o(.ARM.Collect$$_printf_percent$$00000015)
    _printf_ls                               0x00000207   Thumb Code     0  _printf_ls.o(.ARM.Collect$$_printf_percent$$00000016)
    _printf_percent_end                      0x0000020d   Thumb Code     0  _printf_percent_end.o(.ARM.Collect$$_printf_percent$$00000017)
    __rt_lib_init                            0x00000211   Thumb Code     0  libinit.o(.ARM.Collect$$libinit$$00000000)
    __rt_lib_init_fp_1                       0x00000213   Thumb Code     0  libinit2.o(.ARM.Collect$$libinit$$00000002)
    __rt_lib_init_heap_1                     0x00000213   Thumb Code     0  libinit2.o(.ARM.Collect$$libinit$$00000008)
    __rt_lib_init_lc_common                  0x00000213   Thumb Code     0  libinit2.o(.ARM.Collect$$libinit$$0000000D)
    __rt_lib_init_rand_1                     0x00000213   Thumb Code     0  libinit2.o(.ARM.Collect$$libinit$$0000000C)
    __rt_lib_init_user_alloc_1               0x00000213   Thumb Code     0  libinit2.o(.ARM.Collect$$libinit$$0000000A)
    __rt_lib_init_lc_collate_1               0x00000219   Thumb Code     0  libinit2.o(.ARM.Collect$$libinit$$0000000F)
    __rt_lib_init_lc_ctype_2                 0x00000219   Thumb Code     0  libinit2.o(.ARM.Collect$$libinit$$00000010)
    __rt_lib_init_lc_ctype_1                 0x00000225   Thumb Code     0  libinit2.o(.ARM.Collect$$libinit$$00000011)
    __rt_lib_init_lc_monetary_1              0x00000225   Thumb Code     0  libinit2.o(.ARM.Collect$$libinit$$00000013)
    __rt_lib_init_lc_numeric_2               0x00000225   Thumb Code     0  libinit2.o(.ARM.Collect$$libinit$$00000014)
    __rt_lib_init_alloca_1                   0x0000022f   Thumb Code     0  libinit2.o(.ARM.Collect$$libinit$$0000002C)
    __rt_lib_init_argv_1                     0x0000022f   Thumb Code     0  libinit2.o(.ARM.Collect$$libinit$$0000002A)
    __rt_lib_init_atexit_1                   0x0000022f   Thumb Code     0  libinit2.o(.ARM.Collect$$libinit$$00000019)
    __rt_lib_init_clock_1                    0x0000022f   Thumb Code     0  libinit2.o(.ARM.Collect$$libinit$$0000001F)
    __rt_lib_init_cpp_1                      0x0000022f   Thumb Code     0  libinit2.o(.ARM.Collect$$libinit$$00000030)
    __rt_lib_init_exceptions_1               0x0000022f   Thumb Code     0  libinit2.o(.ARM.Collect$$libinit$$0000002E)
    __rt_lib_init_fp_trap_1                  0x0000022f   Thumb Code     0  libinit2.o(.ARM.Collect$$libinit$$0000001D)
    __rt_lib_init_getenv_1                   0x0000022f   Thumb Code     0  libinit2.o(.ARM.Collect$$libinit$$00000021)
    __rt_lib_init_lc_numeric_1               0x0000022f   Thumb Code     0  libinit2.o(.ARM.Collect$$libinit$$00000015)
    __rt_lib_init_lc_time_1                  0x0000022f   Thumb Code     0  libinit2.o(.ARM.Collect$$libinit$$00000017)
    __rt_lib_init_return                     0x0000022f   Thumb Code     0  libinit2.o(.ARM.Collect$$libinit$$00000031)
    __rt_lib_init_signal_1                   0x0000022f   Thumb Code     0  libinit2.o(.ARM.Collect$$libinit$$0000001B)
    __rt_lib_init_stdio_1                    0x0000022f   Thumb Code     0  libinit2.o(.ARM.Collect$$libinit$$00000023)
    __rt_lib_shutdown                        0x00000231   Thumb Code     0  libshutdown.o(.ARM.Collect$$libshutdown$$00000000)
    __rt_lib_shutdown_fp_trap_1              0x00000233   Thumb Code     0  libshutdown2.o(.ARM.Collect$$libshutdown$$00000006)
    __rt_lib_shutdown_heap_1                 0x00000233   Thumb Code     0  libshutdown2.o(.ARM.Collect$$libshutdown$$0000000E)
    __rt_lib_shutdown_return                 0x00000233   Thumb Code     0  libshutdown2.o(.ARM.Collect$$libshutdown$$0000000F)
    __rt_lib_shutdown_signal_1               0x00000233   Thumb Code     0  libshutdown2.o(.ARM.Collect$$libshutdown$$00000009)
    __rt_lib_shutdown_stdio_1                0x00000233   Thumb Code     0  libshutdown2.o(.ARM.Collect$$libshutdown$$00000003)
    __rt_lib_shutdown_user_alloc_1           0x00000233   Thumb Code     0  libshutdown2.o(.ARM.Collect$$libshutdown$$0000000B)
    __rt_entry                               0x00000235   Thumb Code     0  rtentry.o(.ARM.Collect$$rtentry$$00000000)
    __rt_entry_presh_1                       0x00000235   Thumb Code     0  rtentry2.o(.ARM.Collect$$rtentry$$00000002)
    __rt_entry_sh                            0x00000235   Thumb Code     0  rtentry7.o(.ARM.Collect$$rtentry$$00000007)
    __rt_entry_li                            0x00000239   Thumb Code     0  rtentry2.o(.ARM.Collect$$rtentry$$0000000A)
    __rt_entry_postsh_1                      0x00000239   Thumb Code     0  rtentry2.o(.ARM.Collect$$rtentry$$00000009)
    __rt_entry_main                          0x0000023d   Thumb Code     0  rtentry2.o(.ARM.Collect$$rtentry$$0000000D)
    __rt_entry_postli_1                      0x0000023d   Thumb Code     0  rtentry2.o(.ARM.Collect$$rtentry$$0000000C)
    __rt_exit                                0x00000249   Thumb Code     0  rtexit.o(.ARM.Collect$$rtexit$$00000000)
    __rt_exit_ls                             0x0000024b   Thumb Code     0  rtexit2.o(.ARM.Collect$$rtexit$$00000003)
    __rt_exit_prels_1                        0x0000024b   Thumb Code     0  rtexit2.o(.ARM.Collect$$rtexit$$00000002)
    __rt_exit_exit                           0x0000024f   Thumb Code     0  rtexit2.o(.ARM.Collect$$rtexit$$00000004)
    boot_jump                                0x00000255   Thumb Code     8  sbl_iap.o(.emb_text)
    Reset_Handler                            0x0000025d   Thumb Code     4  startup_lpc17xx.o(.text)
    NMI_Handler                              0x00000261   Thumb Code     2  startup_lpc17xx.o(.text)
    HardFault_Handler                        0x00000263   Thumb Code     2  startup_lpc17xx.o(.text)
    MemManage_Handler                        0x00000265   Thumb Code     2  startup_lpc17xx.o(.text)
    BusFault_Handler                         0x00000267   Thumb Code     2  startup_lpc17xx.o(.text)
    UsageFault_Handler                       0x00000269   Thumb Code     2  startup_lpc17xx.o(.text)
    SVC_Handler                              0x0000026b   Thumb Code     2  startup_lpc17xx.o(.text)
    DebugMon_Handler                         0x0000026d   Thumb Code     2  startup_lpc17xx.o(.text)
    PendSV_Handler                           0x0000026f   Thumb Code     2  startup_lpc17xx.o(.text)
    SysTick_Handler                          0x00000271   Thumb Code     2  startup_lpc17xx.o(.text)
    ADC_IRQHandler                           0x00000273   Thumb Code     0  startup_lpc17xx.o(.text)
    BOD_IRQHandler                           0x00000273   Thumb Code     0  startup_lpc17xx.o(.text)
    CANActivity_IRQHandler                   0x00000273   Thumb Code     0  startup_lpc17xx.o(.text)
    CAN_IRQHandler                           0x00000273   Thumb Code     0  startup_lpc17xx.o(.text)
    DMA_IRQHandler                           0x00000273   Thumb Code     0  startup_lpc17xx.o(.text)
    EINT0_IRQHandler                         0x00000273   Thumb Code     0  startup_lpc17xx.o(.text)
    EINT1_IRQHandler                         0x00000273   Thumb Code     0  startup_lpc17xx.o(.text)
    EINT2_IRQHandler                         0x00000273   Thumb Code     0  startup_lpc17xx.o(.text)
    EINT3_IRQHandler                         0x00000273   Thumb Code     0  startup_lpc17xx.o(.text)
    ENET_IRQHandler                          0x00000273   Thumb Code     0  startup_lpc17xx.o(.text)
    I2C0_IRQHandler                          0x00000273   Thumb Code     0  startup_lpc17xx.o(.text)
    I2C1_IRQHandler                          0x00000273   Thumb Code     0  startup_lpc17xx.o(.text)
    I2C2_IRQHandler                          0x00000273   Thumb Code     0  startup_lpc17xx.o(.text)
    I2S_IRQHandler                           0x00000273   Thumb Code     0  startup_lpc17xx.o(.text)
    MCPWM_IRQHandler                         0x00000273   Thumb Code     0  startup_lpc17xx.o(.text)
    PLL0_IRQHandler                          0x00000273   Thumb Code     0  startup_lpc17xx.o(.text)
    PLL1_IRQHandler                          0x00000273   Thumb Code     0  startup_lpc17xx.o(.text)
    PWM1_IRQHandler                          0x00000273   Thumb Code     0  startup_lpc17xx.o(.text)
    QEI_IRQHandler                           0x00000273   Thumb Code     0  startup_lpc17xx.o(.text)
    RIT_IRQHandler                           0x00000273   Thumb Code     0  startup_lpc17xx.o(.text)
    RTC_IRQHandler                           0x00000273   Thumb Code     0  startup_lpc17xx.o(.text)
    SPI_IRQHandler                           0x00000273   Thumb Code     0  startup_lpc17xx.o(.text)
    SSP0_IRQHandler                          0x00000273   Thumb Code     0  startup_lpc17xx.o(.text)
    SSP1_IRQHandler                          0x00000273   Thumb Code     0  startup_lpc17xx.o(.text)
    TIMER1_IRQHandler                        0x00000273   Thumb Code     0  startup_lpc17xx.o(.text)
    TIMER2_IRQHandler                        0x00000273   Thumb Code     0  startup_lpc17xx.o(.text)
    TIMER3_IRQHandler                        0x00000273   Thumb Code     0  startup_lpc17xx.o(.text)
    UART1_IRQHandler                         0x00000273   Thumb Code     0  startup_lpc17xx.o(.text)
    UART2_IRQHandler                         0x00000273   Thumb Code     0  startup_lpc17xx.o(.text)
    UART3_IRQHandler                         0x00000273   Thumb Code     0  startup_lpc17xx.o(.text)
    USBActivity_IRQHandler                   0x00000273   Thumb Code     0  startup_lpc17xx.o(.text)
    WDT_IRQHandler                           0x00000273   Thumb Code     0  startup_lpc17xx.o(.text)
    Get_CRC8_Check_Sum                       0x00000279   Thumb Code    22  mf_crc8.o(.text)
    Verify_CRC8_Check_Sum                    0x0000028f   Thumb Code    38  mf_crc8.o(.text)
    Append_CRC8_Check_Sum                    0x000002b5   Thumb Code    28  mf_crc8.o(.text)
    CPU_SR_Save                              0x000002d5   Thumb Code     0  critical.o(.text)
    CPU_SR_Restore                           0x000002dd   Thumb Code     0  critical.o(.text)
    _sputc                                   0x000002e3   Thumb Code    10  _sputc.o(.text)
    _snputc                                  0x000002ed   Thumb Code    16  _snputc.o(.text)
    SystemInit                               0x00000301   Thumb Code   342  system_lpc17xx.o(.text)
    iap_handler                              0x00000471   Thumb Code    92  main.o(.text)
    main                                     0x000004cd   Thumb Code    26  main.o(.text)
    CalcPowLog                               0x00000501   Thumb Code    46  aes.o(.text)
    CalcSBox                                 0x0000052f   Thumb Code    62  aes.o(.text)
    CalcSBoxInv                              0x0000056d   Thumb Code    34  aes.o(.text)
    CycleLeft                                0x0000058f   Thumb Code    18  aes.o(.text)
    CalcCols                                 0x000005a1   Thumb Code    32  aes.o(.text)
    InvMixColumn                             0x000005c1   Thumb Code   152  aes.o(.text)
    SubBytes                                 0x00000659   Thumb Code    24  aes.o(.text)
    InvSubBytesAndXOR                        0x00000671   Thumb Code    28  aes.o(.text)
    InvShiftRows                             0x0000068d   Thumb Code    50  aes.o(.text)
    XORBytes                                 0x000006bf   Thumb Code    24  aes.o(.text)
    CopyBytes                                0x000006d7   Thumb Code    18  aes.o(.text)
    KeyExpansion                             0x000006e9   Thumb Code   140  aes.o(.text)
    KeyExpansionAt88                         0x00000775   Thumb Code   142  aes.o(.text)
    InvCipher                                0x00000803   Thumb Code    90  aes.o(.text)
    aesDecInit                               0x0000085d   Thumb Code    50  aes.o(.text)
    aesDecrypt                               0x0000088f   Thumb Code    48  aes.o(.text)
    aesDecryptBlock                          0x000008bf   Thumb Code    72  aes.o(.text)
    aesDecryptAt88                           0x00000907   Thumb Code   126  aes.o(.text)
    Multiply                                 0x00000985   Thumb Code    44  aes.o(.text)
    DotProduct                               0x000009b1   Thumb Code    36  aes.o(.text)
    MixColumn                                0x000009d5   Thumb Code    66  aes.o(.text)
    ShiftRows                                0x00000a17   Thumb Code    50  aes.o(.text)
    Cipher                                   0x00000a49   Thumb Code   102  aes.o(.text)
    aesEncInit                               0x00000aaf   Thumb Code    40  aes.o(.text)
    aesEncrypt                               0x00000ad7   Thumb Code    34  aes.o(.text)
    aesEncryptBlock                          0x00000af9   Thumb Code    62  aes.o(.text)
    aesEncryptAt88                           0x00000b37   Thumb Code    84  aes.o(.text)
    Get_CRC16_Check_Sum                      0x00000ba1   Thumb Code    38  mf_crc16.o(.text)
    Verify_CRC16_Check_Sum                   0x00000bc7   Thumb Code    58  mf_crc16.o(.text)
    Append_CRC16_Check_Sum                   0x00000c01   Thumb Code    34  mf_crc16.o(.text)
    cfg_unpack_tick                          0x00000c29   Thumb Code   216  cfg_unpack.o(.text)
    iap_entry                                0x00000d55   Thumb Code     4  sbl_iap.o(.text)
    write_data                               0x00000d59   Thumb Code    50  sbl_iap.o(.text)
    prepare_sector                           0x00000d8b   Thumb Code    18  sbl_iap.o(.text)
    erase_sector                             0x00000d9d   Thumb Code    46  sbl_iap.o(.text)
    find_erase_prepare_sector                0x00000dcb   Thumb Code    86  sbl_iap.o(.text)
    write_flash                              0x00000e21   Thumb Code    98  sbl_iap.o(.text)
    erase_user_area                          0x00000e83   Thumb Code    40  sbl_iap.o(.text)
    compare_data                             0x00000eab   Thumb Code    58  sbl_iap.o(.text)
    execute_user_code                        0x00000ee5   Thumb Code    12  sbl_iap.o(.text)
    user_code_present                        0x00000ef1   Thumb Code    36  sbl_iap.o(.text)
    read_flash_data                          0x00000f15   Thumb Code    16  sbl_iap.o(.text)
    write_flash_data                         0x00000f25   Thumb Code    98  sbl_iap.o(.text)
    check_iap_entry_init                     0x00000f87   Thumb Code    30  sbl_iap.o(.text)
    place_aes_key                            0x00000fa5   Thumb Code    28  sbl_iap.o(.text)
    check_iap_entry_pin                      0x00000fc1   Thumb Code   128  sbl_iap.o(.text)
    erase_user_flash                         0x00001041   Thumb Code    38  sbl_iap.o(.text)
    write_programming_done_flag              0x00001067   Thumb Code    70  sbl_iap.o(.text)
    hardware_id_read_flash                   0x000010ad   Thumb Code    10  sbl_iap.o(.text)
    can_subdevice_id_read_flash              0x000010b7   Thumb Code    10  sbl_iap.o(.text)
    WDT_Init                                 0x000010fd   Thumb Code    30  lpc17xx_wdt.o(.text)
    WDT_Feed                                 0x0000111b   Thumb Code    34  lpc17xx_wdt.o(.text)
    WDT_Start                                0x0000113d   Thumb Code    20  lpc17xx_wdt.o(.text)
    WDT_UpdateTimeOut                        0x00001151   Thumb Code    12  lpc17xx_wdt.o(.text)
    WDT_GetCurrentCount                      0x0000115d   Thumb Code     8  lpc17xx_wdt.o(.text)
    WDT_ResetCheck                           0x00001165   Thumb Code    12  lpc17xx_wdt.o(.text)
    WDT_Lock                                 0x00001171   Thumb Code     8  lpc17xx_wdt.o(.text)
    WDT_UnLock                               0x00001179   Thumb Code     8  lpc17xx_wdt.o(.text)
    __I$use$semihosting                      0x00001185   Thumb Code     0  use_no_semi.o(.text)
    __use_no_semihosting_swi                 0x00001185   Thumb Code     2  use_no_semi.o(.text)
    __I$use$fp                               0x00001186   Number         0  usenofp.o(x$fpl$usenofp)
    __semihosting_library_function           0x00001187   Thumb Code     0  indicate_semi.o(.text)
    key_part1                                0x00001188   Data           4  sbl_iap.o(.ARM.__at_0x1188)
    TIMER0_IRQHandler                        0x0000118d   Thumb Code    16  lpc17xx_timer.o(.text)
    TIMER0_Init                              0x0000119d   Thumb Code    50  lpc17xx_timer.o(.text)
    TIMER0_Start                             0x000011cf   Thumb Code    10  lpc17xx_timer.o(.text)
    TIMER0_Stop                              0x000011d9   Thumb Code    14  lpc17xx_timer.o(.text)
    TIMER0_Reset                             0x000011e7   Thumb Code    14  lpc17xx_timer.o(.text)
    TIMER0_10Ms_Timeout                      0x000011f5   Thumb Code    18  lpc17xx_timer.o(.text)
    usb_bus_off                              0x00001211   Thumb Code    30  usb_composite_app.o(.text)
    usb_bus_on                               0x0000122f   Thumb Code    12  usb_composite_app.o(.text)
    USB_Init_CDC                             0x0000123b   Thumb Code    20  usb_composite_app.o(.text)
    USB_Init_MSC                             0x0000124f   Thumb Code    36  usb_composite_app.o(.text)
    usb_composite_init                       0x00001273   Thumb Code     2  usb_composite_app.o(.text)
    msc_init                                 0x00001275   Thumb Code     4  usb_composite_app.o(.text)
    USB_Reset_Event                          0x00001295   Thumb Code     4  usbuser.o(.text)
    USB_Suspend_Event                        0x00001299   Thumb Code     8  usbuser.o(.text)
    USB_Resume_Event                         0x000012a1   Thumb Code     8  usbuser.o(.text)
    USB_SOF_Event                            0x000012a9   Thumb Code     4  usbuser.o(.text)
    USB_Configure_Event                      0x000012ad   Thumb Code     2  usbuser.o(.text)
    USB_EndPoint1                            0x000012af   Thumb Code     2  usbuser.o(.text)
    USB_EndPoint2                            0x000012b1   Thumb Code    18  usbuser.o(.text)
    USB_EndPoint3                            0x000012c3   Thumb Code     2  usbuser.o(.text)
    USB_EndPoint4                            0x000012c5   Thumb Code     2  usbuser.o(.text)
    USB_EndPoint5                            0x000012c7   Thumb Code    18  usbuser.o(.text)
    USB_EndPoint6                            0x000012d9   Thumb Code     2  usbuser.o(.text)
    USB_EndPoint7                            0x000012db   Thumb Code     2  usbuser.o(.text)
    USB_EndPoint8                            0x000012dd   Thumb Code     2  usbuser.o(.text)
    USB_EndPoint9                            0x000012df   Thumb Code     2  usbuser.o(.text)
    USB_EndPoint10                           0x000012e1   Thumb Code     2  usbuser.o(.text)
    USB_EndPoint11                           0x000012e3   Thumb Code     2  usbuser.o(.text)
    USB_EndPoint12                           0x000012e5   Thumb Code     2  usbuser.o(.text)
    USB_EndPoint13                           0x000012e7   Thumb Code     2  usbuser.o(.text)
    USB_EndPoint14                           0x000012e9   Thumb Code     2  usbuser.o(.text)
    USB_EndPoint15                           0x000012eb   Thumb Code     2  usbuser.o(.text)
    __rt_locale                              0x000012f1   Thumb Code     8  rt_locale_intlibspace.o(.text)
    _printf_fp_dec                           0x000012f9   Thumb Code     4  printf1.o(x$fpl$printf1)
    key_part2                                0x000012fc   Data           4  sbl_iap.o(.ARM.__at_0x12FC)
    cmd_headler_send_command_v1              0x00001301   Thumb Code    58  cfg_handler.o(.text)
    cmd_handler_init_header_v1               0x0000133b   Thumb Code    48  cfg_handler.o(.text)
    cmd_handler_device_info                  0x0000136b   Thumb Code   102  cfg_handler.o(.text)
    cmd_handler_entry_upgrade                0x000013d1   Thumb Code    62  cfg_handler.o(.text)
    cmd_handler_start_upgrade                0x0000140f   Thumb Code   124  cfg_handler.o(.text)
    cmd_handler_data_upgrade                 0x0000148b   Thumb Code   228  cfg_handler.o(.text)
    cmd_handler_end_upgrade                  0x0000156f   Thumb Code   128  cfg_handler.o(.text)
    cmd_handler_reboot                       0x000015ef   Thumb Code    78  cfg_handler.o(.text)
    cmd_handler_status_report                0x0000163d   Thumb Code    64  cfg_handler.o(.text)
    get_command_version                      0x0000167d   Thumb Code     8  cfg_handler.o(.text)
    command_process_v0                       0x00001685   Thumb Code    64  cfg_handler.o(.text)
    command_process_v1                       0x000016c5   Thumb Code   110  cfg_handler.o(.text)
    cfg_status_report                        0x00001733   Thumb Code   300  cfg_handler.o(.text)
    VCOM_Init                                0x00001861   Thumb Code    20  vcom_app.o(.text)
    VCOM_putc                                0x00001875   Thumb Code    26  vcom_app.o(.text)
    VCOM_SendByte                            0x0000188f   Thumb Code    98  vcom_app.o(.text)
    VCOM_sendpackage                         0x000018f1   Thumb Code    82  vcom_app.o(.text)
    SendStr                                  0x00001943   Thumb Code    18  vcom_app.o(.text)
    VCOM_printf                              0x00001955   Thumb Code    34  vcom_app.o(.text)
    VCOM_printf_debug                        0x00001977   Thumb Code     2  vcom_app.o(.text)
    VCOM_getc                                0x00001979   Thumb Code    26  vcom_app.o(.text)
    VCOM_GetByte                             0x00001993   Thumb Code    18  vcom_app.o(.text)
    OutBufAvailBytes                         0x000019a5   Thumb Code    14  vcom_app.o(.text)
    VCOM_Clear                               0x000019b3   Thumb Code    10  vcom_app.o(.text)
    __c89vsprintf                            0x000019d5   Thumb Code    32  c89vsprintf.o(.text)
    __c89vsnprintf                           0x000019f9   Thumb Code    48  c89vsnprintf.o(.text)
    strlen                                   0x00001a2d   Thumb Code    62  strlen.o(.text)
    exit                                     0x00001a6b   Thumb Code    12  exit.o(.text)
    key_part3                                0x00001a78   Data           4  sbl_iap.o(.ARM.__at_0x1a78)
    __aeabi_memcpy                           0x00001a7d   Thumb Code     0  rt_memcpy_v6.o(.text)
    __rt_memcpy                              0x00001a7d   Thumb Code   138  rt_memcpy_v6.o(.text)
    _memcpy_lastbytes                        0x00001ae3   Thumb Code     0  rt_memcpy_v6.o(.text)
    __aeabi_memclr4                          0x00001b07   Thumb Code     0  rt_memclr_w.o(.text)
    __aeabi_memclr8                          0x00001b07   Thumb Code     0  rt_memclr_w.o(.text)
    __rt_memclr_w                            0x00001b07   Thumb Code    78  rt_memclr_w.o(.text)
    _memset_w                                0x00001b0b   Thumb Code     0  rt_memclr_w.o(.text)
    _printf_pre_padding                      0x00001b55   Thumb Code    46  _printf_pad.o(.text)
    _printf_post_padding                     0x00001b83   Thumb Code    36  _printf_pad.o(.text)
    _printf_truncate_signed                  0x00001ba7   Thumb Code    18  _printf_truncate.o(.text)
    _printf_truncate_unsigned                0x00001bb9   Thumb Code    18  _printf_truncate.o(.text)
    _printf_str                              0x00001bcb   Thumb Code    82  _printf_str.o(.text)
    _printf_charcount                        0x00001c1d   Thumb Code    42  _printf_charcount.o(.text)
    _sys_exit                                0x00001c49   Thumb Code     8  sys_exit.o(.text)
    key_part4                                0x00001c54   Data           4  sbl_iap.o(.ARM.__at_0x1c54)
    MD5Init                                  0x00001c59   Thumb Code    28  mf_md5.o(.text)
    MD5Decode                                0x00001c75   Thumb Code    32  mf_md5.o(.text)
    MD5Transform                             0x00001c95   Thumb Code  1626  mf_md5.o(.text)
    MD5Update                                0x000022ef   Thumb Code   128  mf_md5.o(.text)
    MD5Encode                                0x0000236f   Thumb Code    50  mf_md5.o(.text)
    MD5Final                                 0x000023a1   Thumb Code    70  mf_md5.o(.text)
    UART0_SendByte                           0x00002451   Thumb Code    76  lpc17xx_uart.o(.text)
    uart_printf                              0x0000249d   Thumb Code    54  lpc17xx_uart.o(.text)
    UART0_BufClr                             0x000024d3   Thumb Code    34  lpc17xx_uart.o(.text)
    UARTS_Init                               0x000025eb   Thumb Code     6  lpc17xx_uart.o(.text)
    UART0_putchar                            0x000025f1   Thumb Code    12  lpc17xx_uart.o(.text)
    UART0_getchar                            0x000025fd   Thumb Code    12  lpc17xx_uart.o(.text)
    UART0_send_pack                          0x00002609   Thumb Code   138  lpc17xx_uart.o(.text)
    UART0_ReicieveByte                       0x00002693   Thumb Code    50  lpc17xx_uart.o(.text)
    UART0_IRQHandler                         0x000026c5   Thumb Code   106  lpc17xx_uart.o(.text)
    CDC_RdOutBuf                             0x0000274d   Thumb Code    52  cdcuser.o(.text)
    CDC_WrOutBuf                             0x00002781   Thumb Code    62  cdcuser.o(.text)
    CDC_RdInBuf                              0x000027bf   Thumb Code    52  cdcuser.o(.text)
    CDC_WrInBuf                              0x000027f3   Thumb Code    62  cdcuser.o(.text)
    CDC_OutBufAvailChar                      0x00002831   Thumb Code    18  cdcuser.o(.text)
    CDC_Init                                 0x00002843   Thumb Code    22  cdcuser.o(.text)
    CDC_SendEncapsulatedCommand              0x00002859   Thumb Code     4  cdcuser.o(.text)
    CDC_GetEncapsulatedResponse              0x0000285d   Thumb Code     4  cdcuser.o(.text)
    CDC_SetCommFeature                       0x00002861   Thumb Code     4  cdcuser.o(.text)
    CDC_GetCommFeature                       0x00002865   Thumb Code     4  cdcuser.o(.text)
    CDC_ClearCommFeature                     0x00002869   Thumb Code     4  cdcuser.o(.text)
    CDC_SetLineCoding                        0x0000286d   Thumb Code     4  cdcuser.o(.text)
    CDC_GetLineCoding                        0x00002871   Thumb Code    38  cdcuser.o(.text)
    CDC_SetControlLineState                  0x00002897   Thumb Code     4  cdcuser.o(.text)
    CDC_SendBreak                            0x0000289b   Thumb Code     4  cdcuser.o(.text)
    CDC_BulkIn                               0x0000289f   Thumb Code    62  cdcuser.o(.text)
    CDC_BulkOut                              0x000028dd   Thumb Code    84  cdcuser.o(.text)
    CDC_StartOfFrame                         0x00002931   Thumb Code    24  cdcuser.o(.text)
    CDC_NotificationIn                       0x00002949   Thumb Code    48  cdcuser.o(.text)
    USB_ResetCore                            0x0000298d   Thumb Code    22  usbcore.o(.text)
    USB_SetupStage                           0x000029a3   Thumb Code    10  usbcore.o(.text)
    USB_DataInStage                          0x000029ad   Thumb Code    36  usbcore.o(.text)
    USB_DataOutStage                         0x000029d1   Thumb Code    28  usbcore.o(.text)
    USB_StatusInStage                        0x000029ed   Thumb Code    10  usbcore.o(.text)
    USB_StatusOutStage                       0x000029f7   Thumb Code     8  usbcore.o(.text)
    USB_EndPoint0                            0x000029ff   Thumb Code   550  usbcore.o(.text)
    EPAdr                                    0x00002c35   Thumb Code    18  usbhw.o(.text)
    WrCmd                                    0x00002c47   Thumb Code    22  usbhw.o(.text)
    WrCmdDat                                 0x00002c5d   Thumb Code    38  usbhw.o(.text)
    USBHwNakIntEnable                        0x00002c83   Thumb Code     6  usbhw.o(.text)
    WrCmdEP                                  0x00002c89   Thumb Code    54  usbhw.o(.text)
    RdCmdDat                                 0x00002cbf   Thumb Code    26  usbhw.o(.text)
    USB_SetAddress                           0x00002cd9   Thumb Code    28  usbhw.o(.text)
    USB_Reset                                0x00002cf5   Thumb Code    48  usbhw.o(.text)
    USB_Init                                 0x00002d25   Thumb Code    62  usbhw.o(.text)
    USB_Connect                              0x00002d63   Thumb Code    16  usbhw.o(.text)
    USB_Suspend                              0x00002d73   Thumb Code     2  usbhw.o(.text)
    USB_Resume                               0x00002d75   Thumb Code     2  usbhw.o(.text)
    USB_WakeUp                               0x00002d77   Thumb Code    16  usbhw.o(.text)
    USB_WakeUpCfg                            0x00002d87   Thumb Code     2  usbhw.o(.text)
    USB_Configure                            0x00002d89   Thumb Code    42  usbhw.o(.text)
    USB_ConfigEP                             0x00002db3   Thumb Code    54  usbhw.o(.text)
    USB_DirCtrlEP                            0x00002de9   Thumb Code     2  usbhw.o(.text)
    USB_EnableEP                             0x00002deb   Thumb Code    20  usbhw.o(.text)
    USB_DisableEP                            0x00002dff   Thumb Code    20  usbhw.o(.text)
    USB_ResetEP                              0x00002e13   Thumb Code    20  usbhw.o(.text)
    USB_SetStallEP                           0x00002e27   Thumb Code    20  usbhw.o(.text)
    USB_ClrStallEP                           0x00002e3b   Thumb Code    20  usbhw.o(.text)
    USB_ClearEPBuf                           0x00002e4f   Thumb Code     4  usbhw.o(.text)
    USB_ReadEP                               0x00002e53   Thumb Code    82  usbhw.o(.text)
    USB_WriteEP                              0x00002ea5   Thumb Code    66  usbhw.o(.text)
    USB_GetFrame                             0x00002ee7   Thumb Code    30  usbhw.o(.text)
    USB_IRQHandler                           0x00002f05   Thumb Code   214  usbhw.o(.text)
    MSC_SetStallEP                           0x00003035   Thumb Code    38  mscuser.o(.text)
    MSC_Reset                                0x0000305b   Thumb Code    18  mscuser.o(.text)
    MSC_GetMaxLUN                            0x0000306d   Thumb Code    10  mscuser.o(.text)
    MSC_MemoryRead                           0x00003077   Thumb Code    84  mscuser.o(.text)
    MSC_SetCSW                               0x000030cb   Thumb Code    24  mscuser.o(.text)
    MSC_MemoryWrite                          0x000030e3   Thumb Code   114  mscuser.o(.text)
    MSC_MemoryVerify                         0x00003155   Thumb Code    98  mscuser.o(.text)
    MSC_RWSetup                              0x000031b7   Thumb Code   122  mscuser.o(.text)
    DataInFormat                             0x00003231   Thumb Code    40  mscuser.o(.text)
    DataInTransfer                           0x00003259   Thumb Code    54  mscuser.o(.text)
    MSC_TestUnitReady                        0x0000328f   Thumb Code    38  mscuser.o(.text)
    MSC_RequestSense                         0x000032b5   Thumb Code    70  mscuser.o(.text)
    MSC_Inquiry                              0x000032fb   Thumb Code   136  mscuser.o(.text)
    MSC_ModeSense6                           0x00003383   Thumb Code    40  mscuser.o(.text)
    MSC_ModeSense10                          0x000033ab   Thumb Code    48  mscuser.o(.text)
    MSC_ReadCapacity                         0x000033db   Thumb Code    58  mscuser.o(.text)
    MSC_ReadFormatCapacity                   0x00003415   Thumb Code    92  mscuser.o(.text)
    MSC_GetCBW                               0x00003471   Thumb Code   322  mscuser.o(.text)
    MSC_BulkIn                               0x000035b3   Thumb Code    60  mscuser.o(.text)
    MSC_BulkOut                              0x000035ef   Thumb Code    84  mscuser.o(.text)
    Virtual_Disk_Read                        0x00003643   Thumb Code   142  mscuser.o(.text)
    Virtual_Disk_Write                       0x000036d1   Thumb Code    28  mscuser.o(.text)
    _printf_int_dec                          0x00003701   Thumb Code   102  _printf_dec.o(.text)
    _printf_char_common                      0x00003783   Thumb Code    32  _printf_char_common.o(.text)
    _printf_wctomb                           0x000037a9   Thumb Code   182  _printf_wctomb.o(.text)
    _printf_longlong_dec                     0x00003865   Thumb Code   104  _printf_longlong_dec.o(.text)
    _printf_longlong_oct                     0x000038dd   Thumb Code    76  _printf_oct_int_ll.o(.text)
    _printf_int_oct                          0x00003929   Thumb Code    24  _printf_oct_int_ll.o(.text)
    _printf_ll_oct                           0x00003941   Thumb Code    12  _printf_oct_int_ll.o(.text)
    _printf_longlong_hex                     0x00003955   Thumb Code    92  _printf_hex_int_ll_ptr.o(.text)
    _printf_int_hex                          0x000039b1   Thumb Code    28  _printf_hex_int_ll_ptr.o(.text)
    _printf_ll_hex                           0x000039cd   Thumb Code    12  _printf_hex_int_ll_ptr.o(.text)
    _printf_hex_ptr                          0x000039d9   Thumb Code    18  _printf_hex_int_ll_ptr.o(.text)
    __printf                                 0x000039f1   Thumb Code   390  __printf_flags_ss_wp.o(.text)
    __aeabi_memcpy4                          0x00003b7d   Thumb Code     0  rt_memcpy_w.o(.text)
    __aeabi_memcpy8                          0x00003b7d   Thumb Code     0  rt_memcpy_w.o(.text)
    __rt_memcpy_w                            0x00003b7d   Thumb Code   100  rt_memcpy_w.o(.text)
    _memcpy_lastbytes_aligned                0x00003bc5   Thumb Code     0  rt_memcpy_w.o(.text)
    _ll_udiv10                               0x00003be1   Thumb Code   138  lludiv10.o(.text)
    _printf_int_common                       0x00003c6b   Thumb Code   184  _printf_intcommon.o(.text)
    __lib_sel_fp_printf                      0x00003d23   Thumb Code     2  _printf_fp_dec.o(.text)
    _printf_fp_dec_real                      0x00003ecf   Thumb Code   628  _printf_fp_dec.o(.text)
    _printf_cs_common                        0x00004143   Thumb Code    20  _printf_char.o(.text)
    _printf_char                             0x00004157   Thumb Code    16  _printf_char.o(.text)
    _printf_string                           0x00004167   Thumb Code     8  _printf_char.o(.text)
    _printf_lcs_common                       0x0000416f   Thumb Code    20  _printf_wchar.o(.text)
    _printf_wchar                            0x00004183   Thumb Code    16  _printf_wchar.o(.text)
    _printf_wstring                          0x00004193   Thumb Code     8  _printf_wchar.o(.text)
    _wcrtomb                                 0x0000419b   Thumb Code    64  _wcrtomb.o(.text)
    __rt_ctype_table                         0x000041dd   Thumb Code    16  rt_ctype_table.o(.text)
    _printf_fp_infnan                        0x000041ed   Thumb Code   112  _printf_fp_infnan.o(.text)
    _btod_etento                             0x0000426d   Thumb Code   222  bigflt0.o(.text)
    strcmp                                   0x00004351   Thumb Code   128  strcmpv7m.o(.text)
    _btod_d2e                                0x000043d1   Thumb Code    62  btod.o(CL$$btod_d2e)
    _d2e_denorm_low                          0x0000440f   Thumb Code    70  btod.o(CL$$btod_d2e_denorm_low)
    _d2e_norm_op1                            0x00004455   Thumb Code    96  btod.o(CL$$btod_d2e_norm_op1)
    __btod_div_common                        0x000044b5   Thumb Code   696  btod.o(CL$$btod_div_common)
    _e2e                                     0x000047ed   Thumb Code   198  btod.o(CL$$btod_e2e)
    _btod_ediv                               0x000048b3   Thumb Code    40  btod.o(CL$$btod_ediv)
    _btod_emul                               0x000048db   Thumb Code    40  btod.o(CL$$btod_emul)
    __btod_mult_common                       0x00004903   Thumb Code   580  btod.o(CL$$btod_mult_common)
    USB_ReqGetDescriptor                     0x00004b49   Thumb Code   118  usbcore.o(i.USB_ReqGetDescriptor)
    USB_ReqGetStatus                         0x00004bd1   Thumb Code   116  usbcore.o(i.USB_ReqGetStatus)
    USB_ReqSetClrFeature                     0x00004c4d   Thumb Code   180  usbcore.o(i.USB_ReqSetClrFeature)
    USB_ReqSetConfiguration                  0x00004d0d   Thumb Code   352  usbcore.o(i.USB_ReqSetConfiguration)
    USB_ReqSetInterface                      0x00004e75   Thumb Code   260  usbcore.o(i.USB_ReqSetInterface)
    __ARM_fpclassify                         0x00004f81   Thumb Code    40  fpclassify.o(i.__ARM_fpclassify)
    _is_digit                                0x00004fa9   Thumb Code    14  __printf_wp.o(i._is_digit)
    _get_lc_numeric                          0x00004fb9   Thumb Code    44  lc_numeric_c.o(locale$$code)
    _get_lc_ctype                            0x00004fe5   Thumb Code    44  lc_ctype_c.o(locale$$code)
    row                                      0x00005010   Data           8  aes.o(.constdata)
    kTable                                   0x00005018   Data          32  aes.o(.constdata)
    kTableAt88                               0x00005038   Data          32  aes.o(.constdata)
    CRC8_TAB                                 0x00005058   Data         256  mf_crc8.o(.constdata)
    wCRC_Table                               0x00005158   Data         512  mf_crc16.o(.constdata)
    cmd_handler_array_v0                     0x00005358   Data           8  cfg_handler.o(.constdata)
    cmd_handler_array_v1                     0x00005360   Data          64  cfg_handler.o(.constdata)
    sector_start_map                         0x000053a0   Data         120  sbl_iap.o(.constdata)
    sector_end_map                           0x00005418   Data         120  sbl_iap.o(.constdata)
    USB_DeviceDescriptor_MSC                 0x00005490   Data          18  usbdesc.o(.constdata)
    USB_ConfigDescriptor_MSC                 0x000054a2   Data          33  usbdesc.o(.constdata)
    USB_StringDescriptor                     0x000054c3   Data         140  usbdesc.o(.constdata)
    USB_P_EP                                 0x00005550   Data          64  usbuser.o(.constdata)
    BootSect                                 0x00005590   Data          30  mscuser.o(.constdata)
    RootDirEntry                             0x000055ae   Data          64  mscuser.o(.constdata)
    Virtual_Context2                         0x000055ee   Data        1024  mscuser.o(.constdata)
    Region$$Table$$Base                      0x00005ac8   Number         0  anon$$obj.o(Region$$Table)
    Region$$Table$$Limit                     0x00005ae8   Number         0  anon$$obj.o(Region$$Table)
    __ctype                                  0x00005b11   Data           0  lc_ctype_c.o(locale$$data)
    SystemFrequency                          0x10000000   Data           4  system_lpc17xx.o(.data)
    g_device_status                          0x10000004   Data           4  main.o(.data)
    powTbl                                   0x10000008   Data           4  aes.o(.data)
    logTbl                                   0x1000000c   Data           4  aes.o(.data)
    sBox                                     0x10000010   Data           4  aes.o(.data)
    sBoxInv                                  0x10000014   Data           4  aes.o(.data)
    expandedKey                              0x10000018   Data           4  aes.o(.data)
    PADDING                                  0x10000030   Data          64  mf_md5.o(.data)
    cclk                                     0x10000070   Data           4  sbl_iap.o(.data)
    flash_address                            0x10000074   Data           4  sbl_iap.o(.data)
    byte_ctr                                 0x10000078   Data           4  sbl_iap.o(.data)
    CDC_SerialState                          0x10000084   Data           2  cdcuser.o(.data)
    CDC_DepInEmpty                           0x10000086   Data           2  cdcuser.o(.data)
    CDC_DepOutPending                        0x10000088   Data           2  cdcuser.o(.data)
    CDC_Interrupt_counter                    0x1000008c   Data           4  cdcuser.o(.data)
    last_CDC_Interrupt_counter               0x10000090   Data           4  cdcuser.o(.data)
    connect_counter                          0x10000094   Data           4  cdcuser.o(.data)
    CDC_LineCoding                           0x10000098   Data           7  cdcuser.o(.data)
    usb_on_flag                              0x1000009f   Data           1  usb_composite_app.o(.data)
    var_USB_MSC_IF_NUM                       0x100000a0   Data           1  usbcore.o(.data)
    USB_DeviceAddress                        0x100000a1   Data           1  usbcore.o(.data)
    USB_Configuration                        0x100000a2   Data           1  usbcore.o(.data)
    USB_NumInterfaces                        0x100000a3   Data           1  usbcore.o(.data)
    USB_DeviceStatus                         0x100000a4   Data           2  usbcore.o(.data)
    USB_AltSetting                           0x100000a6   Data           3  usbcore.o(.data)
    USB_EndPointMask                         0x100000ac   Data           4  usbcore.o(.data)
    USB_EndPointHalt                         0x100000b0   Data           4  usbcore.o(.data)
    USB_EndPointStall                        0x100000b4   Data           4  usbcore.o(.data)
    EP0Data                                  0x100000b8   Data           8  usbcore.o(.data)
    SetupPacket                              0x100000c0   Data           8  usbcore.o(.data)
    USB_DeviceDescriptor                     0x100000c8   Data          18  usbdesc.o(.data)
    USB_ConfigDescriptor                     0x100000da   Data          76  usbdesc.o(.data)
    usb_connected                            0x10000128   Data           4  usbuser.o(.data)
    BulkStage                                0x1000012c   Data           1  mscuser.o(.data)
    BulkLen                                  0x1000012d   Data           1  mscuser.o(.data)
    MemOK                                    0x10000130   Data           4  mscuser.o(.data)
    MSC_BlockCount                           0x10000134   Data           4  mscuser.o(.data)
    Block                                    0x10000138   Data           4  mscuser.o(.data)
    Offset                                   0x1000013c   Data           4  mscuser.o(.data)
    Length                                   0x10000140   Data           4  mscuser.o(.data)
    Virtual_FatTable                         0x10000144   Data           5  mscuser.o(.data)
    block1                                   0x100002d0   Data         256  aes.o(.bss)
    block2                                   0x100003d0   Data         256  aes.o(.bss)
    tempbuf                                  0x100004d0   Data         256  aes.o(.bss)
    chainBlock                               0x100005d0   Data          16  aes.o(.bss)
    md5                                      0x100009e0   Data          88  mf_md5.o(.bss)
    TmpBuf                                   0x10000a38   Data          64  mf_md5.o(.bss)
    param_table                              0x10000a78   Data          20  sbl_iap.o(.bss)
    result_table                             0x10000a8c   Data          20  sbl_iap.o(.bss)
    flash_buf                                0x10000aa0   Data         256  sbl_iap.o(.bss)
    UART0_tx_buf                             0x10000ba0   Data          16  lpc17xx_uart.o(.bss)
    UART0_rx_buf                             0x10000bb0   Data          16  lpc17xx_uart.o(.bss)
    tx_buffer0                               0x10000bc0   Data         256  lpc17xx_uart.o(.bss)
    rx_buffer0                               0x10000cc0   Data         256  lpc17xx_uart.o(.bss)
    BulkBufIn                                0x10000dc0   Data          64  cdcuser.o(.bss)
    BulkBufOut                               0x10000e00   Data          64  cdcuser.o(.bss)
    NotificationBuf                          0x10000e40   Data          10  cdcuser.o(.bss)
    EP0Buf                                   0x10000e4a   Data          64  usbcore.o(.bss)
    CDC_OutBuf                               0x10000f10   Data         520  vcom_buf.o(.bss)
    CDC_InBuf                                0x10001118   Data         520  vcom_buf.o(.bss)
    BulkBuf                                  0x10001320   Data          64  mscuser.o(.bss)
    CBW                                      0x10001360   Data          31  mscuser.o(.bss)
    CSW                                      0x1000137f   Data          13  mscuser.o(.bss)
    __libspace_start                         0x1000138c   Data          96  libspace.o(.bss)
    __temporary_stack_top$libspace           0x100013ec   Data           0  libspace.o(.bss)
    Image$$ARM_LIB_HEAP$$ZI$$Base            0x10006000   Number         0  anon$$obj.o(ARM_LIB_HEAP.bss)
    Image$$ARM_LIB_HEAP$$ZI$$Limit           0x10006300   Number         0  anon$$obj.o(ARM_LIB_HEAP.bss)
    Image$$ARM_LIB_STACK$$Base               0x10006300   Number         0  anon$$obj.o(linker$$defined$$symbols)
    Image$$ARM_LIB_STACK$$ZI$$Limit          0x10007f60   Number         0  anon$$obj.o(ARM_LIB_STACK.bss)



==============================================================================

Memory Map of the image

  Image Entry point : 0x000000cd

  Load Region LR_IROM1 (Base: 0x00000000, Size: 0x00005ee4, Max: 0x00006000, ABSOLUTE, COMPRESSED[0x00005c8c])

    Execution Region ER_IROM1 (Base: 0x00000000, Size: 0x00005c14, Max: 0x00006000, ABSOLUTE)

    Base Addr    Size         Type   Attr      Idx    E Section Name        Object

    0x00000000   0x000000cc   Data   RO           58    RESET               startup_lpc17xx.o
    0x000000cc   0x00000008   Code   RO         1073  * !!!main             c_w.l(__main.o)
    0x000000d4   0x00000034   Code   RO         1400    !!!scatter          c_w.l(__scatter.o)
    0x00000108   0x0000005a   Code   RO         1398    !!dczerorl2         c_w.l(__dczerorl2.o)
    0x00000162   0x00000002   PAD
    0x00000164   0x0000001c   Code   RO         1402    !!handler_zi        c_w.l(__scatter_zi.o)
    0x00000180   0x00000000   Code   RO         1159    .ARM.Collect$$_printf_percent$$00000000  c_w.l(_printf_percent.o)
    0x00000180   0x00000006   Code   RO         1148    .ARM.Collect$$_printf_percent$$00000001  c_w.l(_printf_n.o)
    0x00000186   0x00000006   Code   RO         1150    .ARM.Collect$$_printf_percent$$00000002  c_w.l(_printf_p.o)
    0x0000018c   0x00000006   Code   RO         1155    .ARM.Collect$$_printf_percent$$00000003  c_w.l(_printf_f.o)
    0x00000192   0x00000006   Code   RO         1156    .ARM.Collect$$_printf_percent$$00000004  c_w.l(_printf_e.o)
    0x00000198   0x00000006   Code   RO         1157    .ARM.Collect$$_printf_percent$$00000005  c_w.l(_printf_g.o)
    0x0000019e   0x00000006   Code   RO         1158    .ARM.Collect$$_printf_percent$$00000006  c_w.l(_printf_a.o)
    0x000001a4   0x0000000a   Code   RO         1163    .ARM.Collect$$_printf_percent$$00000007  c_w.l(_printf_ll.o)
    0x000001ae   0x00000006   Code   RO         1152    .ARM.Collect$$_printf_percent$$00000008  c_w.l(_printf_i.o)
    0x000001b4   0x00000006   Code   RO         1153    .ARM.Collect$$_printf_percent$$00000009  c_w.l(_printf_d.o)
    0x000001ba   0x00000006   Code   RO         1154    .ARM.Collect$$_printf_percent$$0000000A  c_w.l(_printf_u.o)
    0x000001c0   0x00000006   Code   RO         1151    .ARM.Collect$$_printf_percent$$0000000B  c_w.l(_printf_o.o)
    0x000001c6   0x00000006   Code   RO         1149    .ARM.Collect$$_printf_percent$$0000000C  c_w.l(_printf_x.o)
    0x000001cc   0x00000006   Code   RO         1160    .ARM.Collect$$_printf_percent$$0000000D  c_w.l(_printf_lli.o)
    0x000001d2   0x00000006   Code   RO         1161    .ARM.Collect$$_printf_percent$$0000000E  c_w.l(_printf_lld.o)
    0x000001d8   0x00000006   Code   RO         1162    .ARM.Collect$$_printf_percent$$0000000F  c_w.l(_printf_llu.o)
    0x000001de   0x00000006   Code   RO         1167    .ARM.Collect$$_printf_percent$$00000010  c_w.l(_printf_llo.o)
    0x000001e4   0x00000006   Code   RO         1168    .ARM.Collect$$_printf_percent$$00000011  c_w.l(_printf_llx.o)
    0x000001ea   0x0000000a   Code   RO         1164    .ARM.Collect$$_printf_percent$$00000012  c_w.l(_printf_l.o)
    0x000001f4   0x00000006   Code   RO         1146    .ARM.Collect$$_printf_percent$$00000013  c_w.l(_printf_c.o)
    0x000001fa   0x00000006   Code   RO         1147    .ARM.Collect$$_printf_percent$$00000014  c_w.l(_printf_s.o)
    0x00000200   0x00000006   Code   RO         1165    .ARM.Collect$$_printf_percent$$00000015  c_w.l(_printf_lc.o)
    0x00000206   0x00000006   Code   RO         1166    .ARM.Collect$$_printf_percent$$00000016  c_w.l(_printf_ls.o)
    0x0000020c   0x00000004   Code   RO         1205    .ARM.Collect$$_printf_percent$$00000017  c_w.l(_printf_percent_end.o)
    0x00000210   0x00000002   Code   RO         1254    .ARM.Collect$$libinit$$00000000  c_w.l(libinit.o)
    0x00000212   0x00000000   Code   RO         1273    .ARM.Collect$$libinit$$00000002  c_w.l(libinit2.o)
    0x00000212   0x00000000   Code   RO         1276    .ARM.Collect$$libinit$$00000008  c_w.l(libinit2.o)
    0x00000212   0x00000000   Code   RO         1278    .ARM.Collect$$libinit$$0000000A  c_w.l(libinit2.o)
    0x00000212   0x00000000   Code   RO         1280    .ARM.Collect$$libinit$$0000000C  c_w.l(libinit2.o)
    0x00000212   0x00000006   Code   RO         1281    .ARM.Collect$$libinit$$0000000D  c_w.l(libinit2.o)
    0x00000218   0x00000000   Code   RO         1283    .ARM.Collect$$libinit$$0000000F  c_w.l(libinit2.o)
    0x00000218   0x0000000c   Code   RO         1284    .ARM.Collect$$libinit$$00000010  c_w.l(libinit2.o)
    0x00000224   0x00000000   Code   RO         1285    .ARM.Collect$$libinit$$00000011  c_w.l(libinit2.o)
    0x00000224   0x00000000   Code   RO         1287    .ARM.Collect$$libinit$$00000013  c_w.l(libinit2.o)
    0x00000224   0x0000000a   Code   RO         1288    .ARM.Collect$$libinit$$00000014  c_w.l(libinit2.o)
    0x0000022e   0x00000000   Code   RO         1289    .ARM.Collect$$libinit$$00000015  c_w.l(libinit2.o)
    0x0000022e   0x00000000   Code   RO         1291    .ARM.Collect$$libinit$$00000017  c_w.l(libinit2.o)
    0x0000022e   0x00000000   Code   RO         1293    .ARM.Collect$$libinit$$00000019  c_w.l(libinit2.o)
    0x0000022e   0x00000000   Code   RO         1295    .ARM.Collect$$libinit$$0000001B  c_w.l(libinit2.o)
    0x0000022e   0x00000000   Code   RO         1297    .ARM.Collect$$libinit$$0000001D  c_w.l(libinit2.o)
    0x0000022e   0x00000000   Code   RO         1299    .ARM.Collect$$libinit$$0000001F  c_w.l(libinit2.o)
    0x0000022e   0x00000000   Code   RO         1301    .ARM.Collect$$libinit$$00000021  c_w.l(libinit2.o)
    0x0000022e   0x00000000   Code   RO         1303    .ARM.Collect$$libinit$$00000023  c_w.l(libinit2.o)
    0x0000022e   0x00000000   Code   RO         1307    .ARM.Collect$$libinit$$0000002A  c_w.l(libinit2.o)
    0x0000022e   0x00000000   Code   RO         1309    .ARM.Collect$$libinit$$0000002C  c_w.l(libinit2.o)
    0x0000022e   0x00000000   Code   RO         1311    .ARM.Collect$$libinit$$0000002E  c_w.l(libinit2.o)
    0x0000022e   0x00000000   Code   RO         1313    .ARM.Collect$$libinit$$00000030  c_w.l(libinit2.o)
    0x0000022e   0x00000002   Code   RO         1314    .ARM.Collect$$libinit$$00000031  c_w.l(libinit2.o)
    0x00000230   0x00000002   Code   RO         1341    .ARM.Collect$$libshutdown$$00000000  c_w.l(libshutdown.o)
    0x00000232   0x00000000   Code   RO         1352    .ARM.Collect$$libshutdown$$00000003  c_w.l(libshutdown2.o)
    0x00000232   0x00000000   Code   RO         1355    .ARM.Collect$$libshutdown$$00000006  c_w.l(libshutdown2.o)
    0x00000232   0x00000000   Code   RO         1358    .ARM.Collect$$libshutdown$$00000009  c_w.l(libshutdown2.o)
    0x00000232   0x00000000   Code   RO         1360    .ARM.Collect$$libshutdown$$0000000B  c_w.l(libshutdown2.o)
    0x00000232   0x00000000   Code   RO         1363    .ARM.Collect$$libshutdown$$0000000E  c_w.l(libshutdown2.o)
    0x00000232   0x00000002   Code   RO         1364    .ARM.Collect$$libshutdown$$0000000F  c_w.l(libshutdown2.o)
    0x00000234   0x00000000   Code   RO         1075    .ARM.Collect$$rtentry$$00000000  c_w.l(rtentry.o)
    0x00000234   0x00000000   Code   RO         1174    .ARM.Collect$$rtentry$$00000002  c_w.l(rtentry2.o)
    0x00000234   0x00000004   Code   RO         1188    .ARM.Collect$$rtentry$$00000007  c_w.l(rtentry7.o)
    0x00000238   0x00000000   Code   RO         1176    .ARM.Collect$$rtentry$$00000009  c_w.l(rtentry2.o)
    0x00000238   0x00000004   Code   RO         1177    .ARM.Collect$$rtentry$$0000000A  c_w.l(rtentry2.o)
    0x0000023c   0x00000000   Code   RO         1179    .ARM.Collect$$rtentry$$0000000C  c_w.l(rtentry2.o)
    0x0000023c   0x00000008   Code   RO         1180    .ARM.Collect$$rtentry$$0000000D  c_w.l(rtentry2.o)
    0x00000244   0x00000004   Code   RO         1189    .ARM.Collect$$rtentry$$00002718  c_w.l(rtentry7.o)
    0x00000248   0x00000002   Code   RO         1265    .ARM.Collect$$rtexit$$00000000  c_w.l(rtexit.o)
    0x0000024a   0x00000000   Code   RO         1323    .ARM.Collect$$rtexit$$00000002  c_w.l(rtexit2.o)
    0x0000024a   0x00000004   Code   RO         1324    .ARM.Collect$$rtexit$$00000003  c_w.l(rtexit2.o)
    0x0000024e   0x00000006   Code   RO         1325    .ARM.Collect$$rtexit$$00000004  c_w.l(rtexit2.o)
    0x00000254   0x00000008   Code   RO          463    .emb_text           sbl_iap.o
    0x0000025c   0x0000001c   Code   RO           60    .text               startup_lpc17xx.o
    0x00000278   0x0000005c   Code   RO          198    .text               mf_crc8.o
    0x000002d4   0x0000000e   Code   RO          431    .text               critical.o
    0x000002e2   0x0000000a   Code   RO         1090    .text               c_w.l(_sputc.o)
    0x000002ec   0x00000010   Code   RO         1092    .text               c_w.l(_snputc.o)
    0x000002fc   0x00000004   Code   RO           59    .ARM.__at_0x02FC    startup_lpc17xx.o
    0x00000300   0x00000170   Code   RO           21    .text               system_lpc17xx.o
    0x00000470   0x00000090   Code   RO           68    .text               main.o
    0x00000500   0x000006a0   Code   RO          180    .text               aes.o
    0x00000ba0   0x00000088   Code   RO          215    .text               mf_crc16.o
    0x00000c28   0x0000012c   Code   RO          239    .text               cfg_unpack.o
    0x00000d54   0x000003a8   Code   RO          464    .text               sbl_iap.o
    0x000010fc   0x00000088   Code   RO          604    .text               lpc17xx_wdt.o
    0x00001184   0x00000002   Code   RO         1319    .text               c_w.l(use_no_semi.o)
    0x00001186   0x00000000   Code   RO         1321    .text               c_w.l(indicate_semi.o)
    0x00001186   0x00000000   Code   RO         1257    x$fpl$usenofp       fz_ws.l(usenofp.o)
    0x00001186   0x00000002   PAD
    0x00001188   0x00000004   Data   RO          465    .ARM.__at_0x1188    sbl_iap.o
    0x0000118c   0x00000084   Code   RO          655    .text               lpc17xx_timer.o
    0x00001210   0x00000084   Code   RO          729    .text               usb_composite_app.o
    0x00001294   0x0000005c   Code   RO          963    .text               usbuser.o
    0x000012f0   0x00000008   Code   RO         1215    .text               c_w.l(rt_locale_intlibspace.o)
    0x000012f8   0x00000004   Code   RO         1171    x$fpl$printf1       fz_ws.l(printf1.o)
    0x000012fc   0x00000004   Data   RO          466    .ARM.__at_0x12FC    sbl_iap.o
    0x00001300   0x0000055e   Code   RO          333    .text               cfg_handler.o
    0x0000185e   0x00000002   PAD
    0x00001860   0x00000174   Code   RO          984    .text               vcom_app.o
    0x000019d4   0x00000024   Code   RO         1063    .text               c_w.l(c89vsprintf.o)
    0x000019f8   0x00000034   Code   RO         1065    .text               c_w.l(c89vsnprintf.o)
    0x00001a2c   0x0000003e   Code   RO         1067    .text               c_w.l(strlen.o)
    0x00001a6a   0x0000000c   Code   RO         1247    .text               c_w.l(exit.o)
    0x00001a76   0x00000002   PAD
    0x00001a78   0x00000004   Data   RO          467    .ARM.__at_0x1a78    sbl_iap.o
    0x00001a7c   0x0000008a   Code   RO         1069    .text               c_w.l(rt_memcpy_v6.o)
    0x00001b06   0x0000004e   Code   RO         1071    .text               c_w.l(rt_memclr_w.o)
    0x00001b54   0x00000052   Code   RO         1078    .text               c_w.l(_printf_pad.o)
    0x00001ba6   0x00000024   Code   RO         1080    .text               c_w.l(_printf_truncate.o)
    0x00001bca   0x00000052   Code   RO         1082    .text               c_w.l(_printf_str.o)
    0x00001c1c   0x0000002a   Code   RO         1086    .text               c_w.l(_printf_charcount.o)
    0x00001c46   0x00000002   PAD
    0x00001c48   0x0000000c   Code   RO         1333    .text               c_w.l(sys_exit.o)
    0x00001c54   0x00000004   Data   RO          468    .ARM.__at_0x1c54    sbl_iap.o
    0x00001c58   0x000007f8   Code   RO          373    .text               mf_md5.o
    0x00002450   0x000002fc   Code   RO          541    .text               lpc17xx_uart.o
    0x0000274c   0x00000240   Code   RO          685    .text               cdcuser.o
    0x0000298c   0x000002a8   Code   RO          813    .text               usbcore.o
    0x00002c34   0x00000400   Code   RO          909    .text               usbhw.o
    0x00003034   0x000006cc   Code   RO         1031    .text               mscuser.o
    0x00003700   0x00000078   Code   RO         1084    .text               c_w.l(_printf_dec.o)
    0x00003778   0x00000030   Code   RO         1088    .text               c_w.l(_printf_char_common.o)
    0x000037a8   0x000000bc   Code   RO         1094    .text               c_w.l(_printf_wctomb.o)
    0x00003864   0x00000078   Code   RO         1097    .text               c_w.l(_printf_longlong_dec.o)
    0x000038dc   0x00000078   Code   RO         1103    .text               c_w.l(_printf_oct_int_ll.o)
    0x00003954   0x0000009c   Code   RO         1123    .text               c_w.l(_printf_hex_int_ll_ptr.o)
    0x000039f0   0x0000018c   Code   RO         1143    .text               c_w.l(__printf_flags_ss_wp.o)
    0x00003b7c   0x00000064   Code   RO         1169    .text               c_w.l(rt_memcpy_w.o)
    0x00003be0   0x0000008a   Code   RO         1193    .text               c_w.l(lludiv10.o)
    0x00003c6a   0x000000b8   Code   RO         1195    .text               c_w.l(_printf_intcommon.o)
    0x00003d22   0x00000420   Code   RO         1197    .text               c_w.l(_printf_fp_dec.o)
    0x00004142   0x0000002c   Code   RO         1201    .text               c_w.l(_printf_char.o)
    0x0000416e   0x0000002c   Code   RO         1203    .text               c_w.l(_printf_wchar.o)
    0x0000419a   0x00000040   Code   RO         1206    .text               c_w.l(_wcrtomb.o)
    0x000041da   0x00000002   PAD
    0x000041dc   0x00000010   Code   RO         1210    .text               c_w.l(rt_ctype_table.o)
    0x000041ec   0x00000080   Code   RO         1217    .text               c_w.l(_printf_fp_infnan.o)
    0x0000426c   0x000000e4   Code   RO         1219    .text               c_w.l(bigflt0.o)
    0x00004350   0x00000080   Code   RO         1270    .text               c_w.l(strcmpv7m.o)
    0x000043d0   0x0000003e   Code   RO         1222    CL$$btod_d2e        c_w.l(btod.o)
    0x0000440e   0x00000046   Code   RO         1224    CL$$btod_d2e_denorm_low  c_w.l(btod.o)
    0x00004454   0x00000060   Code   RO         1223    CL$$btod_d2e_norm_op1  c_w.l(btod.o)
    0x000044b4   0x00000338   Code   RO         1232    CL$$btod_div_common  c_w.l(btod.o)
    0x000047ec   0x000000c6   Code   RO         1229    CL$$btod_e2e        c_w.l(btod.o)
    0x000048b2   0x00000028   Code   RO         1226    CL$$btod_ediv       c_w.l(btod.o)
    0x000048da   0x00000028   Code   RO         1225    CL$$btod_emul       c_w.l(btod.o)
    0x00004902   0x00000244   Code   RO         1231    CL$$btod_mult_common  c_w.l(btod.o)
    0x00004b46   0x00000002   PAD
    0x00004b48   0x00000088   Code   RO          849    i.USB_ReqGetDescriptor  usbcore.o
    0x00004bd0   0x0000007c   Code   RO          844    i.USB_ReqGetStatus  usbcore.o
    0x00004c4c   0x000000c0   Code   RO          826    i.USB_ReqSetClrFeature  usbcore.o
    0x00004d0c   0x00000168   Code   RO          832    i.USB_ReqSetConfiguration  usbcore.o
    0x00004e74   0x0000010c   Code   RO          838    i.USB_ReqSetInterface  usbcore.o
    0x00004f80   0x00000028   Code   RO         1258    i.__ARM_fpclassify  m_ws.l(fpclassify.o)
    0x00004fa8   0x0000000e   Code   RO         1136    i._is_digit         c_w.l(__printf_wp.o)
    0x00004fb6   0x00000002   PAD
    0x00004fb8   0x0000002c   Code   RO         1245    locale$$code        c_w.l(lc_numeric_c.o)
    0x00004fe4   0x0000002c   Code   RO         1268    locale$$code        c_w.l(lc_ctype_c.o)
    0x00005010   0x00000048   Data   RO          182    .constdata          aes.o
    0x00005058   0x00000100   Data   RO          200    .constdata          mf_crc8.o
    0x00005158   0x00000200   Data   RO          216    .constdata          mf_crc16.o
    0x00005358   0x00000048   Data   RO          335    .constdata          cfg_handler.o
    0x000053a0   0x000000f0   Data   RO          471    .constdata          sbl_iap.o
    0x00005490   0x00000012   Data   RO          891    .constdata          usbdesc.o
    0x000054a2   0x00000021   Data   RO          892    .constdata          usbdesc.o
    0x000054c3   0x0000008c   Data   RO          893    .constdata          usbdesc.o
    0x0000554f   0x00000001   PAD
    0x00005550   0x00000040   Data   RO          964    .constdata          usbuser.o
    0x00005590   0x0000045e   Data   RO         1033    .constdata          mscuser.o
    0x000059ee   0x00000002   PAD
    0x000059f0   0x00000008   Data   RO         1095    .constdata          c_w.l(_printf_wctomb.o)
    0x000059f8   0x00000028   Data   RO         1124    .constdata          c_w.l(_printf_hex_int_ll_ptr.o)
    0x00005a20   0x00000011   Data   RO         1144    .constdata          c_w.l(__printf_flags_ss_wp.o)
    0x00005a31   0x00000003   PAD
    0x00005a34   0x00000094   Data   RO         1220    .constdata          c_w.l(bigflt0.o)
    0x00005ac8   0x00000020   Data   RO         1395    Region$$Table       anon$$obj.o
    0x00005ae8   0x0000001c   Data   RO         1244    locale$$data        c_w.l(lc_numeric_c.o)
    0x00005b04   0x00000110   Data   RO         1267    locale$$data        c_w.l(lc_ctype_c.o)


    Execution Region ER_IRAM1 (Base: 0x10000000, Size: 0x000013ec, Max: 0x00006000, ABSOLUTE, COMPRESSED[0x00000078])

    Base Addr    Size         Type   Attr      Idx    E Section Name        Object

    0x10000000   0x00000004   Data   RW           22    .data               system_lpc17xx.o
    0x10000004   0x00000004   Data   RW           69    .data               main.o
    0x10000008   0x00000014   Data   RW          183    .data               aes.o
    0x1000001c   0x00000006   Data   RW          241    .data               cfg_unpack.o
    0x10000022   0x00000002   PAD
    0x10000024   0x0000000c   Data   RW          336    .data               cfg_handler.o
    0x10000030   0x00000040   Data   RW          376    .data               mf_md5.o
    0x10000070   0x0000000c   Data   RW          474    .data               sbl_iap.o
    0x1000007c   0x00000004   Data   RW          543    .data               lpc17xx_uart.o
    0x10000080   0x00000001   Data   RW          605    .data               lpc17xx_wdt.o
    0x10000081   0x00000001   Data   RW          656    .data               lpc17xx_timer.o
    0x10000082   0x00000002   PAD
    0x10000084   0x0000001b   Data   RW          687    .data               cdcuser.o
    0x1000009f   0x00000001   Data   RW          730    .data               usb_composite_app.o
    0x100000a0   0x00000028   Data   RW          815    .data               usbcore.o
    0x100000c8   0x00000012   Data   RW          894    .data               usbdesc.o
    0x100000da   0x0000004c   Data   RW          895    .data               usbdesc.o
    0x10000126   0x00000002   PAD
    0x10000128   0x00000004   Data   RW          965    .data               usbuser.o
    0x1000012c   0x0000001d   Data   RW         1034    .data               mscuser.o
    0x10000149   0x00000007   PAD
    0x10000150   0x00000100   Data   RW          477    ETHERNET_RAM        sbl_iap.o
    0x10000250   0x00000080   Data   RW          544    ETHERNET_RAM        lpc17xx_uart.o
    0x100002d0   0x00000310   Zero   RW          181    .bss                aes.o
    0x100005e0   0x00000200   Zero   RW          240    .bss                cfg_unpack.o
    0x100007e0   0x00000200   Zero   RW          334    .bss                cfg_handler.o
    0x100009e0   0x00000058   Zero   RW          374    .bss                mf_md5.o
    0x10000a38   0x00000040   Zero   RW          375    .bss                mf_md5.o
    0x10000a78   0x00000128   Zero   RW          469    .bss                sbl_iap.o
    0x10000ba0   0x00000220   Zero   RW          542    .bss                lpc17xx_uart.o
    0x10000dc0   0x0000008a   Zero   RW          686    .bss                cdcuser.o
    0x10000e4a   0x00000040   Zero   RW          814    .bss                usbcore.o
    0x10000e8a   0x00000006   PAD
    0x10000e90   0x00000080   Zero   RW          985    .bss                vcom_app.o
    0x10000f10   0x00000208   Zero   RW         1013    .bss                vcom_buf.o
    0x10001118   0x00000208   Zero   RW         1014    .bss                vcom_buf.o
    0x10001320   0x0000006c   Zero   RW         1032    .bss                mscuser.o
    0x1000138c   0x00000060   Zero   RW         1261    .bss                c_w.l(libspace.o)


    Execution Region ARM_LIB_HEAP (Base: 0x10006000, Size: 0x00000300, Max: 0x00000300, ABSOLUTE, UNINIT)

    Base Addr    Size         Type   Attr      Idx    E Section Name        Object

    0x10006000   0x00000300   Zero   RW            1    ARM_LIB_HEAP.bss    anon$$obj.o


    Execution Region ARM_LIB_STACK (Base: 0x10006300, Size: 0x00001c60, Max: 0x00001c60, ABSOLUTE, UNINIT)

    Base Addr    Size         Type   Attr      Idx    E Section Name        Object

    0x10006300   0x00000000   Data   RW         1397    linker$$defined$$symbols  anon$$obj.o
    0x10006300   0x00001c60   Zero   RW            2    ARM_LIB_STACK.bss   anon$$obj.o


==============================================================================

Image component sizes


      Code (inc. data)   RO Data    RW Data    ZI Data      Debug   Object Name

      1696         52         72         20        784       6844   aes.o
       576         20          0         27        138      14229   cdcuser.o
      1374        142         72         12        512       5241   cfg_handler.o
       300         90          0          6        512       2862   cfg_unpack.o
         0          0          0          0          0       4244   core_cm3.o
        14          0          0          0          0        180   critical.o
       132         10          0          1          0      41785   lpc17xx_timer.o
       764         30          0        132        544      29630   lpc17xx_uart.o
       136          4          0          1          0       1725   lpc17xx_wdt.o
       144         26          0          4          0      17797   main.o
       136          6        512          0          0       1551   mf_crc16.o
        92          4        256          0          0       1464   mf_crc8.o
      2040        270          0         64        152       3637   mf_md5.o
      1740         44       1118         29        108       6855   mscuser.o
       944         46        256        268        296       7165   sbl_iap.o
        32          8        204          0          0        864   startup_lpc17xx.o
       368         26          0          4          0        735   system_lpc17xx.o
       132         28          0          1          0      17921   usb_composite_app.o
      1760         90          0         40         64       9380   usbcore.o
         0          0        191         94          0        731   usbdesc.o
      1024         90          0          0          0      29113   usbhw.o
        92          4         64          4          0       3132   usbuser.o
       372         24          0          0        128       3005   vcom_app.o
         0          0          0          0       1040        955   vcom_buf.o

    ----------------------------------------------------------------------
     13870       1014       2780        720      12316     211045   Object Totals
         0          0         32          0       8032          0   (incl. Generated)
         2          0          3         13          6          0   (incl. Padding)

    ----------------------------------------------------------------------

      Code (inc. data)   RO Data    RW Data    ZI Data      Debug   Library Member Name

        90          0          0          0          0          0   __dczerorl2.o
         8          0          0          0          0         68   __main.o
       396          6         17          0          0         92   __printf_flags_ss_wp.o
        14          0          0          0          0         68   __printf_wp.o
        52          8          0          0          0          0   __scatter.o
        28          0          0          0          0          0   __scatter_zi.o
         6          0          0          0          0          0   _printf_a.o
         6          0          0          0          0          0   _printf_c.o
        44          0          0          0          0        108   _printf_char.o
        48          6          0          0          0         96   _printf_char_common.o
        42          0          0          0          0         68   _printf_charcount.o
         6          0          0          0          0          0   _printf_d.o
       120         18          0          0          0         92   _printf_dec.o
         6          0          0          0          0          0   _printf_e.o
         6          0          0          0          0          0   _printf_f.o
      1056          0          0          0          0        216   _printf_fp_dec.o
       128         16          0          0          0         84   _printf_fp_infnan.o
         6          0          0          0          0          0   _printf_g.o
       156          6         40          0          0        160   _printf_hex_int_ll_ptr.o
         6          0          0          0          0          0   _printf_i.o
       184          0          0          0          0         88   _printf_intcommon.o
        10          0          0          0          0          0   _printf_l.o
         6          0          0          0          0          0   _printf_lc.o
        10          0          0          0          0          0   _printf_ll.o
         6          0          0          0          0          0   _printf_lld.o
         6          0          0          0          0          0   _printf_lli.o
         6          0          0          0          0          0   _printf_llo.o
         6          0          0          0          0          0   _printf_llu.o
         6          0          0          0          0          0   _printf_llx.o
       120         16          0          0          0         92   _printf_longlong_dec.o
         6          0          0          0          0          0   _printf_ls.o
         6          0          0          0          0          0   _printf_n.o
         6          0          0          0          0          0   _printf_o.o
       120          8          0          0          0        124   _printf_oct_int_ll.o
         6          0          0          0          0          0   _printf_p.o
        82          0          0          0          0        108   _printf_pad.o
         0          0          0          0          0          0   _printf_percent.o
         4          0          0          0          0          0   _printf_percent_end.o
         6          0          0          0          0          0   _printf_s.o
        82          0          0          0          0         80   _printf_str.o
        36          0          0          0          0         84   _printf_truncate.o
         6          0          0          0          0          0   _printf_u.o
        44          0          0          0          0        108   _printf_wchar.o
       188          6          8          0          0         92   _printf_wctomb.o
         6          0          0          0          0          0   _printf_x.o
        16          0          0          0          0         68   _snputc.o
        10          0          0          0          0         68   _sputc.o
        64          0          0          0          0         92   _wcrtomb.o
       228          6        148          0          0         96   bigflt0.o
      1910        128          0          0          0        672   btod.o
        52          4          0          0          0         80   c89vsnprintf.o
        36          4          0          0          0         76   c89vsprintf.o
        12          0          0          0          0         72   exit.o
         0          0          0          0          0          0   indicate_semi.o
        44         10        272          0          0         76   lc_ctype_c.o
        44         10         28          0          0         76   lc_numeric_c.o
         2          0          0          0          0          0   libinit.o
        30          0          0          0          0          0   libinit2.o
         2          0          0          0          0          0   libshutdown.o
         2          0          0          0          0          0   libshutdown2.o
         0          0          0          0         96          0   libspace.o
       138          0          0          0          0         80   lludiv10.o
        16          4          0          0          0         76   rt_ctype_table.o
         8          4          0          0          0         68   rt_locale_intlibspace.o
        78          0          0          0          0         80   rt_memclr_w.o
       138          0          0          0          0         68   rt_memcpy_v6.o
       100          0          0          0          0         80   rt_memcpy_w.o
         0          0          0          0          0          0   rtentry.o
        12          0          0          0          0          0   rtentry2.o
         8          4          0          0          0          0   rtentry7.o
         2          0          0          0          0          0   rtexit.o
        10          0          0          0          0          0   rtexit2.o
       128          0          0          0          0         68   strcmpv7m.o
        62          0          0          0          0         76   strlen.o
        12          4          0          0          0         68   sys_exit.o
         2          0          0          0          0         68   use_no_semi.o
         4          0          0          0          0         68   printf1.o
         0          0          0          0          0          0   usenofp.o
        40          0          0          0          0         68   fpclassify.o

    ----------------------------------------------------------------------
      6406        268        516          0         96       4072   Library Totals
        14          0          3          0          0          0   (incl. Padding)

    ----------------------------------------------------------------------

      Code (inc. data)   RO Data    RW Data    ZI Data      Debug   Library Name

      6348        268        513          0         96       3936   c_w.l
         4          0          0          0          0         68   fz_ws.l
        40          0          0          0          0         68   m_ws.l

    ----------------------------------------------------------------------
      6406        268        516          0         96       4072   Library Totals

    ----------------------------------------------------------------------

==============================================================================


      Code (inc. data)   RO Data    RW Data    ZI Data      Debug   

     20276       1282       3296        720      12412     209813   Grand Totals
     20276       1282       3296        120      12412     209813   ELF Image Totals (compressed)
     20276       1282       3296        120          0          0   ROM Totals

==============================================================================

    Total RO  Size (Code + RO Data)                23572 (  23.02kB)
    Total RW  Size (RW Data + ZI Data)             13132 (  12.82kB)
    Total ROM Size (Code + RO Data + RW Data)      23692 (  23.14kB)

==============================================================================

